Copyright 1986-2022 Xilinx, Inc. All Rights Reserved. Copyright 2022-2025 Advanced Micro Devices, Inc. All Rights Reserved.
------------------------------------------------------------------------------------------------------------------------------------------------------------------------------------------------------------------------------------------
| Tool Version : Vivado v.2025.2 (win64) Build 6299465 Fri Nov 14 19:35:11 GMT 2025
| Date         : Mon Apr 20 17:17:23 2026
| Host         : VuDuong-32 running 64-bit major release  (build 9200)
| Command      : report_timing_summary -max_paths 10 -routable_nets -report_unconstrained -file mac_engine_timing_summary_routed.rpt -pb mac_engine_timing_summary_routed.pb -rpx mac_engine_timing_summary_routed.rpx -warn_on_violation
| Design       : mac_engine
| Device       : 7k70t-fbv676
| Speed File   : -1  PRODUCTION 1.12 2017-02-17
| Design State : Routed
------------------------------------------------------------------------------------------------------------------------------------------------------------------------------------------------------------------------------------------

Timing Summary Report

------------------------------------------------------------------------------------------------
| Timer Settings
| --------------
------------------------------------------------------------------------------------------------

  Enable Multi Corner Analysis               :  Yes
  Enable Pessimism Removal                   :  Yes
  Pessimism Removal Resolution               :  Nearest Common Node
  Enable Input Delay Default Clock           :  No
  Enable Preset / Clear Arcs                 :  No
  Disable Flight Delays                      :  No
  Ignore I/O Paths                           :  No
  Timing Early Launch at Borrowing Latches   :  No
  Borrow Time for Max Delay Exceptions       :  Yes
  Merge Timing Exceptions                    :  Yes
  Inter-SLR Compensation                     :  Conservative

  Corner  Analyze    Analyze    
  Name    Max Paths  Min Paths  
  ------  ---------  ---------  
  Slow    Yes        Yes        
  Fast    Yes        Yes        


------------------------------------------------------------------------------------------------
| Report Methodology
| ------------------
------------------------------------------------------------------------------------------------

Rule       Severity          Description                  Violations  
---------  ----------------  ---------------------------  ----------  
TIMING-17  Critical Warning  Non-clocked sequential cell  57          

Note: This report is based on the most recent report_methodology run and may not be up-to-date. Run report_methodology on the current design for the latest report.



check_timing report

Table of Contents
-----------------
1. checking no_clock (57)
2. checking constant_clock (0)
3. checking pulse_width_clock (0)
4. checking unconstrained_internal_endpoints (206)
5. checking no_input_delay (26)
6. checking no_output_delay (33)
7. checking multiple_clock (0)
8. checking generated_clocks (0)
9. checking loops (0)
10. checking partial_input_delay (0)
11. checking partial_output_delay (0)
12. checking latch_loops (0)

1. checking no_clock (57)
-------------------------
 There are 57 register/latch pins with no clock driven by root clock pin: clk (HIGH)


2. checking constant_clock (0)
------------------------------
 There are 0 register/latch pins with constant_clock.


3. checking pulse_width_clock (0)
---------------------------------
 There are 0 register/latch pins which need pulse_width check


4. checking unconstrained_internal_endpoints (206)
--------------------------------------------------
 There are 206 pins that are not constrained for maximum delay. (HIGH)

 There are 0 pins that are not constrained for maximum delay due to constant clock.


5. checking no_input_delay (26)
-------------------------------
 There are 26 input ports with no input delay specified. (HIGH)

 There are 0 input ports with no input delay but user has a false path constraint.


6. checking no_output_delay (33)
--------------------------------
 There are 33 ports with no output delay specified. (HIGH)

 There are 0 ports with no output delay but user has a false path constraint

 There are 0 ports with no output delay but with a timing clock defined on it or propagating through it


7. checking multiple_clock (0)
------------------------------
 There are 0 register/latch pins with multiple clocks.


8. checking generated_clocks (0)
--------------------------------
 There are 0 generated clocks that are not connected to a clock source.


9. checking loops (0)
---------------------
 There are 0 combinational loops in the design.


10. checking partial_input_delay (0)
------------------------------------
 There are 0 input ports with partial input delay specified.


11. checking partial_output_delay (0)
-------------------------------------
 There are 0 ports with partial output delay specified.


12. checking latch_loops (0)
----------------------------
 There are 0 combinational latch loops in the design through latch input



------------------------------------------------------------------------------------------------
| Design Timing Summary
| ---------------------
------------------------------------------------------------------------------------------------

    WNS(ns)      TNS(ns)  TNS Failing Endpoints  TNS Total Endpoints      WHS(ns)      THS(ns)  THS Failing Endpoints  THS Total Endpoints     WPWS(ns)     TPWS(ns)  TPWS Failing Endpoints  TPWS Total Endpoints  
    -------      -------  ---------------------  -------------------      -------      -------  ---------------------  -------------------     --------     --------  ----------------------  --------------------  
        inf        0.000                      0                  239          inf        0.000                      0                  239           NA           NA                      NA                    NA  


There are no user specified timing constraints.


------------------------------------------------------------------------------------------------
| Clock Summary
| -------------
------------------------------------------------------------------------------------------------


------------------------------------------------------------------------------------------------
| Intra Clock Table
| -----------------
------------------------------------------------------------------------------------------------

Clock             WNS(ns)      TNS(ns)  TNS Failing Endpoints  TNS Total Endpoints      WHS(ns)      THS(ns)  THS Failing Endpoints  THS Total Endpoints     WPWS(ns)     TPWS(ns)  TPWS Failing Endpoints  TPWS Total Endpoints  
-----             -------      -------  ---------------------  -------------------      -------      -------  ---------------------  -------------------     --------     --------  ----------------------  --------------------  


------------------------------------------------------------------------------------------------
| Inter Clock Table
| -----------------
------------------------------------------------------------------------------------------------

From Clock    To Clock          WNS(ns)      TNS(ns)  TNS Failing Endpoints  TNS Total Endpoints      WHS(ns)      THS(ns)  THS Failing Endpoints  THS Total Endpoints  
----------    --------          -------      -------  ---------------------  -------------------      -------      -------  ---------------------  -------------------  


------------------------------------------------------------------------------------------------
| Other Path Groups Table
| -----------------------
------------------------------------------------------------------------------------------------

Path Group    From Clock    To Clock          WNS(ns)      TNS(ns)  TNS Failing Endpoints  TNS Total Endpoints      WHS(ns)      THS(ns)  THS Failing Endpoints  THS Total Endpoints  
----------    ----------    --------          -------      -------  ---------------------  -------------------      -------      -------  ---------------------  -------------------  


------------------------------------------------------------------------------------------------
| User Ignored Path Table
| -----------------------
------------------------------------------------------------------------------------------------

Path Group    From Clock    To Clock    
----------    ----------    --------    


------------------------------------------------------------------------------------------------
| Unconstrained Path Table
| ------------------------
------------------------------------------------------------------------------------------------

Path Group    From Clock    To Clock    
----------    ----------    --------    
(none)                                    


------------------------------------------------------------------------------------------------
| Timing Details
| --------------
------------------------------------------------------------------------------------------------


--------------------------------------------------------------------------------------
Path Group:  (none)
From Clock:  
  To Clock:  

Max Delay           239 Endpoints
Min Delay           239 Endpoints
--------------------------------------------------------------------------------------


Max Delay Paths
--------------------------------------------------------------------------------------
Slack:                    inf
  Source:                 N[2]
                            (input port)
  Destination:            u_controller/count_reg[2]/CE
  Path Group:             (none)
  Path Type:              Max at Slow Process Corner
  Data Path Delay:        4.928ns  (logic 1.537ns (31.187%)  route 3.391ns (68.813%))
  Logic Levels:           6  (CARRY4=2 IBUF=1 LUT3=2 LUT6=1)

    Location             Delay type                Incr(ns)  Path(ns)    Netlist Resource(s)
  -------------------------------------------------------------------    -------------------
    R18                                               0.000     0.000 r  N[2] (IN)
                         net (fo=0)                   0.000     0.000    N[2]
    R18                  IBUF (Prop_ibuf_I_O)         0.814     0.814 r  N_IBUF[2]_inst/O
                         net (fo=6, routed)           1.406     2.220    u_controller/N_IBUF[2]
    SLICE_X1Y5           LUT6 (Prop_lut6_I5_O)        0.053     2.273 r  u_controller/next_state0_carry_i_5/O
                         net (fo=9, routed)           0.798     3.070    u_controller/next_state0_carry_i_5_n_0
    SLICE_X0Y7           LUT3 (Prop_lut3_I2_O)        0.053     3.123 r  u_controller/next_state0_carry__0_i_3/O
                         net (fo=1, routed)           0.000     3.123    u_controller/next_state0_carry__0_i_3_n_0
    SLICE_X0Y7           CARRY4 (Prop_carry4_S[1]_CO[3])
                                                      0.324     3.447 r  u_controller/next_state0_carry__0/CO[3]
                         net (fo=1, routed)           0.000     3.447    u_controller/next_state0_carry__0_n_0
    SLICE_X0Y8           CARRY4 (Prop_carry4_CI_CO[2])
                                                      0.132     3.579 f  u_controller/next_state0_carry__1/CO[2]
                         net (fo=6, routed)           0.587     4.166    u_controller/next_state0__10
    SLICE_X1Y9           LUT3 (Prop_lut3_I0_O)        0.161     4.327 r  u_controller/count[7]_i_1/O
                         net (fo=8, routed)           0.601     4.928    u_controller/count_0[0]
    SLICE_X3Y6           FDCE                                         r  u_controller/count_reg[2]/CE
  -------------------------------------------------------------------    -------------------

Slack:                    inf
  Source:                 N[2]
                            (input port)
  Destination:            u_controller/count_reg[3]/CE
  Path Group:             (none)
  Path Type:              Max at Slow Process Corner
  Data Path Delay:        4.928ns  (logic 1.537ns (31.187%)  route 3.391ns (68.813%))
  Logic Levels:           6  (CARRY4=2 IBUF=1 LUT3=2 LUT6=1)

    Location             Delay type                Incr(ns)  Path(ns)    Netlist Resource(s)
  -------------------------------------------------------------------    -------------------
    R18                                               0.000     0.000 r  N[2] (IN)
                         net (fo=0)                   0.000     0.000    N[2]
    R18                  IBUF (Prop_ibuf_I_O)         0.814     0.814 r  N_IBUF[2]_inst/O
                         net (fo=6, routed)           1.406     2.220    u_controller/N_IBUF[2]
    SLICE_X1Y5           LUT6 (Prop_lut6_I5_O)        0.053     2.273 r  u_controller/next_state0_carry_i_5/O
                         net (fo=9, routed)           0.798     3.070    u_controller/next_state0_carry_i_5_n_0
    SLICE_X0Y7           LUT3 (Prop_lut3_I2_O)        0.053     3.123 r  u_controller/next_state0_carry__0_i_3/O
                         net (fo=1, routed)           0.000     3.123    u_controller/next_state0_carry__0_i_3_n_0
    SLICE_X0Y7           CARRY4 (Prop_carry4_S[1]_CO[3])
                                                      0.324     3.447 r  u_controller/next_state0_carry__0/CO[3]
                         net (fo=1, routed)           0.000     3.447    u_controller/next_state0_carry__0_n_0
    SLICE_X0Y8           CARRY4 (Prop_carry4_CI_CO[2])
                                                      0.132     3.579 f  u_controller/next_state0_carry__1/CO[2]
                         net (fo=6, routed)           0.587     4.166    u_controller/next_state0__10
    SLICE_X1Y9           LUT3 (Prop_lut3_I0_O)        0.161     4.327 r  u_controller/count[7]_i_1/O
                         net (fo=8, routed)           0.601     4.928    u_controller/count_0[0]
    SLICE_X3Y6           FDCE                                         r  u_controller/count_reg[3]/CE
  -------------------------------------------------------------------    -------------------

Slack:                    inf
  Source:                 N[2]
                            (input port)
  Destination:            u_controller/count_reg[4]/CE
  Path Group:             (none)
  Path Type:              Max at Slow Process Corner
  Data Path Delay:        4.928ns  (logic 1.537ns (31.187%)  route 3.391ns (68.813%))
  Logic Levels:           6  (CARRY4=2 IBUF=1 LUT3=2 LUT6=1)

    Location             Delay type                Incr(ns)  Path(ns)    Netlist Resource(s)
  -------------------------------------------------------------------    -------------------
    R18                                               0.000     0.000 r  N[2] (IN)
                         net (fo=0)                   0.000     0.000    N[2]
    R18                  IBUF (Prop_ibuf_I_O)         0.814     0.814 r  N_IBUF[2]_inst/O
                         net (fo=6, routed)           1.406     2.220    u_controller/N_IBUF[2]
    SLICE_X1Y5           LUT6 (Prop_lut6_I5_O)        0.053     2.273 r  u_controller/next_state0_carry_i_5/O
                         net (fo=9, routed)           0.798     3.070    u_controller/next_state0_carry_i_5_n_0
    SLICE_X0Y7           LUT3 (Prop_lut3_I2_O)        0.053     3.123 r  u_controller/next_state0_carry__0_i_3/O
                         net (fo=1, routed)           0.000     3.123    u_controller/next_state0_carry__0_i_3_n_0
    SLICE_X0Y7           CARRY4 (Prop_carry4_S[1]_CO[3])
                                                      0.324     3.447 r  u_controller/next_state0_carry__0/CO[3]
                         net (fo=1, routed)           0.000     3.447    u_controller/next_state0_carry__0_n_0
    SLICE_X0Y8           CARRY4 (Prop_carry4_CI_CO[2])
                                                      0.132     3.579 f  u_controller/next_state0_carry__1/CO[2]
                         net (fo=6, routed)           0.587     4.166    u_controller/next_state0__10
    SLICE_X1Y9           LUT3 (Prop_lut3_I0_O)        0.161     4.327 r  u_controller/count[7]_i_1/O
                         net (fo=8, routed)           0.601     4.928    u_controller/count_0[0]
    SLICE_X3Y6           FDCE                                         r  u_controller/count_reg[4]/CE
  -------------------------------------------------------------------    -------------------

Slack:                    inf
  Source:                 N[2]
                            (input port)
  Destination:            u_controller/count_reg[5]/CE
  Path Group:             (none)
  Path Type:              Max at Slow Process Corner
  Data Path Delay:        4.928ns  (logic 1.537ns (31.187%)  route 3.391ns (68.813%))
  Logic Levels:           6  (CARRY4=2 IBUF=1 LUT3=2 LUT6=1)

    Location             Delay type                Incr(ns)  Path(ns)    Netlist Resource(s)
  -------------------------------------------------------------------    -------------------
    R18                                               0.000     0.000 r  N[2] (IN)
                         net (fo=0)                   0.000     0.000    N[2]
    R18                  IBUF (Prop_ibuf_I_O)         0.814     0.814 r  N_IBUF[2]_inst/O
                         net (fo=6, routed)           1.406     2.220    u_controller/N_IBUF[2]
    SLICE_X1Y5           LUT6 (Prop_lut6_I5_O)        0.053     2.273 r  u_controller/next_state0_carry_i_5/O
                         net (fo=9, routed)           0.798     3.070    u_controller/next_state0_carry_i_5_n_0
    SLICE_X0Y7           LUT3 (Prop_lut3_I2_O)        0.053     3.123 r  u_controller/next_state0_carry__0_i_3/O
                         net (fo=1, routed)           0.000     3.123    u_controller/next_state0_carry__0_i_3_n_0
    SLICE_X0Y7           CARRY4 (Prop_carry4_S[1]_CO[3])
                                                      0.324     3.447 r  u_controller/next_state0_carry__0/CO[3]
                         net (fo=1, routed)           0.000     3.447    u_controller/next_state0_carry__0_n_0
    SLICE_X0Y8           CARRY4 (Prop_carry4_CI_CO[2])
                                                      0.132     3.579 f  u_controller/next_state0_carry__1/CO[2]
                         net (fo=6, routed)           0.587     4.166    u_controller/next_state0__10
    SLICE_X1Y9           LUT3 (Prop_lut3_I0_O)        0.161     4.327 r  u_controller/count[7]_i_1/O
                         net (fo=8, routed)           0.601     4.928    u_controller/count_0[0]
    SLICE_X3Y6           FDCE                                         r  u_controller/count_reg[5]/CE
  -------------------------------------------------------------------    -------------------

Slack:                    inf
  Source:                 N[2]
                            (input port)
  Destination:            u_controller/count_reg[6]/CE
  Path Group:             (none)
  Path Type:              Max at Slow Process Corner
  Data Path Delay:        4.785ns  (logic 1.537ns (32.124%)  route 3.248ns (67.876%))
  Logic Levels:           6  (CARRY4=2 IBUF=1 LUT3=2 LUT6=1)

    Location             Delay type                Incr(ns)  Path(ns)    Netlist Resource(s)
  -------------------------------------------------------------------    -------------------
    R18                                               0.000     0.000 r  N[2] (IN)
                         net (fo=0)                   0.000     0.000    N[2]
    R18                  IBUF (Prop_ibuf_I_O)         0.814     0.814 r  N_IBUF[2]_inst/O
                         net (fo=6, routed)           1.406     2.220    u_controller/N_IBUF[2]
    SLICE_X1Y5           LUT6 (Prop_lut6_I5_O)        0.053     2.273 r  u_controller/next_state0_carry_i_5/O
                         net (fo=9, routed)           0.798     3.070    u_controller/next_state0_carry_i_5_n_0
    SLICE_X0Y7           LUT3 (Prop_lut3_I2_O)        0.053     3.123 r  u_controller/next_state0_carry__0_i_3/O
                         net (fo=1, routed)           0.000     3.123    u_controller/next_state0_carry__0_i_3_n_0
    SLICE_X0Y7           CARRY4 (Prop_carry4_S[1]_CO[3])
                                                      0.324     3.447 r  u_controller/next_state0_carry__0/CO[3]
                         net (fo=1, routed)           0.000     3.447    u_controller/next_state0_carry__0_n_0
    SLICE_X0Y8           CARRY4 (Prop_carry4_CI_CO[2])
                                                      0.132     3.579 f  u_controller/next_state0_carry__1/CO[2]
                         net (fo=6, routed)           0.587     4.166    u_controller/next_state0__10
    SLICE_X1Y9           LUT3 (Prop_lut3_I0_O)        0.161     4.327 r  u_controller/count[7]_i_1/O
                         net (fo=8, routed)           0.457     4.785    u_controller/count_0[0]
    SLICE_X2Y6           FDCE                                         r  u_controller/count_reg[6]/CE
  -------------------------------------------------------------------    -------------------

Slack:                    inf
  Source:                 N[2]
                            (input port)
  Destination:            u_controller/count_reg[7]/CE
  Path Group:             (none)
  Path Type:              Max at Slow Process Corner
  Data Path Delay:        4.785ns  (logic 1.537ns (32.124%)  route 3.248ns (67.876%))
  Logic Levels:           6  (CARRY4=2 IBUF=1 LUT3=2 LUT6=1)

    Location             Delay type                Incr(ns)  Path(ns)    Netlist Resource(s)
  -------------------------------------------------------------------    -------------------
    R18                                               0.000     0.000 r  N[2] (IN)
                         net (fo=0)                   0.000     0.000    N[2]
    R18                  IBUF (Prop_ibuf_I_O)         0.814     0.814 r  N_IBUF[2]_inst/O
                         net (fo=6, routed)           1.406     2.220    u_controller/N_IBUF[2]
    SLICE_X1Y5           LUT6 (Prop_lut6_I5_O)        0.053     2.273 r  u_controller/next_state0_carry_i_5/O
                         net (fo=9, routed)           0.798     3.070    u_controller/next_state0_carry_i_5_n_0
    SLICE_X0Y7           LUT3 (Prop_lut3_I2_O)        0.053     3.123 r  u_controller/next_state0_carry__0_i_3/O
                         net (fo=1, routed)           0.000     3.123    u_controller/next_state0_carry__0_i_3_n_0
    SLICE_X0Y7           CARRY4 (Prop_carry4_S[1]_CO[3])
                                                      0.324     3.447 r  u_controller/next_state0_carry__0/CO[3]
                         net (fo=1, routed)           0.000     3.447    u_controller/next_state0_carry__0_n_0
    SLICE_X0Y8           CARRY4 (Prop_carry4_CI_CO[2])
                                                      0.132     3.579 f  u_controller/next_state0_carry__1/CO[2]
                         net (fo=6, routed)           0.587     4.166    u_controller/next_state0__10
    SLICE_X1Y9           LUT3 (Prop_lut3_I0_O)        0.161     4.327 r  u_controller/count[7]_i_1/O
                         net (fo=8, routed)           0.457     4.785    u_controller/count_0[0]
    SLICE_X2Y6           FDCE                                         r  u_controller/count_reg[7]/CE
  -------------------------------------------------------------------    -------------------

Slack:                    inf
  Source:                 u_controller/done_reg/C
                            (rising edge-triggered cell FDCE)
  Destination:            done
                            (output port)
  Path Group:             (none)
  Path Type:              Max at Slow Process Corner
  Data Path Delay:        4.735ns  (logic 2.767ns (58.433%)  route 1.968ns (41.567%))
  Logic Levels:           2  (FDCE=1 OBUF=1)

    Location             Delay type                Incr(ns)  Path(ns)    Netlist Resource(s)
  -------------------------------------------------------------------    -------------------
    SLICE_X1Y10          FDCE                         0.000     0.000 r  u_controller/done_reg/C
    SLICE_X1Y10          FDCE (Prop_fdce_C_Q)         0.269     0.269 r  u_controller/done_reg/Q
                         net (fo=1, routed)           1.968     2.237    done_OBUF
    L25                  OBUF (Prop_obuf_I_O)         2.498     4.735 r  done_OBUF_inst/O
                         net (fo=0)                   0.000     4.735    done
    L25                                                               r  done (OUT)
  -------------------------------------------------------------------    -------------------

Slack:                    inf
  Source:                 N[2]
                            (input port)
  Destination:            u_controller/count_reg[0]/CE
  Path Group:             (none)
  Path Type:              Max at Slow Process Corner
  Data Path Delay:        4.585ns  (logic 1.537ns (33.520%)  route 3.048ns (66.479%))
  Logic Levels:           6  (CARRY4=2 IBUF=1 LUT3=2 LUT6=1)

    Location             Delay type                Incr(ns)  Path(ns)    Netlist Resource(s)
  -------------------------------------------------------------------    -------------------
    R18                                               0.000     0.000 r  N[2] (IN)
                         net (fo=0)                   0.000     0.000    N[2]
    R18                  IBUF (Prop_ibuf_I_O)         0.814     0.814 r  N_IBUF[2]_inst/O
                         net (fo=6, routed)           1.406     2.220    u_controller/N_IBUF[2]
    SLICE_X1Y5           LUT6 (Prop_lut6_I5_O)        0.053     2.273 r  u_controller/next_state0_carry_i_5/O
                         net (fo=9, routed)           0.798     3.070    u_controller/next_state0_carry_i_5_n_0
    SLICE_X0Y7           LUT3 (Prop_lut3_I2_O)        0.053     3.123 r  u_controller/next_state0_carry__0_i_3/O
                         net (fo=1, routed)           0.000     3.123    u_controller/next_state0_carry__0_i_3_n_0
    SLICE_X0Y7           CARRY4 (Prop_carry4_S[1]_CO[3])
                                                      0.324     3.447 r  u_controller/next_state0_carry__0/CO[3]
                         net (fo=1, routed)           0.000     3.447    u_controller/next_state0_carry__0_n_0
    SLICE_X0Y8           CARRY4 (Prop_carry4_CI_CO[2])
                                                      0.132     3.579 f  u_controller/next_state0_carry__1/CO[2]
                         net (fo=6, routed)           0.587     4.166    u_controller/next_state0__10
    SLICE_X1Y9           LUT3 (Prop_lut3_I0_O)        0.161     4.327 r  u_controller/count[7]_i_1/O
                         net (fo=8, routed)           0.258     4.585    u_controller/count_0[0]
    SLICE_X2Y8           FDCE                                         r  u_controller/count_reg[0]/CE
  -------------------------------------------------------------------    -------------------

Slack:                    inf
  Source:                 N[2]
                            (input port)
  Destination:            u_controller/count_reg[1]/CE
  Path Group:             (none)
  Path Type:              Max at Slow Process Corner
  Data Path Delay:        4.585ns  (logic 1.537ns (33.520%)  route 3.048ns (66.479%))
  Logic Levels:           6  (CARRY4=2 IBUF=1 LUT3=2 LUT6=1)

    Location             Delay type                Incr(ns)  Path(ns)    Netlist Resource(s)
  -------------------------------------------------------------------    -------------------
    R18                                               0.000     0.000 r  N[2] (IN)
                         net (fo=0)                   0.000     0.000    N[2]
    R18                  IBUF (Prop_ibuf_I_O)         0.814     0.814 r  N_IBUF[2]_inst/O
                         net (fo=6, routed)           1.406     2.220    u_controller/N_IBUF[2]
    SLICE_X1Y5           LUT6 (Prop_lut6_I5_O)        0.053     2.273 r  u_controller/next_state0_carry_i_5/O
                         net (fo=9, routed)           0.798     3.070    u_controller/next_state0_carry_i_5_n_0
    SLICE_X0Y7           LUT3 (Prop_lut3_I2_O)        0.053     3.123 r  u_controller/next_state0_carry__0_i_3/O
                         net (fo=1, routed)           0.000     3.123    u_controller/next_state0_carry__0_i_3_n_0
    SLICE_X0Y7           CARRY4 (Prop_carry4_S[1]_CO[3])
                                                      0.324     3.447 r  u_controller/next_state0_carry__0/CO[3]
                         net (fo=1, routed)           0.000     3.447    u_controller/next_state0_carry__0_n_0
    SLICE_X0Y8           CARRY4 (Prop_carry4_CI_CO[2])
                                                      0.132     3.579 f  u_controller/next_state0_carry__1/CO[2]
                         net (fo=6, routed)           0.587     4.166    u_controller/next_state0__10
    SLICE_X1Y9           LUT3 (Prop_lut3_I0_O)        0.161     4.327 r  u_controller/count[7]_i_1/O
                         net (fo=8, routed)           0.258     4.585    u_controller/count_0[0]
    SLICE_X2Y8           FDCE                                         r  u_controller/count_reg[1]/CE
  -------------------------------------------------------------------    -------------------

Slack:                    inf
  Source:                 N[2]
                            (input port)
  Destination:            u_controller/last_mac_in_reg/D
  Path Group:             (none)
  Path Type:              Max at Slow Process Corner
  Data Path Delay:        4.414ns  (logic 1.537ns (34.824%)  route 2.877ns (65.176%))
  Logic Levels:           6  (CARRY4=2 IBUF=1 LUT3=1 LUT6=2)

    Location             Delay type                Incr(ns)  Path(ns)    Netlist Resource(s)
  -------------------------------------------------------------------    -------------------
    R18                                               0.000     0.000 r  N[2] (IN)
                         net (fo=0)                   0.000     0.000    N[2]
    R18                  IBUF (Prop_ibuf_I_O)         0.814     0.814 r  N_IBUF[2]_inst/O
                         net (fo=6, routed)           1.406     2.220    u_controller/N_IBUF[2]
    SLICE_X1Y5           LUT6 (Prop_lut6_I5_O)        0.053     2.273 r  u_controller/next_state0_carry_i_5/O
                         net (fo=9, routed)           0.798     3.070    u_controller/next_state0_carry_i_5_n_0
    SLICE_X0Y7           LUT3 (Prop_lut3_I2_O)        0.053     3.123 r  u_controller/next_state0_carry__0_i_3/O
                         net (fo=1, routed)           0.000     3.123    u_controller/next_state0_carry__0_i_3_n_0
    SLICE_X0Y7           CARRY4 (Prop_carry4_S[1]_CO[3])
                                                      0.324     3.447 r  u_controller/next_state0_carry__0/CO[3]
                         net (fo=1, routed)           0.000     3.447    u_controller/next_state0_carry__0_n_0
    SLICE_X0Y8           CARRY4 (Prop_carry4_CI_CO[2])
                                                      0.132     3.579 r  u_controller/next_state0_carry__1/CO[2]
                         net (fo=6, routed)           0.673     4.253    u_controller/next_state0__10
    SLICE_X0Y10          LUT6 (Prop_lut6_I3_O)        0.161     4.414 r  u_controller/last_mac_in_i_1/O
                         net (fo=1, routed)           0.000     4.414    u_controller/last_mac_in_i_1_n_0
    SLICE_X0Y10          FDCE                                         r  u_controller/last_mac_in_reg/D
  -------------------------------------------------------------------    -------------------





Min Delay Paths
--------------------------------------------------------------------------------------
Slack:                    inf
  Source:                 u_controller/last_mac_in_reg/C
                            (rising edge-triggered cell FDCE)
  Destination:            u_core/l_reg1_reg/D
  Path Group:             (none)
  Path Type:              Min at Fast Process Corner
  Data Path Delay:        0.217ns  (logic 0.100ns (46.149%)  route 0.117ns (53.851%))
  Logic Levels:           1  (FDCE=1)

    Location             Delay type                Incr(ns)  Path(ns)    Netlist Resource(s)
  -------------------------------------------------------------------    -------------------
    SLICE_X0Y10          FDCE                         0.000     0.000 r  u_controller/last_mac_in_reg/C
    SLICE_X0Y10          FDCE (Prop_fdce_C_Q)         0.100     0.100 r  u_controller/last_mac_in_reg/Q
                         net (fo=2, routed)           0.117     0.217    u_core/wire_last_mac_in
    SLICE_X0Y11          FDRE                                         r  u_core/l_reg1_reg/D
  -------------------------------------------------------------------    -------------------

Slack:                    inf
  Source:                 u_controller/FSM_onehot_state_reg[1]/C
                            (rising edge-triggered cell FDCE)
  Destination:            u_controller/FSM_onehot_state_reg[2]/D
  Path Group:             (none)
  Path Type:              Min at Fast Process Corner
  Data Path Delay:        0.247ns  (logic 0.128ns (51.873%)  route 0.119ns (48.127%))
  Logic Levels:           2  (FDCE=1 LUT6=1)

    Location             Delay type                Incr(ns)  Path(ns)    Netlist Resource(s)
  -------------------------------------------------------------------    -------------------
    SLICE_X1Y9           FDCE                         0.000     0.000 r  u_controller/FSM_onehot_state_reg[1]/C
    SLICE_X1Y9           FDCE (Prop_fdce_C_Q)         0.100     0.100 r  u_controller/FSM_onehot_state_reg[1]/Q
                         net (fo=15, routed)          0.119     0.219    u_controller/FSM_onehot_state_reg_n_0_[1]
    SLICE_X0Y9           LUT6 (Prop_lut6_I2_O)        0.028     0.247 r  u_controller/FSM_onehot_state[2]_i_1/O
                         net (fo=1, routed)           0.000     0.247    u_controller/FSM_onehot_state[2]_i_1_n_0
    SLICE_X0Y9           FDCE                                         r  u_controller/FSM_onehot_state_reg[2]/D
  -------------------------------------------------------------------    -------------------

Slack:                    inf
  Source:                 u_controller/FSM_onehot_state_reg[1]/C
                            (rising edge-triggered cell FDCE)
  Destination:            u_controller/FSM_onehot_state_reg[0]/D
  Path Group:             (none)
  Path Type:              Min at Fast Process Corner
  Data Path Delay:        0.248ns  (logic 0.128ns (51.664%)  route 0.120ns (48.336%))
  Logic Levels:           2  (FDCE=1 LUT6=1)

    Location             Delay type                Incr(ns)  Path(ns)    Netlist Resource(s)
  -------------------------------------------------------------------    -------------------
    SLICE_X1Y9           FDCE                         0.000     0.000 r  u_controller/FSM_onehot_state_reg[1]/C
    SLICE_X1Y9           FDCE (Prop_fdce_C_Q)         0.100     0.100 r  u_controller/FSM_onehot_state_reg[1]/Q
                         net (fo=15, routed)          0.120     0.220    u_controller/FSM_onehot_state_reg_n_0_[1]
    SLICE_X0Y9           LUT6 (Prop_lut6_I2_O)        0.028     0.248 r  u_controller/FSM_onehot_state[0]_i_1/O
                         net (fo=1, routed)           0.000     0.248    u_controller/FSM_onehot_state[0]_i_1_n_0
    SLICE_X0Y9           FDPE                                         r  u_controller/FSM_onehot_state_reg[0]/D
  -------------------------------------------------------------------    -------------------

Slack:                    inf
  Source:                 u_controller/FSM_onehot_state_reg[2]/C
                            (rising edge-triggered cell FDCE)
  Destination:            u_controller/FSM_onehot_state_reg[1]/D
  Path Group:             (none)
  Path Type:              Min at Fast Process Corner
  Data Path Delay:        0.263ns  (logic 0.128ns (48.641%)  route 0.135ns (51.359%))
  Logic Levels:           2  (FDCE=1 LUT6=1)

    Location             Delay type                Incr(ns)  Path(ns)    Netlist Resource(s)
  -------------------------------------------------------------------    -------------------
    SLICE_X0Y9           FDCE                         0.000     0.000 r  u_controller/FSM_onehot_state_reg[2]/C
    SLICE_X0Y9           FDCE (Prop_fdce_C_Q)         0.100     0.100 r  u_controller/FSM_onehot_state_reg[2]/Q
                         net (fo=7, routed)           0.135     0.235    u_controller/FSM_onehot_state_reg[2]_0
    SLICE_X1Y9           LUT6 (Prop_lut6_I4_O)        0.028     0.263 r  u_controller/FSM_onehot_state[1]_i_1/O
                         net (fo=1, routed)           0.000     0.263    u_controller/FSM_onehot_state[1]_i_1_n_0
    SLICE_X1Y9           FDCE                                         r  u_controller/FSM_onehot_state_reg[1]/D
  -------------------------------------------------------------------    -------------------

Slack:                    inf
  Source:                 u_core/v_reg1_reg/C
                            (rising edge-triggered cell FDRE)
  Destination:            u_core/v_reg2_reg/D
  Path Group:             (none)
  Path Type:              Min at Fast Process Corner
  Data Path Delay:        0.265ns  (logic 0.100ns (37.741%)  route 0.165ns (62.259%))
  Logic Levels:           1  (FDRE=1)

    Location             Delay type                Incr(ns)  Path(ns)    Netlist Resource(s)
  -------------------------------------------------------------------    -------------------
    SLICE_X0Y21          FDRE                         0.000     0.000 r  u_core/v_reg1_reg/C
    SLICE_X0Y21          FDRE (Prop_fdre_C_Q)         0.100     0.100 r  u_core/v_reg1_reg/Q
                         net (fo=2, routed)           0.165     0.265    u_core/v_reg1
    SLICE_X0Y21          FDRE                                         r  u_core/v_reg2_reg/D
  -------------------------------------------------------------------    -------------------

Slack:                    inf
  Source:                 u_core/l_reg1_reg/C
                            (rising edge-triggered cell FDRE)
  Destination:            u_core/l_reg2_reg/D
  Path Group:             (none)
  Path Type:              Min at Fast Process Corner
  Data Path Delay:        0.266ns  (logic 0.100ns (37.546%)  route 0.166ns (62.454%))
  Logic Levels:           1  (FDRE=1)

    Location             Delay type                Incr(ns)  Path(ns)    Netlist Resource(s)
  -------------------------------------------------------------------    -------------------
    SLICE_X0Y11          FDRE                         0.000     0.000 r  u_core/l_reg1_reg/C
    SLICE_X0Y11          FDRE (Prop_fdre_C_Q)         0.100     0.100 r  u_core/l_reg1_reg/Q
                         net (fo=1, routed)           0.166     0.266    u_core/l_reg1
    SLICE_X0Y13          FDRE                                         r  u_core/l_reg2_reg/D
  -------------------------------------------------------------------    -------------------

Slack:                    inf
  Source:                 u_controller/last_mac_in_reg/C
                            (rising edge-triggered cell FDCE)
  Destination:            u_controller/last_mac_in_reg/D
  Path Group:             (none)
  Path Type:              Min at Fast Process Corner
  Data Path Delay:        0.278ns  (logic 0.128ns (46.018%)  route 0.150ns (53.982%))
  Logic Levels:           2  (FDCE=1 LUT6=1)

    Location             Delay type                Incr(ns)  Path(ns)    Netlist Resource(s)
  -------------------------------------------------------------------    -------------------
    SLICE_X0Y10          FDCE                         0.000     0.000 r  u_controller/last_mac_in_reg/C
    SLICE_X0Y10          FDCE (Prop_fdce_C_Q)         0.100     0.100 r  u_controller/last_mac_in_reg/Q
                         net (fo=2, routed)           0.150     0.250    u_controller/wire_last_mac_in
    SLICE_X0Y10          LUT6 (Prop_lut6_I5_O)        0.028     0.278 r  u_controller/last_mac_in_i_1/O
                         net (fo=1, routed)           0.000     0.278    u_controller/last_mac_in_i_1_n_0
    SLICE_X0Y10          FDCE                                         r  u_controller/last_mac_in_reg/D
  -------------------------------------------------------------------    -------------------

Slack:                    inf
  Source:                 u_controller/count_reg[2]/C
                            (rising edge-triggered cell FDCE)
  Destination:            u_controller/count_reg[4]/D
  Path Group:             (none)
  Path Type:              Min at Fast Process Corner
  Data Path Delay:        0.289ns  (logic 0.128ns (44.254%)  route 0.161ns (55.746%))
  Logic Levels:           2  (FDCE=1 LUT6=1)

    Location             Delay type                Incr(ns)  Path(ns)    Netlist Resource(s)
  -------------------------------------------------------------------    -------------------
    SLICE_X3Y6           FDCE                         0.000     0.000 r  u_controller/count_reg[2]/C
    SLICE_X3Y6           FDCE (Prop_fdce_C_Q)         0.100     0.100 r  u_controller/count_reg[2]/Q
                         net (fo=7, routed)           0.161     0.261    u_controller/count[2]
    SLICE_X3Y6           LUT6 (Prop_lut6_I0_O)        0.028     0.289 r  u_controller/count[4]_i_1/O
                         net (fo=1, routed)           0.000     0.289    u_controller/count[4]_i_1_n_0
    SLICE_X3Y6           FDCE                                         r  u_controller/count_reg[4]/D
  -------------------------------------------------------------------    -------------------

Slack:                    inf
  Source:                 u_controller/count_reg[2]/C
                            (rising edge-triggered cell FDCE)
  Destination:            u_controller/count_reg[2]/D
  Path Group:             (none)
  Path Type:              Min at Fast Process Corner
  Data Path Delay:        0.291ns  (logic 0.128ns (44.054%)  route 0.163ns (55.946%))
  Logic Levels:           2  (FDCE=1 LUT4=1)

    Location             Delay type                Incr(ns)  Path(ns)    Netlist Resource(s)
  -------------------------------------------------------------------    -------------------
    SLICE_X3Y6           FDCE                         0.000     0.000 r  u_controller/count_reg[2]/C
    SLICE_X3Y6           FDCE (Prop_fdce_C_Q)         0.100     0.100 r  u_controller/count_reg[2]/Q
                         net (fo=7, routed)           0.163     0.263    u_controller/count[2]
    SLICE_X3Y6           LUT4 (Prop_lut4_I3_O)        0.028     0.291 r  u_controller/count[2]_i_1/O
                         net (fo=1, routed)           0.000     0.291    u_controller/count[2]_i_1_n_0
    SLICE_X3Y6           FDCE                                         r  u_controller/count_reg[2]/D
  -------------------------------------------------------------------    -------------------

Slack:                    inf
  Source:                 u_controller/count_reg[2]/C
                            (rising edge-triggered cell FDCE)
  Destination:            u_controller/count_reg[3]/D
  Path Group:             (none)
  Path Type:              Min at Fast Process Corner
  Data Path Delay:        0.292ns  (logic 0.129ns (44.246%)  route 0.163ns (55.754%))
  Logic Levels:           2  (FDCE=1 LUT5=1)

    Location             Delay type                Incr(ns)  Path(ns)    Netlist Resource(s)
  -------------------------------------------------------------------    -------------------
    SLICE_X3Y6           FDCE                         0.000     0.000 r  u_controller/count_reg[2]/C
    SLICE_X3Y6           FDCE (Prop_fdce_C_Q)         0.100     0.100 r  u_controller/count_reg[2]/Q
                         net (fo=7, routed)           0.163     0.263    u_controller/count[2]
    SLICE_X3Y6           LUT5 (Prop_lut5_I2_O)        0.029     0.292 r  u_controller/count[3]_i_1/O
                         net (fo=1, routed)           0.000     0.292    u_controller/count[3]_i_1_n_0
    SLICE_X3Y6           FDCE                                         r  u_controller/count_reg[3]/D
  -------------------------------------------------------------------    -------------------





