Flow report for lab1
Thu Mar 12 15:57:20 2026
Quartus II 64-Bit Version 13.0.1 Build 232 06/12/2013 Service Pack 1 SJ Web Edition


---------------------
; Table of Contents ;
---------------------
  1. Legal Notice
  2. Flow Summary
  3. Flow Settings
  4. Flow Non-Default Global Settings
  5. Flow Elapsed Time
  6. Flow OS Summary
  7. Flow Log
  8. Flow Messages
  9. Flow Suppressed Messages



----------------
; Legal Notice ;
----------------
Copyright (C) 1991-2013 Altera Corporation
Your use of Altera Corporation's design tools, logic functions 
and other software and tools, and its AMPP partner logic 
functions, and any output files from any of the foregoing 
(including device programming or simulation files), and any 
associated documentation or information are expressly subject 
to the terms and conditions of the Altera Program License 
Subscription Agreement, Altera MegaCore Function License 
Agreement, or other applicable license agreement, including, 
without limitation, that your use is for the sole purpose of 
programming logic devices manufactured by Altera and sold by 
Altera or its authorized distributors.  Please refer to the 
applicable agreement for further details.



+--------------------------------------------------------------------------------------+
; Flow Summary                                                                         ;
+------------------------------------+-------------------------------------------------+
; Flow Status                        ; Successful - Thu Mar 12 15:57:18 2026           ;
; Quartus II 64-Bit Version          ; 13.0.1 Build 232 06/12/2013 SP 1 SJ Web Edition ;
; Revision Name                      ; lab1                                            ;
; Top-level Entity Name              ; lab2                                            ;
; Family                             ; Cyclone II                                      ;
; Device                             ; EP2C35F672C6                                    ;
; Timing Models                      ; Final                                           ;
; Total logic elements               ; 1,696 / 33,216 ( 5 % )                          ;
;     Total combinational functions  ; 1,596 / 33,216 ( 5 % )                          ;
;     Dedicated logic registers      ; 927 / 33,216 ( 3 % )                            ;
; Total registers                    ; 927                                             ;
; Total pins                         ; 13 / 475 ( 3 % )                                ;
; Total virtual pins                 ; 0                                               ;
; Total memory bits                  ; 273,408 / 483,840 ( 57 % )                      ;
; Embedded Multiplier 9-bit elements ; 0 / 70 ( 0 % )                                  ;
; Total PLLs                         ; 0 / 4 ( 0 % )                                   ;
+------------------------------------+-------------------------------------------------+


+-----------------------------------------+
; Flow Settings                           ;
+-------------------+---------------------+
; Option            ; Setting             ;
+-------------------+---------------------+
; Start date & time ; 03/12/2026 15:56:52 ;
; Main task         ; Compilation         ;
; Revision Name     ; lab1                ;
+-------------------+---------------------+


+---------------------------------------------------------------------------------------------------------------------------------------------------------------+
; Flow Non-Default Global Settings                                                                                                                              ;
+-------------------------------------+----------------------------------------------------------+---------------+---------------------------------+------------+
; Assignment Name                     ; Value                                                    ; Default Value ; Entity Name                     ; Section Id ;
+-------------------------------------+----------------------------------------------------------+---------------+---------------------------------+------------+
; COMPILER_SIGNATURE_ID               ; 92668497242013.177330581212572                           ; --            ; --                              ; --         ;
; IP_TOOL_ENV                         ; Qsys                                                     ; --            ; altera_avalon_sc_fifo           ; --         ;
; IP_TOOL_ENV                         ; Qsys                                                     ; --            ; altera_merlin_master_agent      ; --         ;
; IP_TOOL_ENV                         ; Qsys                                                     ; --            ; altera_merlin_master_translator ; --         ;
; IP_TOOL_ENV                         ; Qsys                                                     ; --            ; altera_merlin_slave_agent       ; --         ;
; IP_TOOL_ENV                         ; Qsys                                                     ; --            ; altera_merlin_slave_translator  ; --         ;
; IP_TOOL_ENV                         ; Qsys                                                     ; --            ; altera_reset_controller         ; --         ;
; IP_TOOL_ENV                         ; Qsys                                                     ; --            ; system                          ; --         ;
; IP_TOOL_ENV                         ; Qsys                                                     ; --            ; system_addr_router              ; --         ;
; IP_TOOL_ENV                         ; Qsys                                                     ; --            ; system_addr_router_001          ; --         ;
; IP_TOOL_ENV                         ; Qsys                                                     ; --            ; system_cmd_xbar_demux           ; --         ;
; IP_TOOL_ENV                         ; Qsys                                                     ; --            ; system_cmd_xbar_demux_001       ; --         ;
; IP_TOOL_ENV                         ; Qsys                                                     ; --            ; system_cmd_xbar_mux             ; --         ;
; IP_TOOL_ENV                         ; Qsys                                                     ; --            ; system_id_router                ; --         ;
; IP_TOOL_ENV                         ; Qsys                                                     ; --            ; system_id_router_003            ; --         ;
; IP_TOOL_ENV                         ; Qsys                                                     ; --            ; system_irq_mapper               ; --         ;
; IP_TOOL_ENV                         ; Qsys                                                     ; --            ; system_jtag_uart_0              ; --         ;
; IP_TOOL_ENV                         ; Qsys                                                     ; --            ; system_nios2_qsys_0             ; --         ;
; IP_TOOL_ENV                         ; Qsys                                                     ; --            ; system_onchip_memory2_0         ; --         ;
; IP_TOOL_ENV                         ; Qsys                                                     ; --            ; system_pio_hex                  ; --         ;
; IP_TOOL_ENV                         ; Qsys                                                     ; --            ; system_rsp_xbar_demux           ; --         ;
; IP_TOOL_ENV                         ; Qsys                                                     ; --            ; system_rsp_xbar_demux_003       ; --         ;
; IP_TOOL_ENV                         ; Qsys                                                     ; --            ; system_rsp_xbar_mux             ; --         ;
; IP_TOOL_ENV                         ; Qsys                                                     ; --            ; system_rsp_xbar_mux_001         ; --         ;
; IP_TOOL_ENV                         ; Qsys                                                     ; --            ; system_switch                   ; --         ;
; IP_TOOL_NAME                        ; altera_avalon_sc_fifo                                    ; --            ; altera_avalon_sc_fifo           ; --         ;
; IP_TOOL_NAME                        ; altera_merlin_master_agent                               ; --            ; altera_merlin_master_agent      ; --         ;
; IP_TOOL_NAME                        ; altera_merlin_master_translator                          ; --            ; altera_merlin_master_translator ; --         ;
; IP_TOOL_NAME                        ; altera_merlin_slave_agent                                ; --            ; altera_merlin_slave_agent       ; --         ;
; IP_TOOL_NAME                        ; altera_merlin_slave_translator                           ; --            ; altera_merlin_slave_translator  ; --         ;
; IP_TOOL_NAME                        ; altera_reset_controller                                  ; --            ; altera_reset_controller         ; --         ;
; IP_TOOL_NAME                        ; Qsys                                                     ; --            ; system                          ; --         ;
; IP_TOOL_NAME                        ; altera_merlin_router                                     ; --            ; system_addr_router              ; --         ;
; IP_TOOL_NAME                        ; altera_merlin_router                                     ; --            ; system_addr_router_001          ; --         ;
; IP_TOOL_NAME                        ; altera_merlin_demultiplexer                              ; --            ; system_cmd_xbar_demux           ; --         ;
; IP_TOOL_NAME                        ; altera_merlin_demultiplexer                              ; --            ; system_cmd_xbar_demux_001       ; --         ;
; IP_TOOL_NAME                        ; altera_merlin_multiplexer                                ; --            ; system_cmd_xbar_mux             ; --         ;
; IP_TOOL_NAME                        ; altera_merlin_router                                     ; --            ; system_id_router                ; --         ;
; IP_TOOL_NAME                        ; altera_merlin_router                                     ; --            ; system_id_router_003            ; --         ;
; IP_TOOL_NAME                        ; altera_irq_mapper                                        ; --            ; system_irq_mapper               ; --         ;
; IP_TOOL_NAME                        ; altera_avalon_jtag_uart                                  ; --            ; system_jtag_uart_0              ; --         ;
; IP_TOOL_NAME                        ; altera_nios2_qsys                                        ; --            ; system_nios2_qsys_0             ; --         ;
; IP_TOOL_NAME                        ; altera_avalon_onchip_memory2                             ; --            ; system_onchip_memory2_0         ; --         ;
; IP_TOOL_NAME                        ; altera_avalon_pio                                        ; --            ; system_pio_hex                  ; --         ;
; IP_TOOL_NAME                        ; altera_merlin_demultiplexer                              ; --            ; system_rsp_xbar_demux           ; --         ;
; IP_TOOL_NAME                        ; altera_merlin_demultiplexer                              ; --            ; system_rsp_xbar_demux_003       ; --         ;
; IP_TOOL_NAME                        ; altera_merlin_multiplexer                                ; --            ; system_rsp_xbar_mux             ; --         ;
; IP_TOOL_NAME                        ; altera_merlin_multiplexer                                ; --            ; system_rsp_xbar_mux_001         ; --         ;
; IP_TOOL_NAME                        ; altera_avalon_pio                                        ; --            ; system_switch                   ; --         ;
; IP_TOOL_VERSION                     ; 13.0                                                     ; --            ; altera_avalon_sc_fifo           ; --         ;
; IP_TOOL_VERSION                     ; 13.0                                                     ; --            ; altera_merlin_master_agent      ; --         ;
; IP_TOOL_VERSION                     ; 13.0                                                     ; --            ; altera_merlin_master_translator ; --         ;
; IP_TOOL_VERSION                     ; 13.0                                                     ; --            ; altera_merlin_slave_agent       ; --         ;
; IP_TOOL_VERSION                     ; 13.0                                                     ; --            ; altera_merlin_slave_translator  ; --         ;
; IP_TOOL_VERSION                     ; 13.0                                                     ; --            ; altera_reset_controller         ; --         ;
; IP_TOOL_VERSION                     ; 13.0sp1                                                  ; --            ; system                          ; --         ;
; IP_TOOL_VERSION                     ; 13.0                                                     ; --            ; system_addr_router              ; --         ;
; IP_TOOL_VERSION                     ; 13.0                                                     ; --            ; system_addr_router_001          ; --         ;
; IP_TOOL_VERSION                     ; 13.0                                                     ; --            ; system_cmd_xbar_demux           ; --         ;
; IP_TOOL_VERSION                     ; 13.0                                                     ; --            ; system_cmd_xbar_demux_001       ; --         ;
; IP_TOOL_VERSION                     ; 13.0                                                     ; --            ; system_cmd_xbar_mux             ; --         ;
; IP_TOOL_VERSION                     ; 13.0                                                     ; --            ; system_id_router                ; --         ;
; IP_TOOL_VERSION                     ; 13.0                                                     ; --            ; system_id_router_003            ; --         ;
; IP_TOOL_VERSION                     ; 13.0                                                     ; --            ; system_irq_mapper               ; --         ;
; IP_TOOL_VERSION                     ; 13.0.1.99.2                                              ; --            ; system_jtag_uart_0              ; --         ;
; IP_TOOL_VERSION                     ; 13.0                                                     ; --            ; system_nios2_qsys_0             ; --         ;
; IP_TOOL_VERSION                     ; 13.0.1.99.2                                              ; --            ; system_onchip_memory2_0         ; --         ;
; IP_TOOL_VERSION                     ; 13.0.1.99.2                                              ; --            ; system_pio_hex                  ; --         ;
; IP_TOOL_VERSION                     ; 13.0                                                     ; --            ; system_rsp_xbar_demux           ; --         ;
; IP_TOOL_VERSION                     ; 13.0                                                     ; --            ; system_rsp_xbar_demux_003       ; --         ;
; IP_TOOL_VERSION                     ; 13.0                                                     ; --            ; system_rsp_xbar_mux             ; --         ;
; IP_TOOL_VERSION                     ; 13.0                                                     ; --            ; system_rsp_xbar_mux_001         ; --         ;
; IP_TOOL_VERSION                     ; 13.0.1.99.2                                              ; --            ; system_switch                   ; --         ;
; MAX_CORE_JUNCTION_TEMP              ; 85                                                       ; --            ; --                              ; --         ;
; MIN_CORE_JUNCTION_TEMP              ; 0                                                        ; --            ; --                              ; --         ;
; MISC_FILE                           ; system/synthesis/../../system.cmp                        ; --            ; --                              ; --         ;
; MISC_FILE                           ; system/synthesis/../../system.qsys                       ; --            ; --                              ; --         ;
; PARTITION_COLOR                     ; 16764057                                                 ; --            ; lab2                            ; Top        ;
; PARTITION_FITTER_PRESERVATION_LEVEL ; PLACEMENT_AND_ROUTING                                    ; --            ; lab2                            ; Top        ;
; PARTITION_NETLIST_TYPE              ; SOURCE                                                   ; --            ; lab2                            ; Top        ;
; POWER_BOARD_THERMAL_MODEL           ; None (CONSERVATIVE)                                      ; --            ; --                              ; --         ;
; POWER_PRESET_COOLING_SOLUTION       ; 23 MM HEAT SINK WITH 200 LFPM AIRFLOW                    ; --            ; --                              ; --         ;
; PROJECT_OUTPUT_DIRECTORY            ; output_files                                             ; --            ; --                              ; --         ;
; SLD_INFO                            ; QSYS_NAME system HAS_SOPCINFO 1 GENERATION_ID 1773305752 ; --            ; system                          ; --         ;
; SOPCINFO_FILE                       ; system/synthesis/../../system.sopcinfo                   ; --            ; --                              ; --         ;
; SYNTHESIS_ONLY_QIP                  ; On                                                       ; --            ; --                              ; --         ;
; TOP_LEVEL_ENTITY                    ; lab2                                                     ; lab1          ; --                              ; --         ;
+-------------------------------------+----------------------------------------------------------+---------------+---------------------------------+------------+


+-------------------------------------------------------------------------------------------------------------------------------+
; Flow Elapsed Time                                                                                                             ;
+---------------------------+--------------+-------------------------+---------------------+------------------------------------+
; Module Name               ; Elapsed Time ; Average Processors Used ; Peak Virtual Memory ; Total CPU Time (on all processors) ;
+---------------------------+--------------+-------------------------+---------------------+------------------------------------+
; Analysis & Synthesis      ; 00:00:07     ; 1.0                     ; 4721 MB             ; 00:00:08                           ;
; Fitter                    ; 00:00:12     ; 1.0                     ; 4919 MB             ; 00:00:11                           ;
; Assembler                 ; 00:00:04     ; 1.0                     ; 4579 MB             ; 00:00:03                           ;
; TimeQuest Timing Analyzer ; 00:00:02     ; 1.0                     ; 4589 MB             ; 00:00:02                           ;
; Total                     ; 00:00:25     ; --                      ; --                  ; 00:00:24                           ;
+---------------------------+--------------+-------------------------+---------------------+------------------------------------+


+----------------------------------------------------------------------------------------+
; Flow OS Summary                                                                        ;
+---------------------------+------------------+-----------+------------+----------------+
; Module Name               ; Machine Hostname ; OS Name   ; OS Version ; Processor type ;
+---------------------------+------------------+-----------+------------+----------------+
; Analysis & Synthesis      ; VuDuong-32       ; Windows 7 ; 6.2        ; x86_64         ;
; Fitter                    ; VuDuong-32       ; Windows 7 ; 6.2        ; x86_64         ;
; Assembler                 ; VuDuong-32       ; Windows 7 ; 6.2        ; x86_64         ;
; TimeQuest Timing Analyzer ; VuDuong-32       ; Windows 7 ; 6.2        ; x86_64         ;
+---------------------------+------------------+-----------+------------+----------------+


------------
; Flow Log ;
------------
quartus_map --read_settings_files=on --write_settings_files=off lab1 -c lab1
quartus_fit --read_settings_files=off --write_settings_files=off lab1 -c lab1
quartus_asm --read_settings_files=off --write_settings_files=off lab1 -c lab1
quartus_sta lab1 -c lab1



