Analysis & Synthesis report for Mw9
Thu Nov 20 21:05:06 2025
Quartus II 64-Bit Version 13.0.1 Build 232 06/12/2013 Service Pack 1 SJ Web Edition


---------------------
; Table of Contents ;
---------------------
  1. Legal Notice
  2. Analysis & Synthesis Summary
  3. Analysis & Synthesis Settings
  4. Parallel Compilation
  5. Analysis & Synthesis Source Files Read
  6. Analysis & Synthesis Resource Usage Summary
  7. Analysis & Synthesis Resource Utilization by Entity
  8. General Register Statistics
  9. Elapsed Time Per Partition
 10. Analysis & Synthesis Messages



----------------
; Legal Notice ;
----------------
Copyright (C) 1991-2013 Altera Corporation
Your use of Altera Corporation's design tools, logic functions 
and other software and tools, and its AMPP partner logic 
functions, and any output files from any of the foregoing 
(including device programming or simulation files), and any 
associated documentation or information are expressly subject 
to the terms and conditions of the Altera Program License 
Subscription Agreement, Altera MegaCore Function License 
Agreement, or other applicable license agreement, including, 
without limitation, that your use is for the sole purpose of 
programming logic devices manufactured by Altera and sold by 
Altera or its authorized distributors.  Please refer to the 
applicable agreement for further details.



+--------------------------------------------------------------------------------------+
; Analysis & Synthesis Summary                                                         ;
+------------------------------------+-------------------------------------------------+
; Analysis & Synthesis Status        ; Successful - Thu Nov 20 21:05:06 2025           ;
; Quartus II 64-Bit Version          ; 13.0.1 Build 232 06/12/2013 SP 1 SJ Web Edition ;
; Revision Name                      ; Mw9                                             ;
; Top-level Entity Name              ; Mw9                                             ;
; Family                             ; Cyclone II                                      ;
; Total logic elements               ; 96                                              ;
;     Total combinational functions  ; 96                                              ;
;     Dedicated logic registers      ; 41                                              ;
; Total registers                    ; 41                                              ;
; Total pins                         ; 39                                              ;
; Total virtual pins                 ; 0                                               ;
; Total memory bits                  ; 0                                               ;
; Embedded Multiplier 9-bit elements ; 0                                               ;
; Total PLLs                         ; 0                                               ;
+------------------------------------+-------------------------------------------------+


+----------------------------------------------------------------------------------------------------------------------+
; Analysis & Synthesis Settings                                                                                        ;
+----------------------------------------------------------------------------+--------------------+--------------------+
; Option                                                                     ; Setting            ; Default Value      ;
+----------------------------------------------------------------------------+--------------------+--------------------+
; Device                                                                     ; EP2C35F672C6       ;                    ;
; Top-level entity name                                                      ; Mw9                ; Mw9                ;
; Family name                                                                ; Cyclone II         ; Cyclone IV GX      ;
; Use smart compilation                                                      ; Off                ; Off                ;
; Enable parallel Assembler and TimeQuest Timing Analyzer during compilation ; On                 ; On                 ;
; Enable compact report table                                                ; Off                ; Off                ;
; Restructure Multiplexers                                                   ; Auto               ; Auto               ;
; Create Debugging Nodes for IP Cores                                        ; Off                ; Off                ;
; Preserve fewer node names                                                  ; On                 ; On                 ;
; Disable OpenCore Plus hardware evaluation                                  ; Off                ; Off                ;
; Verilog Version                                                            ; Verilog_2001       ; Verilog_2001       ;
; VHDL Version                                                               ; VHDL_1993          ; VHDL_1993          ;
; State Machine Processing                                                   ; Auto               ; Auto               ;
; Safe State Machine                                                         ; Off                ; Off                ;
; Extract Verilog State Machines                                             ; On                 ; On                 ;
; Extract VHDL State Machines                                                ; On                 ; On                 ;
; Ignore Verilog initial constructs                                          ; Off                ; Off                ;
; Iteration limit for constant Verilog loops                                 ; 5000               ; 5000               ;
; Iteration limit for non-constant Verilog loops                             ; 250                ; 250                ;
; Add Pass-Through Logic to Inferred RAMs                                    ; On                 ; On                 ;
; Infer RAMs from Raw Logic                                                  ; On                 ; On                 ;
; Parallel Synthesis                                                         ; On                 ; On                 ;
; DSP Block Balancing                                                        ; Auto               ; Auto               ;
; NOT Gate Push-Back                                                         ; On                 ; On                 ;
; Power-Up Don't Care                                                        ; On                 ; On                 ;
; Remove Redundant Logic Cells                                               ; Off                ; Off                ;
; Remove Duplicate Registers                                                 ; On                 ; On                 ;
; Ignore CARRY Buffers                                                       ; Off                ; Off                ;
; Ignore CASCADE Buffers                                                     ; Off                ; Off                ;
; Ignore GLOBAL Buffers                                                      ; Off                ; Off                ;
; Ignore ROW GLOBAL Buffers                                                  ; Off                ; Off                ;
; Ignore LCELL Buffers                                                       ; Off                ; Off                ;
; Ignore SOFT Buffers                                                        ; On                 ; On                 ;
; Limit AHDL Integers to 32 Bits                                             ; Off                ; Off                ;
; Optimization Technique                                                     ; Balanced           ; Balanced           ;
; Carry Chain Length                                                         ; 70                 ; 70                 ;
; Auto Carry Chains                                                          ; On                 ; On                 ;
; Auto Open-Drain Pins                                                       ; On                 ; On                 ;
; Perform WYSIWYG Primitive Resynthesis                                      ; Off                ; Off                ;
; Auto ROM Replacement                                                       ; On                 ; On                 ;
; Auto RAM Replacement                                                       ; On                 ; On                 ;
; Auto Shift Register Replacement                                            ; Auto               ; Auto               ;
; Allow Shift Register Merging across Hierarchies                            ; Auto               ; Auto               ;
; Auto Clock Enable Replacement                                              ; On                 ; On                 ;
; Strict RAM Replacement                                                     ; Off                ; Off                ;
; Allow Synchronous Control Signals                                          ; On                 ; On                 ;
; Force Use of Synchronous Clear Signals                                     ; Off                ; Off                ;
; Auto RAM to Logic Cell Conversion                                          ; Off                ; Off                ;
; Auto Resource Sharing                                                      ; Off                ; Off                ;
; Allow Any RAM Size For Recognition                                         ; Off                ; Off                ;
; Allow Any ROM Size For Recognition                                         ; Off                ; Off                ;
; Allow Any Shift Register Size For Recognition                              ; Off                ; Off                ;
; Use LogicLock Constraints during Resource Balancing                        ; On                 ; On                 ;
; Ignore translate_off and synthesis_off directives                          ; Off                ; Off                ;
; Timing-Driven Synthesis                                                    ; Off                ; Off                ;
; Report Parameter Settings                                                  ; On                 ; On                 ;
; Report Source Assignments                                                  ; On                 ; On                 ;
; Report Connectivity Checks                                                 ; On                 ; On                 ;
; Ignore Maximum Fan-Out Assignments                                         ; Off                ; Off                ;
; Synchronization Register Chain Length                                      ; 2                  ; 2                  ;
; PowerPlay Power Optimization                                               ; Normal compilation ; Normal compilation ;
; HDL message level                                                          ; Level2             ; Level2             ;
; Suppress Register Optimization Related Messages                            ; Off                ; Off                ;
; Number of Removed Registers Reported in Synthesis Report                   ; 5000               ; 5000               ;
; Number of Swept Nodes Reported in Synthesis Report                         ; 5000               ; 5000               ;
; Number of Inverted Registers Reported in Synthesis Report                  ; 100                ; 100                ;
; Clock MUX Protection                                                       ; On                 ; On                 ;
; Auto Gated Clock Conversion                                                ; Off                ; Off                ;
; Block Design Naming                                                        ; Auto               ; Auto               ;
; SDC constraint protection                                                  ; Off                ; Off                ;
; Synthesis Effort                                                           ; Auto               ; Auto               ;
; Shift Register Replacement - Allow Asynchronous Clear Signal               ; On                 ; On                 ;
; Pre-Mapping Resynthesis Optimization                                       ; Off                ; Off                ;
; Analysis & Synthesis Message Level                                         ; Medium             ; Medium             ;
; Disable Register Merging Across Hierarchies                                ; Auto               ; Auto               ;
; Resource Aware Inference For Block RAM                                     ; On                 ; On                 ;
; Synthesis Seed                                                             ; 1                  ; 1                  ;
+----------------------------------------------------------------------------+--------------------+--------------------+


Parallel compilation was disabled, but you have multiple processors available. Enable parallel compilation to reduce compilation time.
+-------------------------------------+
; Parallel Compilation                ;
+----------------------------+--------+
; Processors                 ; Number ;
+----------------------------+--------+
; Number detected on machine ; 8      ;
; Maximum allowed            ; 1      ;
+----------------------------+--------+


+------------------------------------------------------------------------------------------------------------------------------------------------------------------------------------------+
; Analysis & Synthesis Source Files Read                                                                                                                                                   ;
+---------------------------------------------+-----------------+------------------------------------+---------------------------------------------------------------------------+---------+
; File Name with User-Entered Path            ; Used in Netlist ; File Type                          ; File Name with Absolute Path                                              ; Library ;
+---------------------------------------------+-----------------+------------------------------------+---------------------------------------------------------------------------+---------+
; ../../../CircuitDesign/Sum1to8/HA.bdf       ; yes             ; User Block Diagram/Schematic File  ; D:/HK5/CE118_DigitalLogicDesign/CircuitDesign/Sum1to8/HA.bdf              ;         ;
; ../../../CircuitDesign/Sum1to8/FA.bdf       ; yes             ; User Block Diagram/Schematic File  ; D:/HK5/CE118_DigitalLogicDesign/CircuitDesign/Sum1to8/FA.bdf              ;         ;
; ../ALU16/Adder4.bdf                         ; yes             ; User Block Diagram/Schematic File  ; D:/HK5/CE118_DigitalLogicDesign/TH_Quartus/LAB3/ALU16/Adder4.bdf          ;         ;
; ../../../CircuitDesign/DichBitTrai/Left.bdf ; yes             ; User Block Diagram/Schematic File  ; D:/HK5/CE118_DigitalLogicDesign/CircuitDesign/DichBitTrai/Left.bdf        ;         ;
; 8sl.bdf                                     ; yes             ; User Block Diagram/Schematic File  ; D:/HK5/CE118_DigitalLogicDesign/TH_Quartus/LAB3/Multiple/8sl.bdf          ;         ;
; Adder8.bdf                                  ; yes             ; User Block Diagram/Schematic File  ; D:/HK5/CE118_DigitalLogicDesign/TH_Quartus/LAB3/Multiple/Adder8.bdf       ;         ;
; 8mux21.bdf                                  ; yes             ; User Block Diagram/Schematic File  ; D:/HK5/CE118_DigitalLogicDesign/TH_Quartus/LAB3/Multiple/8mux21.bdf       ;         ;
; 4mux21.bdf                                  ; yes             ; User Block Diagram/Schematic File  ; D:/HK5/CE118_DigitalLogicDesign/TH_Quartus/LAB3/Multiple/4mux21.bdf       ;         ;
; Plus8s.bdf                                  ; yes             ; User Block Diagram/Schematic File  ; D:/HK5/CE118_DigitalLogicDesign/TH_Quartus/LAB3/Multiple/Plus8s.bdf       ;         ;
; 4Equal.bdf                                  ; yes             ; User Block Diagram/Schematic File  ; D:/HK5/CE118_DigitalLogicDesign/TH_Quartus/LAB3/Multiple/4Equal.bdf       ;         ;
; DCfSL.bdf                                   ; yes             ; User Block Diagram/Schematic File  ; D:/HK5/CE118_DigitalLogicDesign/TH_Quartus/LAB3/Multiple/DCfSL.bdf        ;         ;
; Mw9.bdf                                     ; yes             ; User Block Diagram/Schematic File  ; D:/HK5/CE118_DigitalLogicDesign/TH_Quartus/LAB3/Multiple/Mw9.bdf          ;         ;
; Adder4fDD.bdf                               ; yes             ; User Block Diagram/Schematic File  ; D:/HK5/CE118_DigitalLogicDesign/TH_Quartus/LAB3/Multiple/Adder4fDD.bdf    ;         ;
; 20sl.bdf                                    ; yes             ; User Block Diagram/Schematic File  ; D:/HK5/CE118_DigitalLogicDesign/TH_Quartus/LAB3/Multiple/20sl.bdf         ;         ;
; Counter8.bdf                                ; yes             ; User Block Diagram/Schematic File  ; D:/HK5/CE118_DigitalLogicDesign/TH_Quartus/LAB3/Multiple/Counter8.bdf     ;         ;
; DCfC.bdf                                    ; yes             ; User Block Diagram/Schematic File  ; D:/HK5/CE118_DigitalLogicDesign/TH_Quartus/LAB3/Multiple/DCfC.bdf         ;         ;
; DatapathDD.bdf                              ; yes             ; User Block Diagram/Schematic File  ; D:/HK5/CE118_DigitalLogicDesign/TH_Quartus/LAB3/Multiple/DatapathDD.bdf   ;         ;
; ControllerDD.bdf                            ; yes             ; User Block Diagram/Schematic File  ; D:/HK5/CE118_DigitalLogicDesign/TH_Quartus/LAB3/Multiple/ControllerDD.bdf ;         ;
; DD.bdf                                      ; yes             ; User Block Diagram/Schematic File  ; D:/HK5/CE118_DigitalLogicDesign/TH_Quartus/LAB3/Multiple/DD.bdf           ;         ;
; 4sl.bdf                                     ; yes             ; User Block Diagram/Schematic File  ; D:/HK5/CE118_DigitalLogicDesign/TH_Quartus/LAB3/Multiple/4sl.bdf          ;         ;
; IsZero.bdf                                  ; yes             ; User Block Diagram/Schematic File  ; D:/HK5/CE118_DigitalLogicDesign/TH_Quartus/LAB3/Multiple/IsZero.bdf       ;         ;
; 7447.bdf                                    ; yes             ; Megafunction                       ; d:/apps/study/quartus/quartus/libraries/others/maxplus2/7447.bdf          ;         ;
; 21mux.bdf                                   ; yes             ; Megafunction                       ; d:/apps/study/quartus/quartus/libraries/others/maxplus2/21mux.bdf         ;         ;
; mux41.bdf                                   ; yes             ; Megafunction                       ; d:/apps/study/quartus/quartus/libraries/others/maxplus2/mux41.bdf         ;         ;
+---------------------------------------------+-----------------+------------------------------------+---------------------------------------------------------------------------+---------+


+-----------------------------------------------------+
; Analysis & Synthesis Resource Usage Summary         ;
+---------------------------------------------+-------+
; Resource                                    ; Usage ;
+---------------------------------------------+-------+
; Estimated Total logic elements              ; 96    ;
;                                             ;       ;
; Total combinational functions               ; 96    ;
; Logic element usage by number of LUT inputs ;       ;
;     -- 4 input functions                    ; 59    ;
;     -- 3 input functions                    ; 29    ;
;     -- <=2 input functions                  ; 8     ;
;                                             ;       ;
; Logic elements by mode                      ;       ;
;     -- normal mode                          ; 96    ;
;     -- arithmetic mode                      ; 0     ;
;                                             ;       ;
; Total registers                             ; 41    ;
;     -- Dedicated logic registers            ; 41    ;
;     -- I/O registers                        ; 0     ;
;                                             ;       ;
; I/O pins                                    ; 39    ;
; Embedded Multiplier 9-bit elements          ; 0     ;
; Maximum fan-out node                        ; CLK   ;
; Maximum fan-out                             ; 41    ;
; Total fan-out                               ; 473   ;
; Average fan-out                             ; 2.69  ;
+---------------------------------------------+-------+


+------------------------------------------------------------------------------------------------------------------------------------------------------------------------------------------------------------------------------+
; Analysis & Synthesis Resource Utilization by Entity                                                                                                                                                                          ;
+-------------------------------+-------------------+--------------+-------------+--------------+---------+-----------+------+--------------+-------------------------------------------------------------------+--------------+
; Compilation Hierarchy Node    ; LC Combinationals ; LC Registers ; Memory Bits ; DSP Elements ; DSP 9x9 ; DSP 18x18 ; Pins ; Virtual Pins ; Full Hierarchy Name                                               ; Library Name ;
+-------------------------------+-------------------+--------------+-------------+--------------+---------+-----------+------+--------------+-------------------------------------------------------------------+--------------+
; |Mw9                          ; 96 (0)            ; 41 (0)       ; 0           ; 0            ; 0       ; 0         ; 39   ; 0            ; |Mw9                                                              ; work         ;
;    |7447:inst4|               ; 7 (7)             ; 0 (0)        ; 0           ; 0            ; 0       ; 0         ; 0    ; 0            ; |Mw9|7447:inst4                                                   ; work         ;
;    |7447:inst5|               ; 7 (7)             ; 0 (0)        ; 0           ; 0            ; 0       ; 0         ; 0    ; 0            ; |Mw9|7447:inst5                                                   ; work         ;
;    |7447:inst6|               ; 7 (7)             ; 0 (0)        ; 0           ; 0            ; 0       ; 0         ; 0    ; 0            ; |Mw9|7447:inst6                                                   ; work         ;
;    |8sl:inst|                 ; 8 (0)             ; 8 (0)        ; 0           ; 0            ; 0       ; 0         ; 0    ; 0            ; |Mw9|8sl:inst                                                     ; work         ;
;       |Left:inst3|            ; 4 (0)             ; 4 (4)        ; 0           ; 0            ; 0       ; 0         ; 0    ; 0            ; |Mw9|8sl:inst|Left:inst3                                          ; work         ;
;          |21mux:inst4|        ; 1 (1)             ; 0 (0)        ; 0           ; 0            ; 0       ; 0         ; 0    ; 0            ; |Mw9|8sl:inst|Left:inst3|21mux:inst4                              ; work         ;
;          |21mux:inst5|        ; 1 (1)             ; 0 (0)        ; 0           ; 0            ; 0       ; 0         ; 0    ; 0            ; |Mw9|8sl:inst|Left:inst3|21mux:inst5                              ; work         ;
;          |21mux:inst6|        ; 1 (1)             ; 0 (0)        ; 0           ; 0            ; 0       ; 0         ; 0    ; 0            ; |Mw9|8sl:inst|Left:inst3|21mux:inst6                              ; work         ;
;          |21mux:inst7|        ; 1 (1)             ; 0 (0)        ; 0           ; 0            ; 0       ; 0         ; 0    ; 0            ; |Mw9|8sl:inst|Left:inst3|21mux:inst7                              ; work         ;
;       |Left:inst|             ; 4 (0)             ; 4 (4)        ; 0           ; 0            ; 0       ; 0         ; 0    ; 0            ; |Mw9|8sl:inst|Left:inst                                           ; work         ;
;          |21mux:inst4|        ; 1 (1)             ; 0 (0)        ; 0           ; 0            ; 0       ; 0         ; 0    ; 0            ; |Mw9|8sl:inst|Left:inst|21mux:inst4                               ; work         ;
;          |21mux:inst5|        ; 1 (1)             ; 0 (0)        ; 0           ; 0            ; 0       ; 0         ; 0    ; 0            ; |Mw9|8sl:inst|Left:inst|21mux:inst5                               ; work         ;
;          |21mux:inst6|        ; 1 (1)             ; 0 (0)        ; 0           ; 0            ; 0       ; 0         ; 0    ; 0            ; |Mw9|8sl:inst|Left:inst|21mux:inst6                               ; work         ;
;          |21mux:inst7|        ; 1 (1)             ; 0 (0)        ; 0           ; 0            ; 0       ; 0         ; 0    ; 0            ; |Mw9|8sl:inst|Left:inst|21mux:inst7                               ; work         ;
;    |DCfSL:inst1|              ; 4 (4)             ; 0 (0)        ; 0           ; 0            ; 0       ; 0         ; 0    ; 0            ; |Mw9|DCfSL:inst1                                                  ; work         ;
;    |DD:inst3|                 ; 52 (0)            ; 25 (0)       ; 0           ; 0            ; 0       ; 0         ; 0    ; 0            ; |Mw9|DD:inst3                                                     ; work         ;
;       |ControllerDD:inst|     ; 1 (1)             ; 0 (0)        ; 0           ; 0            ; 0       ; 0         ; 0    ; 0            ; |Mw9|DD:inst3|ControllerDD:inst                                   ; work         ;
;       |DatapathDD:inst1|      ; 51 (0)            ; 25 (0)       ; 0           ; 0            ; 0       ; 0         ; 0    ; 0            ; |Mw9|DD:inst3|DatapathDD:inst1                                    ; work         ;
;          |20sl:inst|          ; 41 (0)            ; 20 (0)       ; 0           ; 0            ; 0       ; 0         ; 0    ; 0            ; |Mw9|DD:inst3|DatapathDD:inst1|20sl:inst                          ; work         ;
;             |4sl:inst1|       ; 8 (0)             ; 4 (4)        ; 0           ; 0            ; 0       ; 0         ; 0    ; 0            ; |Mw9|DD:inst3|DatapathDD:inst1|20sl:inst|4sl:inst1                ; work         ;
;                |mux41:inst4|  ; 2 (2)             ; 0 (0)        ; 0           ; 0            ; 0       ; 0         ; 0    ; 0            ; |Mw9|DD:inst3|DatapathDD:inst1|20sl:inst|4sl:inst1|mux41:inst4    ; work         ;
;                |mux41:inst5|  ; 2 (2)             ; 0 (0)        ; 0           ; 0            ; 0       ; 0         ; 0    ; 0            ; |Mw9|DD:inst3|DatapathDD:inst1|20sl:inst|4sl:inst1|mux41:inst5    ; work         ;
;                |mux41:inst6|  ; 2 (2)             ; 0 (0)        ; 0           ; 0            ; 0       ; 0         ; 0    ; 0            ; |Mw9|DD:inst3|DatapathDD:inst1|20sl:inst|4sl:inst1|mux41:inst6    ; work         ;
;                |mux41:inst7|  ; 2 (2)             ; 0 (0)        ; 0           ; 0            ; 0       ; 0         ; 0    ; 0            ; |Mw9|DD:inst3|DatapathDD:inst1|20sl:inst|4sl:inst1|mux41:inst7    ; work         ;
;             |4sl:inst2|       ; 8 (0)             ; 4 (4)        ; 0           ; 0            ; 0       ; 0         ; 0    ; 0            ; |Mw9|DD:inst3|DatapathDD:inst1|20sl:inst|4sl:inst2                ; work         ;
;                |mux41:inst4|  ; 2 (2)             ; 0 (0)        ; 0           ; 0            ; 0       ; 0         ; 0    ; 0            ; |Mw9|DD:inst3|DatapathDD:inst1|20sl:inst|4sl:inst2|mux41:inst4    ; work         ;
;                |mux41:inst5|  ; 2 (2)             ; 0 (0)        ; 0           ; 0            ; 0       ; 0         ; 0    ; 0            ; |Mw9|DD:inst3|DatapathDD:inst1|20sl:inst|4sl:inst2|mux41:inst5    ; work         ;
;                |mux41:inst6|  ; 2 (2)             ; 0 (0)        ; 0           ; 0            ; 0       ; 0         ; 0    ; 0            ; |Mw9|DD:inst3|DatapathDD:inst1|20sl:inst|4sl:inst2|mux41:inst6    ; work         ;
;                |mux41:inst7|  ; 2 (2)             ; 0 (0)        ; 0           ; 0            ; 0       ; 0         ; 0    ; 0            ; |Mw9|DD:inst3|DatapathDD:inst1|20sl:inst|4sl:inst2|mux41:inst7    ; work         ;
;             |4sl:inst3|       ; 4 (0)             ; 4 (4)        ; 0           ; 0            ; 0       ; 0         ; 0    ; 0            ; |Mw9|DD:inst3|DatapathDD:inst1|20sl:inst|4sl:inst3                ; work         ;
;                |mux41:inst4|  ; 1 (1)             ; 0 (0)        ; 0           ; 0            ; 0       ; 0         ; 0    ; 0            ; |Mw9|DD:inst3|DatapathDD:inst1|20sl:inst|4sl:inst3|mux41:inst4    ; work         ;
;                |mux41:inst5|  ; 1 (1)             ; 0 (0)        ; 0           ; 0            ; 0       ; 0         ; 0    ; 0            ; |Mw9|DD:inst3|DatapathDD:inst1|20sl:inst|4sl:inst3|mux41:inst5    ; work         ;
;                |mux41:inst6|  ; 1 (1)             ; 0 (0)        ; 0           ; 0            ; 0       ; 0         ; 0    ; 0            ; |Mw9|DD:inst3|DatapathDD:inst1|20sl:inst|4sl:inst3|mux41:inst6    ; work         ;
;                |mux41:inst7|  ; 1 (1)             ; 0 (0)        ; 0           ; 0            ; 0       ; 0         ; 0    ; 0            ; |Mw9|DD:inst3|DatapathDD:inst1|20sl:inst|4sl:inst3|mux41:inst7    ; work         ;
;             |4sl:inst9|       ; 10 (0)            ; 4 (4)        ; 0           ; 0            ; 0       ; 0         ; 0    ; 0            ; |Mw9|DD:inst3|DatapathDD:inst1|20sl:inst|4sl:inst9                ; work         ;
;                |mux41:inst4|  ; 3 (3)             ; 0 (0)        ; 0           ; 0            ; 0       ; 0         ; 0    ; 0            ; |Mw9|DD:inst3|DatapathDD:inst1|20sl:inst|4sl:inst9|mux41:inst4    ; work         ;
;                |mux41:inst5|  ; 2 (2)             ; 0 (0)        ; 0           ; 0            ; 0       ; 0         ; 0    ; 0            ; |Mw9|DD:inst3|DatapathDD:inst1|20sl:inst|4sl:inst9|mux41:inst5    ; work         ;
;                |mux41:inst6|  ; 3 (3)             ; 0 (0)        ; 0           ; 0            ; 0       ; 0         ; 0    ; 0            ; |Mw9|DD:inst3|DatapathDD:inst1|20sl:inst|4sl:inst9|mux41:inst6    ; work         ;
;                |mux41:inst7|  ; 2 (2)             ; 0 (0)        ; 0           ; 0            ; 0       ; 0         ; 0    ; 0            ; |Mw9|DD:inst3|DatapathDD:inst1|20sl:inst|4sl:inst9|mux41:inst7    ; work         ;
;             |4sl:inst|        ; 5 (0)             ; 4 (4)        ; 0           ; 0            ; 0       ; 0         ; 0    ; 0            ; |Mw9|DD:inst3|DatapathDD:inst1|20sl:inst|4sl:inst                 ; work         ;
;                |mux41:inst4|  ; 1 (1)             ; 0 (0)        ; 0           ; 0            ; 0       ; 0         ; 0    ; 0            ; |Mw9|DD:inst3|DatapathDD:inst1|20sl:inst|4sl:inst|mux41:inst4     ; work         ;
;                |mux41:inst5|  ; 1 (1)             ; 0 (0)        ; 0           ; 0            ; 0       ; 0         ; 0    ; 0            ; |Mw9|DD:inst3|DatapathDD:inst1|20sl:inst|4sl:inst|mux41:inst5     ; work         ;
;                |mux41:inst6|  ; 1 (1)             ; 0 (0)        ; 0           ; 0            ; 0       ; 0         ; 0    ; 0            ; |Mw9|DD:inst3|DatapathDD:inst1|20sl:inst|4sl:inst|mux41:inst6     ; work         ;
;                |mux41:inst7|  ; 2 (2)             ; 0 (0)        ; 0           ; 0            ; 0       ; 0         ; 0    ; 0            ; |Mw9|DD:inst3|DatapathDD:inst1|20sl:inst|4sl:inst|mux41:inst7     ; work         ;
;             |Adder4fDD:inst5| ; 2 (1)             ; 0 (0)        ; 0           ; 0            ; 0       ; 0         ; 0    ; 0            ; |Mw9|DD:inst3|DatapathDD:inst1|20sl:inst|Adder4fDD:inst5          ; work         ;
;                |FA:inst1|     ; 1 (1)             ; 0 (0)        ; 0           ; 0            ; 0       ; 0         ; 0    ; 0            ; |Mw9|DD:inst3|DatapathDD:inst1|20sl:inst|Adder4fDD:inst5|FA:inst1 ; work         ;
;             |Adder4fDD:inst7| ; 2 (1)             ; 0 (0)        ; 0           ; 0            ; 0       ; 0         ; 0    ; 0            ; |Mw9|DD:inst3|DatapathDD:inst1|20sl:inst|Adder4fDD:inst7          ; work         ;
;                |FA:inst1|     ; 1 (1)             ; 0 (0)        ; 0           ; 0            ; 0       ; 0         ; 0    ; 0            ; |Mw9|DD:inst3|DatapathDD:inst1|20sl:inst|Adder4fDD:inst7|FA:inst1 ; work         ;
;             |Adder4fDD:inst8| ; 2 (1)             ; 0 (0)        ; 0           ; 0            ; 0       ; 0         ; 0    ; 0            ; |Mw9|DD:inst3|DatapathDD:inst1|20sl:inst|Adder4fDD:inst8          ; work         ;
;                |FA:inst1|     ; 1 (1)             ; 0 (0)        ; 0           ; 0            ; 0       ; 0         ; 0    ; 0            ; |Mw9|DD:inst3|DatapathDD:inst1|20sl:inst|Adder4fDD:inst8|FA:inst1 ; work         ;
;          |Counter8:inst1|     ; 10 (8)            ; 5 (5)        ; 0           ; 0            ; 0       ; 0         ; 0    ; 0            ; |Mw9|DD:inst3|DatapathDD:inst1|Counter8:inst1                     ; work         ;
;             |21mux:inst20|    ; 1 (1)             ; 0 (0)        ; 0           ; 0            ; 0       ; 0         ; 0    ; 0            ; |Mw9|DD:inst3|DatapathDD:inst1|Counter8:inst1|21mux:inst20        ; work         ;
;             |IsZero:inst9|    ; 1 (1)             ; 0 (0)        ; 0           ; 0            ; 0       ; 0         ; 0    ; 0            ; |Mw9|DD:inst3|DatapathDD:inst1|Counter8:inst1|IsZero:inst9        ; work         ;
;    |Plus8s:inst2|             ; 11 (0)            ; 8 (8)        ; 0           ; 0            ; 0       ; 0         ; 0    ; 0            ; |Mw9|Plus8s:inst2                                                 ; work         ;
;       |4mux21:inst7|          ; 3 (3)             ; 0 (0)        ; 0           ; 0            ; 0       ; 0         ; 0    ; 0            ; |Mw9|Plus8s:inst2|4mux21:inst7                                    ; work         ;
;       |Adder8:inst|           ; 8 (0)             ; 0 (0)        ; 0           ; 0            ; 0       ; 0         ; 0    ; 0            ; |Mw9|Plus8s:inst2|Adder8:inst                                     ; work         ;
;          |Adder4:inst1|       ; 5 (0)             ; 0 (0)        ; 0           ; 0            ; 0       ; 0         ; 0    ; 0            ; |Mw9|Plus8s:inst2|Adder8:inst|Adder4:inst1                        ; work         ;
;             |FA:inst17|       ; 2 (0)             ; 0 (0)        ; 0           ; 0            ; 0       ; 0         ; 0    ; 0            ; |Mw9|Plus8s:inst2|Adder8:inst|Adder4:inst1|FA:inst17              ; work         ;
;                |HA:inst1|     ; 2 (2)             ; 0 (0)        ; 0           ; 0            ; 0       ; 0         ; 0    ; 0            ; |Mw9|Plus8s:inst2|Adder8:inst|Adder4:inst1|FA:inst17|HA:inst1     ; work         ;
;             |FA:inst18|       ; 2 (0)             ; 0 (0)        ; 0           ; 0            ; 0       ; 0         ; 0    ; 0            ; |Mw9|Plus8s:inst2|Adder8:inst|Adder4:inst1|FA:inst18              ; work         ;
;                |HA:inst1|     ; 2 (2)             ; 0 (0)        ; 0           ; 0            ; 0       ; 0         ; 0    ; 0            ; |Mw9|Plus8s:inst2|Adder8:inst|Adder4:inst1|FA:inst18|HA:inst1     ; work         ;
;             |FA:inst|         ; 1 (0)             ; 0 (0)        ; 0           ; 0            ; 0       ; 0         ; 0    ; 0            ; |Mw9|Plus8s:inst2|Adder8:inst|Adder4:inst1|FA:inst                ; work         ;
;                |HA:inst1|     ; 1 (1)             ; 0 (0)        ; 0           ; 0            ; 0       ; 0         ; 0    ; 0            ; |Mw9|Plus8s:inst2|Adder8:inst|Adder4:inst1|FA:inst|HA:inst1       ; work         ;
;          |Adder4:inst|        ; 3 (0)             ; 0 (0)        ; 0           ; 0            ; 0       ; 0         ; 0    ; 0            ; |Mw9|Plus8s:inst2|Adder8:inst|Adder4:inst                         ; work         ;
;             |FA:inst19|       ; 3 (0)             ; 0 (0)        ; 0           ; 0            ; 0       ; 0         ; 0    ; 0            ; |Mw9|Plus8s:inst2|Adder8:inst|Adder4:inst|FA:inst19               ; work         ;
;                |HA:inst|      ; 3 (3)             ; 0 (0)        ; 0           ; 0            ; 0       ; 0         ; 0    ; 0            ; |Mw9|Plus8s:inst2|Adder8:inst|Adder4:inst|FA:inst19|HA:inst       ; work         ;
+-------------------------------+-------------------+--------------+-------------+--------------+---------+-----------+------+--------------+-------------------------------------------------------------------+--------------+
Note: For table entries with two numbers listed, the numbers in parentheses indicate the number of resources of the given type used by the specific entity alone. The numbers listed outside of parentheses indicate the total resources of the given type used by the specific entity and all of its sub-entities in the hierarchy.


+------------------------------------------------------+
; General Register Statistics                          ;
+----------------------------------------------+-------+
; Statistic                                    ; Value ;
+----------------------------------------------+-------+
; Total registers                              ; 41    ;
; Number of registers using Synchronous Clear  ; 0     ;
; Number of registers using Synchronous Load   ; 0     ;
; Number of registers using Asynchronous Clear ; 5     ;
; Number of registers using Asynchronous Load  ; 0     ;
; Number of registers using Clock Enable       ; 14    ;
; Number of registers using Preset             ; 0     ;
+----------------------------------------------+-------+


+-------------------------------+
; Elapsed Time Per Partition    ;
+----------------+--------------+
; Partition Name ; Elapsed Time ;
+----------------+--------------+
; Top            ; 00:00:00     ;
+----------------+--------------+


+-------------------------------+
; Analysis & Synthesis Messages ;
+-------------------------------+
Info: *******************************************************************
Info: Running Quartus II 64-Bit Analysis & Synthesis
    Info: Version 13.0.1 Build 232 06/12/2013 Service Pack 1 SJ Web Edition
    Info: Processing started: Thu Nov 20 21:05:04 2025
Info: Command: quartus_map --read_settings_files=on --write_settings_files=off Mw9 -c Mw9
Warning (20028): Parallel compilation is not licensed and has been disabled
Info (12021): Found 1 design units, including 1 entities, in source file /hk5/ce118_digitallogicdesign/circuitdesign/sum1to8/ha.bdf
    Info (12023): Found entity 1: HA
Info (12021): Found 1 design units, including 1 entities, in source file /hk5/ce118_digitallogicdesign/circuitdesign/sum1to8/fa.bdf
    Info (12023): Found entity 1: FA
Info (12021): Found 1 design units, including 1 entities, in source file /hk5/ce118_digitallogicdesign/th_quartus/lab3/alu16/adder4.bdf
    Info (12023): Found entity 1: Adder4
Info (12021): Found 1 design units, including 1 entities, in source file /hk5/ce118_digitallogicdesign/circuitdesign/dichbittrai/left.bdf
    Info (12023): Found entity 1: Left
Info (12021): Found 1 design units, including 1 entities, in source file 8sl.bdf
    Info (12023): Found entity 1: 8sl
Info (12021): Found 1 design units, including 1 entities, in source file adder8.bdf
    Info (12023): Found entity 1: Adder8
Info (12021): Found 1 design units, including 1 entities, in source file 8mux21.bdf
    Info (12023): Found entity 1: 8mux21
Info (12021): Found 1 design units, including 1 entities, in source file 4mux21.bdf
    Info (12023): Found entity 1: 4mux21
Info (12021): Found 1 design units, including 1 entities, in source file plus8s.bdf
    Info (12023): Found entity 1: Plus8s
Info (12021): Found 1 design units, including 1 entities, in source file 4equal.bdf
    Info (12023): Found entity 1: 4Equal
Info (12021): Found 1 design units, including 1 entities, in source file dcfsl.bdf
    Info (12023): Found entity 1: DCfSL
Info (12021): Found 1 design units, including 1 entities, in source file mw9.bdf
    Info (12023): Found entity 1: Mw9
Info (12021): Found 1 design units, including 1 entities, in source file adder4fdd.bdf
    Info (12023): Found entity 1: Adder4fDD
Info (12021): Found 1 design units, including 1 entities, in source file 20sl.bdf
    Info (12023): Found entity 1: 20sl
Info (12021): Found 1 design units, including 1 entities, in source file counter8.bdf
    Info (12023): Found entity 1: Counter8
Info (12021): Found 1 design units, including 1 entities, in source file dcfc.bdf
    Info (12023): Found entity 1: DCfC
Info (12021): Found 1 design units, including 1 entities, in source file datapathdd.bdf
    Info (12023): Found entity 1: DatapathDD
Info (12021): Found 1 design units, including 1 entities, in source file controllerdd.bdf
    Info (12023): Found entity 1: ControllerDD
Info (12021): Found 1 design units, including 1 entities, in source file dd.bdf
    Info (12023): Found entity 1: DD
Info (12021): Found 1 design units, including 1 entities, in source file dcfm.bdf
    Info (12023): Found entity 1: DCfM
Info (12021): Found 1 design units, including 1 entities, in source file 4sl.bdf
    Info (12023): Found entity 1: 4sl
Info (12021): Found 1 design units, including 1 entities, in source file iszero.bdf
    Info (12023): Found entity 1: IsZero
Info (12127): Elaborating entity "Mw9" for the top level hierarchy
Info (12128): Elaborating entity "7447" for hierarchy "7447:inst4"
Info (12130): Elaborated megafunction instantiation "7447:inst4"
Info (12128): Elaborating entity "DD" for hierarchy "DD:inst3"
Info (12128): Elaborating entity "DatapathDD" for hierarchy "DD:inst3|DatapathDD:inst1"
Warning (275011): Block or symbol "NOT" of instance "inst3" overlaps another block or symbol
Info (12128): Elaborating entity "DCfC" for hierarchy "DD:inst3|DatapathDD:inst1|DCfC:inst2"
Info (12128): Elaborating entity "Counter8" for hierarchy "DD:inst3|DatapathDD:inst1|Counter8:inst1"
Info (12128): Elaborating entity "21mux" for hierarchy "DD:inst3|DatapathDD:inst1|Counter8:inst1|21mux:inst21"
Info (12130): Elaborated megafunction instantiation "DD:inst3|DatapathDD:inst1|Counter8:inst1|21mux:inst21"
Info (12128): Elaborating entity "IsZero" for hierarchy "DD:inst3|DatapathDD:inst1|Counter8:inst1|IsZero:inst9"
Info (12128): Elaborating entity "20sl" for hierarchy "DD:inst3|DatapathDD:inst1|20sl:inst"
Info (12128): Elaborating entity "4sl" for hierarchy "DD:inst3|DatapathDD:inst1|20sl:inst|4sl:inst2"
Info (12128): Elaborating entity "MUX41" for hierarchy "DD:inst3|DatapathDD:inst1|20sl:inst|4sl:inst2|MUX41:inst7"
Info (12130): Elaborated megafunction instantiation "DD:inst3|DatapathDD:inst1|20sl:inst|4sl:inst2|MUX41:inst7"
Info (12128): Elaborating entity "Adder4fDD" for hierarchy "DD:inst3|DatapathDD:inst1|20sl:inst|Adder4fDD:inst7"
Info (12128): Elaborating entity "FA" for hierarchy "DD:inst3|DatapathDD:inst1|20sl:inst|Adder4fDD:inst7|FA:inst3"
Info (12128): Elaborating entity "HA" for hierarchy "DD:inst3|DatapathDD:inst1|20sl:inst|Adder4fDD:inst7|FA:inst3|HA:inst1"
Info (12128): Elaborating entity "ControllerDD" for hierarchy "DD:inst3|ControllerDD:inst"
Info (12128): Elaborating entity "DCfSL" for hierarchy "DCfSL:inst1"
Info (12128): Elaborating entity "4Equal" for hierarchy "DCfSL:inst1|4Equal:inst"
Info (12128): Elaborating entity "8sl" for hierarchy "8sl:inst"
Info (12128): Elaborating entity "Left" for hierarchy "8sl:inst|Left:inst"
Info (12128): Elaborating entity "Plus8s" for hierarchy "Plus8s:inst2"
Warning (275085): Found inconsistent dimensions for element "S"
Warning (275080): Converted elements in bus name "S" using legacy naming rules. Make any assignments on the new names, not on the original names.
    Warning (275081): Converted element name(s) from "S[7..0]" to "S7..0"
    Warning (275081): Converted element name(s) from "S[7]" to "S7"
    Warning (275081): Converted element name(s) from "S[6]" to "S6"
    Warning (275081): Converted element name(s) from "S[5]" to "S5"
    Warning (275081): Converted element name(s) from "S[4]" to "S4"
    Warning (275081): Converted element name(s) from "S[3]" to "S3"
    Warning (275081): Converted element name(s) from "S[2]" to "S2"
    Warning (275081): Converted element name(s) from "S[1]" to "S1"
    Warning (275081): Converted element name(s) from "S[0]" to "S0"
Info (12128): Elaborating entity "Adder8" for hierarchy "Plus8s:inst2|Adder8:inst"
Info (12128): Elaborating entity "Adder4" for hierarchy "Plus8s:inst2|Adder8:inst|Adder4:inst1"
Info (12128): Elaborating entity "8mux21" for hierarchy "Plus8s:inst2|8mux21:inst6"
Info (12128): Elaborating entity "4mux21" for hierarchy "Plus8s:inst2|4mux21:inst7"
Info (16010): Generating hard_block partition "hard_block:auto_generated_inst"
    Info (16011): Adding 0 node(s), including 0 DDIO, 0 PLL, 0 transceiver and 0 LCELL
Info (21057): Implemented 135 device resources after synthesis - the final resource count might be different
    Info (21058): Implemented 6 input pins
    Info (21059): Implemented 33 output pins
    Info (21061): Implemented 96 logic cells
Info: Quartus II 64-Bit Analysis & Synthesis was successful. 0 errors, 13 warnings
    Info: Peak virtual memory: 4606 megabytes
    Info: Processing ended: Thu Nov 20 21:05:06 2025
    Info: Elapsed time: 00:00:02
    Info: Total CPU time (on all processors): 00:00:02


