Flow report for Bai4
Fri Mar 20 09:22:03 2026
Quartus II 64-Bit Version 13.0.1 Build 232 06/12/2013 Service Pack 1 SJ Web Edition


---------------------
; Table of Contents ;
---------------------
  1. Legal Notice
  2. Flow Summary
  3. Flow Settings
  4. Flow Non-Default Global Settings
  5. Flow Elapsed Time
  6. Flow OS Summary
  7. Flow Log
  8. Flow Messages
  9. Flow Suppressed Messages



----------------
; Legal Notice ;
----------------
Copyright (C) 1991-2013 Altera Corporation
Your use of Altera Corporation's design tools, logic functions 
and other software and tools, and its AMPP partner logic 
functions, and any output files from any of the foregoing 
(including device programming or simulation files), and any 
associated documentation or information are expressly subject 
to the terms and conditions of the Altera Program License 
Subscription Agreement, Altera MegaCore Function License 
Agreement, or other applicable license agreement, including, 
without limitation, that your use is for the sole purpose of 
programming logic devices manufactured by Altera and sold by 
Altera or its authorized distributors.  Please refer to the 
applicable agreement for further details.



+--------------------------------------------------------------------------------------+
; Flow Summary                                                                         ;
+------------------------------------+-------------------------------------------------+
; Flow Status                        ; Successful - Fri Mar 20 09:22:00 2026           ;
; Quartus II 64-Bit Version          ; 13.0.1 Build 232 06/12/2013 SP 1 SJ Web Edition ;
; Revision Name                      ; Bai4                                            ;
; Top-level Entity Name              ; Bai4                                            ;
; Family                             ; Cyclone II                                      ;
; Device                             ; EP2C35F672C6                                    ;
; Timing Models                      ; Final                                           ;
; Total logic elements               ; 3,145 / 33,216 ( 9 % )                          ;
;     Total combinational functions  ; 2,273 / 33,216 ( 7 % )                          ;
;     Dedicated logic registers      ; 2,228 / 33,216 ( 7 % )                          ;
; Total registers                    ; 2228                                            ;
; Total pins                         ; 2 / 475 ( < 1 % )                               ;
; Total virtual pins                 ; 0                                               ;
; Total memory bits                  ; 282,496 / 483,840 ( 58 % )                      ;
; Embedded Multiplier 9-bit elements ; 0 / 70 ( 0 % )                                  ;
; Total PLLs                         ; 0 / 4 ( 0 % )                                   ;
+------------------------------------+-------------------------------------------------+


+-----------------------------------------+
; Flow Settings                           ;
+-------------------+---------------------+
; Option            ; Setting             ;
+-------------------+---------------------+
; Start date & time ; 03/20/2026 09:21:34 ;
; Main task         ; Compilation         ;
; Revision Name     ; Bai4                ;
+-------------------+---------------------+


+----------------------------------------------------------------------------------------------------------------------------------------------------------------------------------------------------------------------------------------------------------------------------------------------------------------------------------------------------------------------------------------------------------------------------------------------+
; Flow Non-Default Global Settings                                                                                                                                                                                                                                                                                                                                                                                                             ;
+-------------------------------------+-----------------------------------------------------------------------------------------------------------------------------------------------------------------------------------------------------------------------------------------------------------------------------------------------------------------------------------+---------------+---------------------------------+------------------+
; Assignment Name                     ; Value                                                                                                                                                                                                                                                                                                                             ; Default Value ; Entity Name                     ; Section Id       ;
+-------------------------------------+-----------------------------------------------------------------------------------------------------------------------------------------------------------------------------------------------------------------------------------------------------------------------------------------------------------------------------------+---------------+---------------------------------+------------------+
; COMPILER_SIGNATURE_ID               ; 92668497242013.177397329415676                                                                                                                                                                                                                                                                                                    ; --            ; --                              ; --               ;
; ENABLE_SIGNALTAP                    ; On                                                                                                                                                                                                                                                                                                                                ; --            ; --                              ; --               ;
; IP_TOOL_ENV                         ; Qsys                                                                                                                                                                                                                                                                                                                              ; --            ; altera_avalon_sc_fifo           ; --               ;
; IP_TOOL_ENV                         ; Qsys                                                                                                                                                                                                                                                                                                                              ; --            ; altera_merlin_master_agent      ; --               ;
; IP_TOOL_ENV                         ; Qsys                                                                                                                                                                                                                                                                                                                              ; --            ; altera_merlin_master_translator ; --               ;
; IP_TOOL_ENV                         ; Qsys                                                                                                                                                                                                                                                                                                                              ; --            ; altera_merlin_slave_agent       ; --               ;
; IP_TOOL_ENV                         ; Qsys                                                                                                                                                                                                                                                                                                                              ; --            ; altera_merlin_slave_translator  ; --               ;
; IP_TOOL_ENV                         ; Qsys                                                                                                                                                                                                                                                                                                                              ; --            ; altera_reset_controller         ; --               ;
; IP_TOOL_ENV                         ; Qsys                                                                                                                                                                                                                                                                                                                              ; --            ; system                          ; --               ;
; IP_TOOL_ENV                         ; Qsys                                                                                                                                                                                                                                                                                                                              ; --            ; system_addr_router              ; --               ;
; IP_TOOL_ENV                         ; Qsys                                                                                                                                                                                                                                                                                                                              ; --            ; system_addr_router_001          ; --               ;
; IP_TOOL_ENV                         ; Qsys                                                                                                                                                                                                                                                                                                                              ; --            ; system_cmd_xbar_demux           ; --               ;
; IP_TOOL_ENV                         ; Qsys                                                                                                                                                                                                                                                                                                                              ; --            ; system_cmd_xbar_demux_001       ; --               ;
; IP_TOOL_ENV                         ; Qsys                                                                                                                                                                                                                                                                                                                              ; --            ; system_cmd_xbar_mux             ; --               ;
; IP_TOOL_ENV                         ; Qsys                                                                                                                                                                                                                                                                                                                              ; --            ; system_id_router                ; --               ;
; IP_TOOL_ENV                         ; Qsys                                                                                                                                                                                                                                                                                                                              ; --            ; system_id_router_003            ; --               ;
; IP_TOOL_ENV                         ; Qsys                                                                                                                                                                                                                                                                                                                              ; --            ; system_irq_mapper               ; --               ;
; IP_TOOL_ENV                         ; Qsys                                                                                                                                                                                                                                                                                                                              ; --            ; system_jtag_uart_0              ; --               ;
; IP_TOOL_ENV                         ; Qsys                                                                                                                                                                                                                                                                                                                              ; --            ; system_nios2_qsys_0             ; --               ;
; IP_TOOL_ENV                         ; Qsys                                                                                                                                                                                                                                                                                                                              ; --            ; system_onchip_memory2_0         ; --               ;
; IP_TOOL_ENV                         ; Qsys                                                                                                                                                                                                                                                                                                                              ; --            ; system_rsp_xbar_demux           ; --               ;
; IP_TOOL_ENV                         ; Qsys                                                                                                                                                                                                                                                                                                                              ; --            ; system_rsp_xbar_demux_003       ; --               ;
; IP_TOOL_ENV                         ; Qsys                                                                                                                                                                                                                                                                                                                              ; --            ; system_rsp_xbar_mux             ; --               ;
; IP_TOOL_ENV                         ; Qsys                                                                                                                                                                                                                                                                                                                              ; --            ; system_rsp_xbar_mux_001         ; --               ;
; IP_TOOL_NAME                        ; altera_avalon_sc_fifo                                                                                                                                                                                                                                                                                                             ; --            ; altera_avalon_sc_fifo           ; --               ;
; IP_TOOL_NAME                        ; altera_merlin_master_agent                                                                                                                                                                                                                                                                                                        ; --            ; altera_merlin_master_agent      ; --               ;
; IP_TOOL_NAME                        ; altera_merlin_master_translator                                                                                                                                                                                                                                                                                                   ; --            ; altera_merlin_master_translator ; --               ;
; IP_TOOL_NAME                        ; altera_merlin_slave_agent                                                                                                                                                                                                                                                                                                         ; --            ; altera_merlin_slave_agent       ; --               ;
; IP_TOOL_NAME                        ; altera_merlin_slave_translator                                                                                                                                                                                                                                                                                                    ; --            ; altera_merlin_slave_translator  ; --               ;
; IP_TOOL_NAME                        ; altera_reset_controller                                                                                                                                                                                                                                                                                                           ; --            ; altera_reset_controller         ; --               ;
; IP_TOOL_NAME                        ; Qsys                                                                                                                                                                                                                                                                                                                              ; --            ; system                          ; --               ;
; IP_TOOL_NAME                        ; altera_merlin_router                                                                                                                                                                                                                                                                                                              ; --            ; system_addr_router              ; --               ;
; IP_TOOL_NAME                        ; altera_merlin_router                                                                                                                                                                                                                                                                                                              ; --            ; system_addr_router_001          ; --               ;
; IP_TOOL_NAME                        ; altera_merlin_demultiplexer                                                                                                                                                                                                                                                                                                       ; --            ; system_cmd_xbar_demux           ; --               ;
; IP_TOOL_NAME                        ; altera_merlin_demultiplexer                                                                                                                                                                                                                                                                                                       ; --            ; system_cmd_xbar_demux_001       ; --               ;
; IP_TOOL_NAME                        ; altera_merlin_multiplexer                                                                                                                                                                                                                                                                                                         ; --            ; system_cmd_xbar_mux             ; --               ;
; IP_TOOL_NAME                        ; altera_merlin_router                                                                                                                                                                                                                                                                                                              ; --            ; system_id_router                ; --               ;
; IP_TOOL_NAME                        ; altera_merlin_router                                                                                                                                                                                                                                                                                                              ; --            ; system_id_router_003            ; --               ;
; IP_TOOL_NAME                        ; altera_irq_mapper                                                                                                                                                                                                                                                                                                                 ; --            ; system_irq_mapper               ; --               ;
; IP_TOOL_NAME                        ; altera_avalon_jtag_uart                                                                                                                                                                                                                                                                                                           ; --            ; system_jtag_uart_0              ; --               ;
; IP_TOOL_NAME                        ; altera_nios2_qsys                                                                                                                                                                                                                                                                                                                 ; --            ; system_nios2_qsys_0             ; --               ;
; IP_TOOL_NAME                        ; altera_avalon_onchip_memory2                                                                                                                                                                                                                                                                                                      ; --            ; system_onchip_memory2_0         ; --               ;
; IP_TOOL_NAME                        ; altera_merlin_demultiplexer                                                                                                                                                                                                                                                                                                       ; --            ; system_rsp_xbar_demux           ; --               ;
; IP_TOOL_NAME                        ; altera_merlin_demultiplexer                                                                                                                                                                                                                                                                                                       ; --            ; system_rsp_xbar_demux_003       ; --               ;
; IP_TOOL_NAME                        ; altera_merlin_multiplexer                                                                                                                                                                                                                                                                                                         ; --            ; system_rsp_xbar_mux             ; --               ;
; IP_TOOL_NAME                        ; altera_merlin_multiplexer                                                                                                                                                                                                                                                                                                         ; --            ; system_rsp_xbar_mux_001         ; --               ;
; IP_TOOL_VERSION                     ; 13.0                                                                                                                                                                                                                                                                                                                              ; --            ; altera_avalon_sc_fifo           ; --               ;
; IP_TOOL_VERSION                     ; 13.0                                                                                                                                                                                                                                                                                                                              ; --            ; altera_merlin_master_agent      ; --               ;
; IP_TOOL_VERSION                     ; 13.0                                                                                                                                                                                                                                                                                                                              ; --            ; altera_merlin_master_translator ; --               ;
; IP_TOOL_VERSION                     ; 13.0                                                                                                                                                                                                                                                                                                                              ; --            ; altera_merlin_slave_agent       ; --               ;
; IP_TOOL_VERSION                     ; 13.0                                                                                                                                                                                                                                                                                                                              ; --            ; altera_merlin_slave_translator  ; --               ;
; IP_TOOL_VERSION                     ; 13.0                                                                                                                                                                                                                                                                                                                              ; --            ; altera_reset_controller         ; --               ;
; IP_TOOL_VERSION                     ; 13.0sp1                                                                                                                                                                                                                                                                                                                           ; --            ; system                          ; --               ;
; IP_TOOL_VERSION                     ; 13.0                                                                                                                                                                                                                                                                                                                              ; --            ; system_addr_router              ; --               ;
; IP_TOOL_VERSION                     ; 13.0                                                                                                                                                                                                                                                                                                                              ; --            ; system_addr_router_001          ; --               ;
; IP_TOOL_VERSION                     ; 13.0                                                                                                                                                                                                                                                                                                                              ; --            ; system_cmd_xbar_demux           ; --               ;
; IP_TOOL_VERSION                     ; 13.0                                                                                                                                                                                                                                                                                                                              ; --            ; system_cmd_xbar_demux_001       ; --               ;
; IP_TOOL_VERSION                     ; 13.0                                                                                                                                                                                                                                                                                                                              ; --            ; system_cmd_xbar_mux             ; --               ;
; IP_TOOL_VERSION                     ; 13.0                                                                                                                                                                                                                                                                                                                              ; --            ; system_id_router                ; --               ;
; IP_TOOL_VERSION                     ; 13.0                                                                                                                                                                                                                                                                                                                              ; --            ; system_id_router_003            ; --               ;
; IP_TOOL_VERSION                     ; 13.0                                                                                                                                                                                                                                                                                                                              ; --            ; system_irq_mapper               ; --               ;
; IP_TOOL_VERSION                     ; 13.0.1.99.2                                                                                                                                                                                                                                                                                                                       ; --            ; system_jtag_uart_0              ; --               ;
; IP_TOOL_VERSION                     ; 13.0                                                                                                                                                                                                                                                                                                                              ; --            ; system_nios2_qsys_0             ; --               ;
; IP_TOOL_VERSION                     ; 13.0.1.99.2                                                                                                                                                                                                                                                                                                                       ; --            ; system_onchip_memory2_0         ; --               ;
; IP_TOOL_VERSION                     ; 13.0                                                                                                                                                                                                                                                                                                                              ; --            ; system_rsp_xbar_demux           ; --               ;
; IP_TOOL_VERSION                     ; 13.0                                                                                                                                                                                                                                                                                                                              ; --            ; system_rsp_xbar_demux_003       ; --               ;
; IP_TOOL_VERSION                     ; 13.0                                                                                                                                                                                                                                                                                                                              ; --            ; system_rsp_xbar_mux             ; --               ;
; IP_TOOL_VERSION                     ; 13.0                                                                                                                                                                                                                                                                                                                              ; --            ; system_rsp_xbar_mux_001         ; --               ;
; MAX_CORE_JUNCTION_TEMP              ; 85                                                                                                                                                                                                                                                                                                                                ; --            ; --                              ; --               ;
; MIN_CORE_JUNCTION_TEMP              ; 0                                                                                                                                                                                                                                                                                                                                 ; --            ; --                              ; --               ;
; MISC_FILE                           ; system/synthesis/../../system.cmp                                                                                                                                                                                                                                                                                                 ; --            ; --                              ; --               ;
; MISC_FILE                           ; system/synthesis/../../system.qsys                                                                                                                                                                                                                                                                                                ; --            ; --                              ; --               ;
; PARTITION_COLOR                     ; 16764057                                                                                                                                                                                                                                                                                                                          ; --            ; --                              ; Top              ;
; PARTITION_FITTER_PRESERVATION_LEVEL ; PLACEMENT_AND_ROUTING                                                                                                                                                                                                                                                                                                             ; --            ; --                              ; Top              ;
; PARTITION_NETLIST_TYPE              ; SOURCE                                                                                                                                                                                                                                                                                                                            ; --            ; --                              ; Top              ;
; POWER_BOARD_THERMAL_MODEL           ; None (CONSERVATIVE)                                                                                                                                                                                                                                                                                                               ; --            ; --                              ; --               ;
; POWER_PRESET_COOLING_SOLUTION       ; 23 MM HEAT SINK WITH 200 LFPM AIRFLOW                                                                                                                                                                                                                                                                                             ; --            ; --                              ; --               ;
; PROJECT_OUTPUT_DIRECTORY            ; output_files                                                                                                                                                                                                                                                                                                                      ; --            ; --                              ; --               ;
; SLD_FILE                            ; D:/HK6/SoC_Design/labs/LAB2/Bai4/stp2_auto_stripped.stp                                                                                                                                                                                                                                                                           ; --            ; --                              ; --               ;
; SLD_INFO                            ; QSYS_NAME system HAS_SOPCINFO 1 GENERATION_ID 1773626168                                                                                                                                                                                                                                                                          ; --            ; system                          ; --               ;
; SLD_NODE_CREATOR_ID                 ; 110                                                                                                                                                                                                                                                                                                                               ; --            ; --                              ; auto_signaltap_0 ;
; SLD_NODE_ENTITY_NAME                ; sld_signaltap                                                                                                                                                                                                                                                                                                                     ; --            ; --                              ; auto_signaltap_0 ;
; SLD_NODE_PARAMETER_ASSIGNMENT       ; SLD_DATA_BITS=70                                                                                                                                                                                                                                                                                                                  ; --            ; --                              ; auto_signaltap_0 ;
; SLD_NODE_PARAMETER_ASSIGNMENT       ; SLD_TRIGGER_BITS=70                                                                                                                                                                                                                                                                                                               ; --            ; --                              ; auto_signaltap_0 ;
; SLD_NODE_PARAMETER_ASSIGNMENT       ; SLD_STORAGE_QUALIFIER_BITS=70                                                                                                                                                                                                                                                                                                     ; --            ; --                              ; auto_signaltap_0 ;
; SLD_NODE_PARAMETER_ASSIGNMENT       ; SLD_NODE_INFO=805334528                                                                                                                                                                                                                                                                                                           ; --            ; --                              ; auto_signaltap_0 ;
; SLD_NODE_PARAMETER_ASSIGNMENT       ; SLD_POWER_UP_TRIGGER=0                                                                                                                                                                                                                                                                                                            ; --            ; --                              ; auto_signaltap_0 ;
; SLD_NODE_PARAMETER_ASSIGNMENT       ; SLD_INVERSION_MASK=00000000000000000000000000000000000000000000000000000000000000000000000000000000000000000000000000000000000000000000000000000000000000000000000000000000000000000000000000000000000000000000000000000000000000000000000000000000000000000000000000000000000000000000000000000000000000000000000000000000000000 ; --            ; --                              ; auto_signaltap_0 ;
; SLD_NODE_PARAMETER_ASSIGNMENT       ; SLD_INVERSION_MASK_LENGTH=302                                                                                                                                                                                                                                                                                                     ; --            ; --                              ; auto_signaltap_0 ;
; SLD_NODE_PARAMETER_ASSIGNMENT       ; SLD_STORAGE_QUALIFIER_INVERSION_MASK_LENGTH=71                                                                                                                                                                                                                                                                                    ; --            ; --                              ; auto_signaltap_0 ;
; SLD_NODE_PARAMETER_ASSIGNMENT       ; SLD_SEGMENT_SIZE=128                                                                                                                                                                                                                                                                                                              ; --            ; --                              ; auto_signaltap_0 ;
; SLD_NODE_PARAMETER_ASSIGNMENT       ; SLD_ATTRIBUTE_MEM_MODE=OFF                                                                                                                                                                                                                                                                                                        ; --            ; --                              ; auto_signaltap_0 ;
; SLD_NODE_PARAMETER_ASSIGNMENT       ; SLD_STATE_FLOW_USE_GENERATED=0                                                                                                                                                                                                                                                                                                    ; --            ; --                              ; auto_signaltap_0 ;
; SLD_NODE_PARAMETER_ASSIGNMENT       ; SLD_STATE_BITS=11                                                                                                                                                                                                                                                                                                                 ; --            ; --                              ; auto_signaltap_0 ;
; SLD_NODE_PARAMETER_ASSIGNMENT       ; SLD_BUFFER_FULL_STOP=1                                                                                                                                                                                                                                                                                                            ; --            ; --                              ; auto_signaltap_0 ;
; SLD_NODE_PARAMETER_ASSIGNMENT       ; SLD_CURRENT_RESOURCE_WIDTH=1                                                                                                                                                                                                                                                                                                      ; --            ; --                              ; auto_signaltap_0 ;
; SLD_NODE_PARAMETER_ASSIGNMENT       ; SLD_STORAGE_QUALIFIER_GAP_RECORD=1                                                                                                                                                                                                                                                                                                ; --            ; --                              ; auto_signaltap_0 ;
; SLD_NODE_PARAMETER_ASSIGNMENT       ; SLD_STORAGE_QUALIFIER_MODE=TRANSITIONAL                                                                                                                                                                                                                                                                                           ; --            ; --                              ; auto_signaltap_0 ;
; SLD_NODE_PARAMETER_ASSIGNMENT       ; SLD_NODE_CRC_LOWORD=44438                                                                                                                                                                                                                                                                                                         ; --            ; --                              ; auto_signaltap_0 ;
; SLD_NODE_PARAMETER_ASSIGNMENT       ; SLD_NODE_CRC_HIWORD=42591                                                                                                                                                                                                                                                                                                         ; --            ; --                              ; auto_signaltap_0 ;
; SLD_NODE_PARAMETER_ASSIGNMENT       ; SLD_TRIGGER_LEVEL=1                                                                                                                                                                                                                                                                                                               ; --            ; --                              ; auto_signaltap_0 ;
; SLD_NODE_PARAMETER_ASSIGNMENT       ; SLD_SAMPLE_DEPTH=128                                                                                                                                                                                                                                                                                                              ; --            ; --                              ; auto_signaltap_0 ;
; SLD_NODE_PARAMETER_ASSIGNMENT       ; SLD_TRIGGER_IN_ENABLED=0                                                                                                                                                                                                                                                                                                          ; --            ; --                              ; auto_signaltap_0 ;
; SLD_NODE_PARAMETER_ASSIGNMENT       ; SLD_ADVANCED_TRIGGER_ENTITY=basic,1,                                                                                                                                                                                                                                                                                              ; --            ; --                              ; auto_signaltap_0 ;
; SLD_NODE_PARAMETER_ASSIGNMENT       ; SLD_TRIGGER_LEVEL_PIPELINE=1                                                                                                                                                                                                                                                                                                      ; --            ; --                              ; auto_signaltap_0 ;
; SLD_NODE_PARAMETER_ASSIGNMENT       ; SLD_ENABLE_ADVANCED_TRIGGER=0                                                                                                                                                                                                                                                                                                     ; --            ; --                              ; auto_signaltap_0 ;
; SOPCINFO_FILE                       ; system/synthesis/../../system.sopcinfo                                                                                                                                                                                                                                                                                            ; --            ; --                              ; --               ;
; SYNTHESIS_ONLY_QIP                  ; On                                                                                                                                                                                                                                                                                                                                ; --            ; --                              ; --               ;
; USE_SIGNALTAP_FILE                  ; stp2.stp                                                                                                                                                                                                                                                                                                                          ; --            ; --                              ; --               ;
+-------------------------------------+-----------------------------------------------------------------------------------------------------------------------------------------------------------------------------------------------------------------------------------------------------------------------------------------------------------------------------------+---------------+---------------------------------+------------------+


+-------------------------------------------------------------------------------------------------------------------------------+
; Flow Elapsed Time                                                                                                             ;
+---------------------------+--------------+-------------------------+---------------------+------------------------------------+
; Module Name               ; Elapsed Time ; Average Processors Used ; Peak Virtual Memory ; Total CPU Time (on all processors) ;
+---------------------------+--------------+-------------------------+---------------------+------------------------------------+
; Analysis & Synthesis      ; 00:00:09     ; 1.0                     ; 4756 MB             ; 00:00:08                           ;
; Fitter                    ; 00:00:12     ; 1.8                     ; 5326 MB             ; 00:00:16                           ;
; Assembler                 ; 00:00:02     ; 1.0                     ; 4603 MB             ; 00:00:02                           ;
; TimeQuest Timing Analyzer ; 00:00:02     ; 1.0                     ; 4654 MB             ; 00:00:02                           ;
; Total                     ; 00:00:25     ; --                      ; --                  ; 00:00:28                           ;
+---------------------------+--------------+-------------------------+---------------------+------------------------------------+


+----------------------------------------------------------------------------------------+
; Flow OS Summary                                                                        ;
+---------------------------+------------------+-----------+------------+----------------+
; Module Name               ; Machine Hostname ; OS Name   ; OS Version ; Processor type ;
+---------------------------+------------------+-----------+------------+----------------+
; Analysis & Synthesis      ; VuDuong-32       ; Windows 7 ; 6.2        ; x86_64         ;
; Fitter                    ; VuDuong-32       ; Windows 7 ; 6.2        ; x86_64         ;
; Assembler                 ; VuDuong-32       ; Windows 7 ; 6.2        ; x86_64         ;
; TimeQuest Timing Analyzer ; VuDuong-32       ; Windows 7 ; 6.2        ; x86_64         ;
+---------------------------+------------------+-----------+------------+----------------+


------------
; Flow Log ;
------------
quartus_map --read_settings_files=on --write_settings_files=off Bai4 -c Bai4
quartus_fit --read_settings_files=off --write_settings_files=off Bai4 -c Bai4
quartus_asm --read_settings_files=off --write_settings_files=off Bai4 -c Bai4
quartus_sta Bai4 -c Bai4



