TimeQuest Timing Analyzer report for lab4
Fri May 08 11:12:28 2026
Quartus II 64-Bit Version 13.0.1 Build 232 06/12/2013 Service Pack 1 SJ Web Edition


---------------------
; Table of Contents ;
---------------------
  1. Legal Notice
  2. TimeQuest Timing Analyzer Summary
  3. Parallel Compilation
  4. Clocks
  5. Slow Model Fmax Summary
  6. Slow Model Setup Summary
  7. Slow Model Hold Summary
  8. Slow Model Recovery Summary
  9. Slow Model Removal Summary
 10. Slow Model Minimum Pulse Width Summary
 11. Propagation Delay
 12. Minimum Propagation Delay
 13. Fast Model Setup Summary
 14. Fast Model Hold Summary
 15. Fast Model Recovery Summary
 16. Fast Model Removal Summary
 17. Fast Model Minimum Pulse Width Summary
 18. Propagation Delay
 19. Minimum Propagation Delay
 20. Multicorner Timing Analysis Summary
 21. Progagation Delay
 22. Minimum Progagation Delay
 23. Clock Transfers
 24. Report TCCS
 25. Report RSKM
 26. Unconstrained Paths
 27. TimeQuest Timing Analyzer Messages



----------------
; Legal Notice ;
----------------
Copyright (C) 1991-2013 Altera Corporation
Your use of Altera Corporation's design tools, logic functions 
and other software and tools, and its AMPP partner logic 
functions, and any output files from any of the foregoing 
(including device programming or simulation files), and any 
associated documentation or information are expressly subject 
to the terms and conditions of the Altera Program License 
Subscription Agreement, Altera MegaCore Function License 
Agreement, or other applicable license agreement, including, 
without limitation, that your use is for the sole purpose of 
programming logic devices manufactured by Altera and sold by 
Altera or its authorized distributors.  Please refer to the 
applicable agreement for further details.



+----------------------------------------------------------------------------------------+
; TimeQuest Timing Analyzer Summary                                                      ;
+--------------------+-------------------------------------------------------------------+
; Quartus II Version ; Version 13.0.1 Build 232 06/12/2013 Service Pack 1 SJ Web Edition ;
; Revision Name      ; lab4                                                              ;
; Device Family      ; Cyclone II                                                        ;
; Device Name        ; EP2C35F672C6                                                      ;
; Timing Models      ; Final                                                             ;
; Delay Model        ; Combined                                                          ;
; Rise/Fall Delays   ; Unavailable                                                       ;
+--------------------+-------------------------------------------------------------------+


+------------------------------------------+
; Parallel Compilation                     ;
+----------------------------+-------------+
; Processors                 ; Number      ;
+----------------------------+-------------+
; Number detected on machine ; 8           ;
; Maximum allowed            ; 4           ;
;                            ;             ;
; Average used               ; 1.00        ;
; Maximum used               ; 1           ;
;                            ;             ;
; Usage by Processor         ; % Time Used ;
;     Processor 1            ; 100.0%      ;
;     Processors 2-8         ;   0.0%      ;
+----------------------------+-------------+


----------
; Clocks ;
----------
No clocks to report.


---------------------------
; Slow Model Fmax Summary ;
---------------------------
No paths to report.


----------------------------
; Slow Model Setup Summary ;
----------------------------
No paths to report.


---------------------------
; Slow Model Hold Summary ;
---------------------------
No paths to report.


-------------------------------
; Slow Model Recovery Summary ;
-------------------------------
No paths to report.


------------------------------
; Slow Model Removal Summary ;
------------------------------
No paths to report.


------------------------------------------
; Slow Model Minimum Pulse Width Summary ;
------------------------------------------
No paths to report.


+----------------------------------------------------------------+
; Propagation Delay                                              ;
+-------------+--------------+--------+--------+--------+--------+
; Input Port  ; Output Port  ; RR     ; RF     ; FR     ; FF     ;
+-------------+--------------+--------+--------+--------+--------+
; KEY[0]      ; SRAM_OE_N    ; 10.470 ;        ;        ; 10.470 ;
; KEY[1]      ; SRAM_DQ[0]   ; 10.157 ; 10.157 ; 10.157 ; 10.157 ;
; KEY[1]      ; SRAM_DQ[1]   ; 10.173 ; 10.173 ; 10.173 ; 10.173 ;
; KEY[1]      ; SRAM_DQ[2]   ; 10.173 ; 10.173 ; 10.173 ; 10.173 ;
; KEY[1]      ; SRAM_DQ[3]   ; 10.153 ; 10.153 ; 10.153 ; 10.153 ;
; KEY[1]      ; SRAM_DQ[4]   ; 10.126 ; 10.126 ; 10.126 ; 10.126 ;
; KEY[1]      ; SRAM_DQ[5]   ; 10.126 ; 10.126 ; 10.126 ; 10.126 ;
; KEY[1]      ; SRAM_DQ[6]   ; 10.126 ; 10.126 ; 10.126 ; 10.126 ;
; KEY[1]      ; SRAM_DQ[7]   ; 10.111 ; 10.111 ; 10.111 ; 10.111 ;
; KEY[1]      ; SRAM_DQ[8]   ; 10.193 ;        ;        ; 10.193 ;
; KEY[1]      ; SRAM_DQ[9]   ; 10.193 ;        ;        ; 10.193 ;
; KEY[1]      ; SRAM_DQ[10]  ; 10.188 ;        ;        ; 10.188 ;
; KEY[1]      ; SRAM_DQ[11]  ; 10.188 ;        ;        ; 10.188 ;
; KEY[1]      ; SRAM_DQ[12]  ; 10.178 ;        ;        ; 10.178 ;
; KEY[1]      ; SRAM_DQ[13]  ; 10.178 ;        ;        ; 10.178 ;
; KEY[1]      ; SRAM_DQ[14]  ; 10.162 ;        ;        ; 10.162 ;
; KEY[1]      ; SRAM_DQ[15]  ; 10.162 ;        ;        ; 10.162 ;
; KEY[1]      ; SRAM_WE_N    ; 10.148 ;        ;        ; 10.148 ;
; SRAM_DQ[0]  ; HEX0[0]      ; 10.213 ; 10.213 ; 10.213 ; 10.213 ;
; SRAM_DQ[0]  ; HEX0[1]      ; 10.182 ; 10.182 ; 10.182 ; 10.182 ;
; SRAM_DQ[0]  ; HEX0[2]      ;        ; 10.167 ; 10.167 ;        ;
; SRAM_DQ[0]  ; HEX0[3]      ; 10.453 ; 10.453 ; 10.453 ; 10.453 ;
; SRAM_DQ[0]  ; HEX0[4]      ; 10.459 ;        ;        ; 10.459 ;
; SRAM_DQ[0]  ; HEX0[5]      ; 10.447 ;        ;        ; 10.447 ;
; SRAM_DQ[0]  ; HEX0[6]      ; 10.448 ;        ;        ; 10.448 ;
; SRAM_DQ[1]  ; HEX0[0]      ; 10.062 ; 10.062 ; 10.062 ; 10.062 ;
; SRAM_DQ[1]  ; HEX0[1]      ; 10.027 ; 10.027 ; 10.027 ; 10.027 ;
; SRAM_DQ[1]  ; HEX0[2]      ; 10.039 ;        ;        ; 10.039 ;
; SRAM_DQ[1]  ; HEX0[3]      ; 10.299 ; 10.299 ; 10.299 ; 10.299 ;
; SRAM_DQ[1]  ; HEX0[4]      ; 10.304 ; 10.304 ; 10.304 ; 10.304 ;
; SRAM_DQ[1]  ; HEX0[5]      ; 10.293 ;        ;        ; 10.293 ;
; SRAM_DQ[1]  ; HEX0[6]      ; 10.297 ; 10.297 ; 10.297 ; 10.297 ;
; SRAM_DQ[2]  ; HEX0[0]      ; 10.560 ; 10.560 ; 10.560 ; 10.560 ;
; SRAM_DQ[2]  ; HEX0[1]      ; 10.526 ;        ;        ; 10.526 ;
; SRAM_DQ[2]  ; HEX0[2]      ; 10.512 ; 10.512 ; 10.512 ; 10.512 ;
; SRAM_DQ[2]  ; HEX0[3]      ; 10.797 ; 10.797 ; 10.797 ; 10.797 ;
; SRAM_DQ[2]  ; HEX0[4]      ; 10.802 ;        ;        ; 10.802 ;
; SRAM_DQ[2]  ; HEX0[5]      ; 10.791 ; 10.791 ; 10.791 ; 10.791 ;
; SRAM_DQ[2]  ; HEX0[6]      ; 10.792 ; 10.792 ; 10.792 ; 10.792 ;
; SRAM_DQ[3]  ; HEX0[0]      ; 9.914  ; 9.914  ; 9.914  ; 9.914  ;
; SRAM_DQ[3]  ; HEX0[1]      ; 9.879  ;        ;        ; 9.879  ;
; SRAM_DQ[3]  ; HEX0[2]      ; 9.891  ;        ;        ; 9.891  ;
; SRAM_DQ[3]  ; HEX0[3]      ; 10.163 ; 10.163 ; 10.163 ; 10.163 ;
; SRAM_DQ[3]  ; HEX0[4]      ; 10.167 ;        ;        ; 10.167 ;
; SRAM_DQ[3]  ; HEX0[5]      ; 10.155 ; 10.155 ; 10.155 ; 10.155 ;
; SRAM_DQ[3]  ; HEX0[6]      ; 10.154 ; 10.154 ; 10.154 ; 10.154 ;
; SRAM_DQ[4]  ; HEX1[0]      ; 10.823 ; 10.823 ; 10.823 ; 10.823 ;
; SRAM_DQ[4]  ; HEX1[1]      ; 10.963 ; 10.963 ; 10.963 ; 10.963 ;
; SRAM_DQ[4]  ; HEX1[2]      ;        ; 10.518 ; 10.518 ;        ;
; SRAM_DQ[4]  ; HEX1[3]      ; 10.474 ; 10.474 ; 10.474 ; 10.474 ;
; SRAM_DQ[4]  ; HEX1[4]      ; 10.494 ;        ;        ; 10.494 ;
; SRAM_DQ[4]  ; HEX1[5]      ; 10.750 ;        ;        ; 10.750 ;
; SRAM_DQ[4]  ; HEX1[6]      ; 10.831 ;        ;        ; 10.831 ;
; SRAM_DQ[5]  ; HEX1[0]      ; 10.951 ; 10.951 ; 10.951 ; 10.951 ;
; SRAM_DQ[5]  ; HEX1[1]      ; 11.117 ; 11.117 ; 11.117 ; 11.117 ;
; SRAM_DQ[5]  ; HEX1[2]      ; 10.675 ;        ;        ; 10.675 ;
; SRAM_DQ[5]  ; HEX1[3]      ; 10.629 ; 10.629 ; 10.629 ; 10.629 ;
; SRAM_DQ[5]  ; HEX1[4]      ; 10.693 ; 10.693 ; 10.693 ; 10.693 ;
; SRAM_DQ[5]  ; HEX1[5]      ; 10.918 ;        ;        ; 10.918 ;
; SRAM_DQ[5]  ; HEX1[6]      ; 10.986 ; 10.986 ; 10.986 ; 10.986 ;
; SRAM_DQ[6]  ; HEX1[0]      ; 10.927 ; 10.927 ; 10.927 ; 10.927 ;
; SRAM_DQ[6]  ; HEX1[1]      ; 11.072 ;        ;        ; 11.072 ;
; SRAM_DQ[6]  ; HEX1[2]      ; 10.600 ; 10.600 ; 10.600 ; 10.600 ;
; SRAM_DQ[6]  ; HEX1[3]      ; 10.583 ; 10.583 ; 10.583 ; 10.583 ;
; SRAM_DQ[6]  ; HEX1[4]      ; 10.634 ;        ;        ; 10.634 ;
; SRAM_DQ[6]  ; HEX1[5]      ; 10.860 ; 10.860 ; 10.860 ; 10.860 ;
; SRAM_DQ[6]  ; HEX1[6]      ; 10.940 ; 10.940 ; 10.940 ; 10.940 ;
; SRAM_DQ[7]  ; HEX1[0]      ; 10.405 ; 10.405 ; 10.405 ; 10.405 ;
; SRAM_DQ[7]  ; HEX1[1]      ; 10.548 ;        ;        ; 10.548 ;
; SRAM_DQ[7]  ; HEX1[2]      ; 10.104 ;        ;        ; 10.104 ;
; SRAM_DQ[7]  ; HEX1[3]      ; 10.059 ; 10.059 ; 10.059 ; 10.059 ;
; SRAM_DQ[7]  ; HEX1[4]      ; 10.122 ;        ;        ; 10.122 ;
; SRAM_DQ[7]  ; HEX1[5]      ; 10.347 ; 10.347 ; 10.347 ; 10.347 ;
; SRAM_DQ[7]  ; HEX1[6]      ; 10.415 ; 10.415 ; 10.415 ; 10.415 ;
; SRAM_DQ[8]  ; HEX2[0]      ; 10.647 ; 10.647 ; 10.647 ; 10.647 ;
; SRAM_DQ[8]  ; HEX2[1]      ; 10.482 ; 10.482 ; 10.482 ; 10.482 ;
; SRAM_DQ[8]  ; HEX2[2]      ;        ; 10.520 ; 10.520 ;        ;
; SRAM_DQ[8]  ; HEX2[3]      ; 10.487 ; 10.487 ; 10.487 ; 10.487 ;
; SRAM_DQ[8]  ; HEX2[4]      ; 10.676 ;        ;        ; 10.676 ;
; SRAM_DQ[8]  ; HEX2[5]      ; 10.782 ;        ;        ; 10.782 ;
; SRAM_DQ[8]  ; HEX2[6]      ; 10.784 ;        ;        ; 10.784 ;
; SRAM_DQ[9]  ; HEX2[0]      ; 10.526 ; 10.526 ; 10.526 ; 10.526 ;
; SRAM_DQ[9]  ; HEX2[1]      ; 10.362 ; 10.362 ; 10.362 ; 10.362 ;
; SRAM_DQ[9]  ; HEX2[2]      ; 10.407 ;        ;        ; 10.407 ;
; SRAM_DQ[9]  ; HEX2[3]      ; 10.375 ; 10.375 ; 10.375 ; 10.375 ;
; SRAM_DQ[9]  ; HEX2[4]      ; 10.572 ; 10.572 ; 10.572 ; 10.572 ;
; SRAM_DQ[9]  ; HEX2[5]      ; 10.680 ;        ;        ; 10.680 ;
; SRAM_DQ[9]  ; HEX2[6]      ; 10.664 ; 10.664 ; 10.664 ; 10.664 ;
; SRAM_DQ[10] ; HEX2[0]      ; 10.430 ; 10.430 ; 10.430 ; 10.430 ;
; SRAM_DQ[10] ; HEX2[1]      ; 10.266 ;        ;        ; 10.266 ;
; SRAM_DQ[10] ; HEX2[2]      ; 10.304 ; 10.304 ; 10.304 ; 10.304 ;
; SRAM_DQ[10] ; HEX2[3]      ; 10.272 ; 10.272 ; 10.272 ; 10.272 ;
; SRAM_DQ[10] ; HEX2[4]      ; 10.469 ;        ;        ; 10.469 ;
; SRAM_DQ[10] ; HEX2[5]      ; 10.577 ; 10.577 ; 10.577 ; 10.577 ;
; SRAM_DQ[10] ; HEX2[6]      ; 10.566 ; 10.566 ; 10.566 ; 10.566 ;
; SRAM_DQ[11] ; HEX2[0]      ; 10.770 ; 10.770 ; 10.770 ; 10.770 ;
; SRAM_DQ[11] ; HEX2[1]      ; 10.605 ;        ;        ; 10.605 ;
; SRAM_DQ[11] ; HEX2[2]      ; 10.644 ;        ;        ; 10.644 ;
; SRAM_DQ[11] ; HEX2[3]      ; 10.610 ; 10.610 ; 10.610 ; 10.610 ;
; SRAM_DQ[11] ; HEX2[4]      ; 10.806 ;        ;        ; 10.806 ;
; SRAM_DQ[11] ; HEX2[5]      ; 10.914 ; 10.914 ; 10.914 ; 10.914 ;
; SRAM_DQ[11] ; HEX2[6]      ; 10.906 ; 10.906 ; 10.906 ; 10.906 ;
; SRAM_DQ[12] ; HEX3[0]      ; 10.592 ; 10.592 ; 10.592 ; 10.592 ;
; SRAM_DQ[12] ; HEX3[1]      ; 10.474 ; 10.474 ; 10.474 ; 10.474 ;
; SRAM_DQ[12] ; HEX3[2]      ;        ; 10.483 ; 10.483 ;        ;
; SRAM_DQ[12] ; HEX3[3]      ; 10.439 ; 10.439 ; 10.439 ; 10.439 ;
; SRAM_DQ[12] ; HEX3[4]      ; 10.452 ;        ;        ; 10.452 ;
; SRAM_DQ[12] ; HEX3[5]      ; 10.688 ;        ;        ; 10.688 ;
; SRAM_DQ[12] ; HEX3[6]      ; 10.691 ;        ;        ; 10.691 ;
; SRAM_DQ[13] ; HEX3[0]      ; 10.782 ; 10.782 ; 10.782 ; 10.782 ;
; SRAM_DQ[13] ; HEX3[1]      ; 10.663 ; 10.663 ; 10.663 ; 10.663 ;
; SRAM_DQ[13] ; HEX3[2]      ; 10.657 ;        ;        ; 10.657 ;
; SRAM_DQ[13] ; HEX3[3]      ; 10.616 ; 10.616 ; 10.616 ; 10.616 ;
; SRAM_DQ[13] ; HEX3[4]      ; 10.657 ; 10.657 ; 10.657 ; 10.657 ;
; SRAM_DQ[13] ; HEX3[5]      ; 10.863 ;        ;        ; 10.863 ;
; SRAM_DQ[13] ; HEX3[6]      ; 10.880 ; 10.880 ; 10.880 ; 10.880 ;
; SRAM_DQ[14] ; HEX3[0]      ; 10.384 ; 10.384 ; 10.384 ; 10.384 ;
; SRAM_DQ[14] ; HEX3[1]      ; 10.264 ;        ;        ; 10.264 ;
; SRAM_DQ[14] ; HEX3[2]      ; 10.259 ; 10.259 ; 10.259 ; 10.259 ;
; SRAM_DQ[14] ; HEX3[3]      ; 10.218 ; 10.218 ; 10.218 ; 10.218 ;
; SRAM_DQ[14] ; HEX3[4]      ; 10.257 ;        ;        ; 10.257 ;
; SRAM_DQ[14] ; HEX3[5]      ; 10.463 ; 10.463 ; 10.463 ; 10.463 ;
; SRAM_DQ[14] ; HEX3[6]      ; 10.480 ; 10.480 ; 10.480 ; 10.480 ;
; SRAM_DQ[15] ; HEX3[0]      ; 10.746 ; 10.746 ; 10.746 ; 10.746 ;
; SRAM_DQ[15] ; HEX3[1]      ; 10.626 ;        ;        ; 10.626 ;
; SRAM_DQ[15] ; HEX3[2]      ; 10.621 ;        ;        ; 10.621 ;
; SRAM_DQ[15] ; HEX3[3]      ; 10.582 ; 10.582 ; 10.582 ; 10.582 ;
; SRAM_DQ[15] ; HEX3[4]      ; 10.621 ;        ;        ; 10.621 ;
; SRAM_DQ[15] ; HEX3[5]      ; 10.826 ; 10.826 ; 10.826 ; 10.826 ;
; SRAM_DQ[15] ; HEX3[6]      ; 10.838 ; 10.838 ; 10.838 ; 10.838 ;
; SW[0]       ; SRAM_DQ[0]   ; 6.379  ;        ;        ; 6.379  ;
; SW[1]       ; SRAM_DQ[1]   ; 6.496  ;        ;        ; 6.496  ;
; SW[2]       ; SRAM_DQ[2]   ; 6.146  ;        ;        ; 6.146  ;
; SW[3]       ; SRAM_DQ[3]   ; 5.397  ;        ;        ; 5.397  ;
; SW[4]       ; SRAM_DQ[4]   ; 5.198  ;        ;        ; 5.198  ;
; SW[5]       ; SRAM_DQ[5]   ; 5.022  ;        ;        ; 5.022  ;
; SW[6]       ; SRAM_DQ[6]   ; 5.192  ;        ;        ; 5.192  ;
; SW[7]       ; SRAM_DQ[7]   ; 6.106  ;        ;        ; 6.106  ;
; SW[8]       ; SRAM_ADDR[0] ; 6.522  ;        ;        ; 6.522  ;
; SW[9]       ; SRAM_ADDR[1] ; 6.254  ;        ;        ; 6.254  ;
; SW[10]      ; SRAM_ADDR[2] ; 5.707  ;        ;        ; 5.707  ;
; SW[11]      ; SRAM_ADDR[3] ; 5.393  ;        ;        ; 5.393  ;
; SW[12]      ; SRAM_ADDR[4] ; 5.453  ;        ;        ; 5.453  ;
; SW[13]      ; SRAM_ADDR[5] ; 9.180  ;        ;        ; 9.180  ;
; SW[14]      ; SRAM_ADDR[6] ; 9.199  ;        ;        ; 9.199  ;
; SW[15]      ; SRAM_ADDR[7] ; 9.176  ;        ;        ; 9.176  ;
+-------------+--------------+--------+--------+--------+--------+


+----------------------------------------------------------------+
; Minimum Propagation Delay                                      ;
+-------------+--------------+--------+--------+--------+--------+
; Input Port  ; Output Port  ; RR     ; RF     ; FR     ; FF     ;
+-------------+--------------+--------+--------+--------+--------+
; KEY[0]      ; SRAM_OE_N    ; 10.470 ;        ;        ; 10.470 ;
; KEY[1]      ; SRAM_DQ[0]   ; 10.157 ; 10.157 ; 10.157 ; 10.157 ;
; KEY[1]      ; SRAM_DQ[1]   ; 10.173 ; 10.173 ; 10.173 ; 10.173 ;
; KEY[1]      ; SRAM_DQ[2]   ; 10.173 ; 10.173 ; 10.173 ; 10.173 ;
; KEY[1]      ; SRAM_DQ[3]   ; 10.153 ; 10.153 ; 10.153 ; 10.153 ;
; KEY[1]      ; SRAM_DQ[4]   ; 10.126 ; 10.126 ; 10.126 ; 10.126 ;
; KEY[1]      ; SRAM_DQ[5]   ; 10.126 ; 10.126 ; 10.126 ; 10.126 ;
; KEY[1]      ; SRAM_DQ[6]   ; 10.126 ; 10.126 ; 10.126 ; 10.126 ;
; KEY[1]      ; SRAM_DQ[7]   ; 10.111 ; 10.111 ; 10.111 ; 10.111 ;
; KEY[1]      ; SRAM_DQ[8]   ; 10.193 ;        ;        ; 10.193 ;
; KEY[1]      ; SRAM_DQ[9]   ; 10.193 ;        ;        ; 10.193 ;
; KEY[1]      ; SRAM_DQ[10]  ; 10.188 ;        ;        ; 10.188 ;
; KEY[1]      ; SRAM_DQ[11]  ; 10.188 ;        ;        ; 10.188 ;
; KEY[1]      ; SRAM_DQ[12]  ; 10.178 ;        ;        ; 10.178 ;
; KEY[1]      ; SRAM_DQ[13]  ; 10.178 ;        ;        ; 10.178 ;
; KEY[1]      ; SRAM_DQ[14]  ; 10.162 ;        ;        ; 10.162 ;
; KEY[1]      ; SRAM_DQ[15]  ; 10.162 ;        ;        ; 10.162 ;
; KEY[1]      ; SRAM_WE_N    ; 10.148 ;        ;        ; 10.148 ;
; SRAM_DQ[0]  ; HEX0[0]      ; 10.213 ; 10.213 ; 10.213 ; 10.213 ;
; SRAM_DQ[0]  ; HEX0[1]      ; 10.182 ; 10.182 ; 10.182 ; 10.182 ;
; SRAM_DQ[0]  ; HEX0[2]      ;        ; 10.167 ; 10.167 ;        ;
; SRAM_DQ[0]  ; HEX0[3]      ; 10.453 ; 10.453 ; 10.453 ; 10.453 ;
; SRAM_DQ[0]  ; HEX0[4]      ; 10.459 ;        ;        ; 10.459 ;
; SRAM_DQ[0]  ; HEX0[5]      ; 10.447 ;        ;        ; 10.447 ;
; SRAM_DQ[0]  ; HEX0[6]      ; 10.448 ;        ;        ; 10.448 ;
; SRAM_DQ[1]  ; HEX0[0]      ; 10.062 ; 10.062 ; 10.062 ; 10.062 ;
; SRAM_DQ[1]  ; HEX0[1]      ; 10.027 ; 10.027 ; 10.027 ; 10.027 ;
; SRAM_DQ[1]  ; HEX0[2]      ; 10.039 ;        ;        ; 10.039 ;
; SRAM_DQ[1]  ; HEX0[3]      ; 10.299 ; 10.299 ; 10.299 ; 10.299 ;
; SRAM_DQ[1]  ; HEX0[4]      ; 10.304 ; 10.304 ; 10.304 ; 10.304 ;
; SRAM_DQ[1]  ; HEX0[5]      ; 10.293 ;        ;        ; 10.293 ;
; SRAM_DQ[1]  ; HEX0[6]      ; 10.297 ; 10.297 ; 10.297 ; 10.297 ;
; SRAM_DQ[2]  ; HEX0[0]      ; 10.560 ; 10.560 ; 10.560 ; 10.560 ;
; SRAM_DQ[2]  ; HEX0[1]      ; 10.526 ;        ;        ; 10.526 ;
; SRAM_DQ[2]  ; HEX0[2]      ; 10.512 ; 10.512 ; 10.512 ; 10.512 ;
; SRAM_DQ[2]  ; HEX0[3]      ; 10.797 ; 10.797 ; 10.797 ; 10.797 ;
; SRAM_DQ[2]  ; HEX0[4]      ; 10.802 ;        ;        ; 10.802 ;
; SRAM_DQ[2]  ; HEX0[5]      ; 10.791 ; 10.791 ; 10.791 ; 10.791 ;
; SRAM_DQ[2]  ; HEX0[6]      ; 10.792 ; 10.792 ; 10.792 ; 10.792 ;
; SRAM_DQ[3]  ; HEX0[0]      ; 9.914  ; 9.914  ; 9.914  ; 9.914  ;
; SRAM_DQ[3]  ; HEX0[1]      ; 9.879  ;        ;        ; 9.879  ;
; SRAM_DQ[3]  ; HEX0[2]      ; 9.891  ;        ;        ; 9.891  ;
; SRAM_DQ[3]  ; HEX0[3]      ; 10.163 ; 10.163 ; 10.163 ; 10.163 ;
; SRAM_DQ[3]  ; HEX0[4]      ; 10.167 ;        ;        ; 10.167 ;
; SRAM_DQ[3]  ; HEX0[5]      ; 10.155 ; 10.155 ; 10.155 ; 10.155 ;
; SRAM_DQ[3]  ; HEX0[6]      ; 10.154 ; 10.154 ; 10.154 ; 10.154 ;
; SRAM_DQ[4]  ; HEX1[0]      ; 10.823 ; 10.823 ; 10.823 ; 10.823 ;
; SRAM_DQ[4]  ; HEX1[1]      ; 10.963 ; 10.963 ; 10.963 ; 10.963 ;
; SRAM_DQ[4]  ; HEX1[2]      ;        ; 10.518 ; 10.518 ;        ;
; SRAM_DQ[4]  ; HEX1[3]      ; 10.474 ; 10.474 ; 10.474 ; 10.474 ;
; SRAM_DQ[4]  ; HEX1[4]      ; 10.494 ;        ;        ; 10.494 ;
; SRAM_DQ[4]  ; HEX1[5]      ; 10.750 ;        ;        ; 10.750 ;
; SRAM_DQ[4]  ; HEX1[6]      ; 10.831 ;        ;        ; 10.831 ;
; SRAM_DQ[5]  ; HEX1[0]      ; 10.951 ; 10.951 ; 10.951 ; 10.951 ;
; SRAM_DQ[5]  ; HEX1[1]      ; 11.117 ; 11.117 ; 11.117 ; 11.117 ;
; SRAM_DQ[5]  ; HEX1[2]      ; 10.675 ;        ;        ; 10.675 ;
; SRAM_DQ[5]  ; HEX1[3]      ; 10.629 ; 10.629 ; 10.629 ; 10.629 ;
; SRAM_DQ[5]  ; HEX1[4]      ; 10.693 ; 10.693 ; 10.693 ; 10.693 ;
; SRAM_DQ[5]  ; HEX1[5]      ; 10.918 ;        ;        ; 10.918 ;
; SRAM_DQ[5]  ; HEX1[6]      ; 10.986 ; 10.986 ; 10.986 ; 10.986 ;
; SRAM_DQ[6]  ; HEX1[0]      ; 10.927 ; 10.927 ; 10.927 ; 10.927 ;
; SRAM_DQ[6]  ; HEX1[1]      ; 11.072 ;        ;        ; 11.072 ;
; SRAM_DQ[6]  ; HEX1[2]      ; 10.600 ; 10.600 ; 10.600 ; 10.600 ;
; SRAM_DQ[6]  ; HEX1[3]      ; 10.583 ; 10.583 ; 10.583 ; 10.583 ;
; SRAM_DQ[6]  ; HEX1[4]      ; 10.634 ;        ;        ; 10.634 ;
; SRAM_DQ[6]  ; HEX1[5]      ; 10.860 ; 10.860 ; 10.860 ; 10.860 ;
; SRAM_DQ[6]  ; HEX1[6]      ; 10.940 ; 10.940 ; 10.940 ; 10.940 ;
; SRAM_DQ[7]  ; HEX1[0]      ; 10.405 ; 10.405 ; 10.405 ; 10.405 ;
; SRAM_DQ[7]  ; HEX1[1]      ; 10.548 ;        ;        ; 10.548 ;
; SRAM_DQ[7]  ; HEX1[2]      ; 10.104 ;        ;        ; 10.104 ;
; SRAM_DQ[7]  ; HEX1[3]      ; 10.059 ; 10.059 ; 10.059 ; 10.059 ;
; SRAM_DQ[7]  ; HEX1[4]      ; 10.122 ;        ;        ; 10.122 ;
; SRAM_DQ[7]  ; HEX1[5]      ; 10.347 ; 10.347 ; 10.347 ; 10.347 ;
; SRAM_DQ[7]  ; HEX1[6]      ; 10.415 ; 10.415 ; 10.415 ; 10.415 ;
; SRAM_DQ[8]  ; HEX2[0]      ; 10.647 ; 10.647 ; 10.647 ; 10.647 ;
; SRAM_DQ[8]  ; HEX2[1]      ; 10.482 ; 10.482 ; 10.482 ; 10.482 ;
; SRAM_DQ[8]  ; HEX2[2]      ;        ; 10.520 ; 10.520 ;        ;
; SRAM_DQ[8]  ; HEX2[3]      ; 10.487 ; 10.487 ; 10.487 ; 10.487 ;
; SRAM_DQ[8]  ; HEX2[4]      ; 10.676 ;        ;        ; 10.676 ;
; SRAM_DQ[8]  ; HEX2[5]      ; 10.782 ;        ;        ; 10.782 ;
; SRAM_DQ[8]  ; HEX2[6]      ; 10.784 ;        ;        ; 10.784 ;
; SRAM_DQ[9]  ; HEX2[0]      ; 10.526 ; 10.526 ; 10.526 ; 10.526 ;
; SRAM_DQ[9]  ; HEX2[1]      ; 10.362 ; 10.362 ; 10.362 ; 10.362 ;
; SRAM_DQ[9]  ; HEX2[2]      ; 10.407 ;        ;        ; 10.407 ;
; SRAM_DQ[9]  ; HEX2[3]      ; 10.375 ; 10.375 ; 10.375 ; 10.375 ;
; SRAM_DQ[9]  ; HEX2[4]      ; 10.572 ; 10.572 ; 10.572 ; 10.572 ;
; SRAM_DQ[9]  ; HEX2[5]      ; 10.680 ;        ;        ; 10.680 ;
; SRAM_DQ[9]  ; HEX2[6]      ; 10.664 ; 10.664 ; 10.664 ; 10.664 ;
; SRAM_DQ[10] ; HEX2[0]      ; 10.430 ; 10.430 ; 10.430 ; 10.430 ;
; SRAM_DQ[10] ; HEX2[1]      ; 10.266 ;        ;        ; 10.266 ;
; SRAM_DQ[10] ; HEX2[2]      ; 10.304 ; 10.304 ; 10.304 ; 10.304 ;
; SRAM_DQ[10] ; HEX2[3]      ; 10.272 ; 10.272 ; 10.272 ; 10.272 ;
; SRAM_DQ[10] ; HEX2[4]      ; 10.469 ;        ;        ; 10.469 ;
; SRAM_DQ[10] ; HEX2[5]      ; 10.577 ; 10.577 ; 10.577 ; 10.577 ;
; SRAM_DQ[10] ; HEX2[6]      ; 10.566 ; 10.566 ; 10.566 ; 10.566 ;
; SRAM_DQ[11] ; HEX2[0]      ; 10.770 ; 10.770 ; 10.770 ; 10.770 ;
; SRAM_DQ[11] ; HEX2[1]      ; 10.605 ;        ;        ; 10.605 ;
; SRAM_DQ[11] ; HEX2[2]      ; 10.644 ;        ;        ; 10.644 ;
; SRAM_DQ[11] ; HEX2[3]      ; 10.610 ; 10.610 ; 10.610 ; 10.610 ;
; SRAM_DQ[11] ; HEX2[4]      ; 10.806 ;        ;        ; 10.806 ;
; SRAM_DQ[11] ; HEX2[5]      ; 10.914 ; 10.914 ; 10.914 ; 10.914 ;
; SRAM_DQ[11] ; HEX2[6]      ; 10.906 ; 10.906 ; 10.906 ; 10.906 ;
; SRAM_DQ[12] ; HEX3[0]      ; 10.592 ; 10.592 ; 10.592 ; 10.592 ;
; SRAM_DQ[12] ; HEX3[1]      ; 10.474 ; 10.474 ; 10.474 ; 10.474 ;
; SRAM_DQ[12] ; HEX3[2]      ;        ; 10.483 ; 10.483 ;        ;
; SRAM_DQ[12] ; HEX3[3]      ; 10.439 ; 10.439 ; 10.439 ; 10.439 ;
; SRAM_DQ[12] ; HEX3[4]      ; 10.452 ;        ;        ; 10.452 ;
; SRAM_DQ[12] ; HEX3[5]      ; 10.688 ;        ;        ; 10.688 ;
; SRAM_DQ[12] ; HEX3[6]      ; 10.691 ;        ;        ; 10.691 ;
; SRAM_DQ[13] ; HEX3[0]      ; 10.782 ; 10.782 ; 10.782 ; 10.782 ;
; SRAM_DQ[13] ; HEX3[1]      ; 10.663 ; 10.663 ; 10.663 ; 10.663 ;
; SRAM_DQ[13] ; HEX3[2]      ; 10.657 ;        ;        ; 10.657 ;
; SRAM_DQ[13] ; HEX3[3]      ; 10.616 ; 10.616 ; 10.616 ; 10.616 ;
; SRAM_DQ[13] ; HEX3[4]      ; 10.657 ; 10.657 ; 10.657 ; 10.657 ;
; SRAM_DQ[13] ; HEX3[5]      ; 10.863 ;        ;        ; 10.863 ;
; SRAM_DQ[13] ; HEX3[6]      ; 10.880 ; 10.880 ; 10.880 ; 10.880 ;
; SRAM_DQ[14] ; HEX3[0]      ; 10.384 ; 10.384 ; 10.384 ; 10.384 ;
; SRAM_DQ[14] ; HEX3[1]      ; 10.264 ;        ;        ; 10.264 ;
; SRAM_DQ[14] ; HEX3[2]      ; 10.259 ; 10.259 ; 10.259 ; 10.259 ;
; SRAM_DQ[14] ; HEX3[3]      ; 10.218 ; 10.218 ; 10.218 ; 10.218 ;
; SRAM_DQ[14] ; HEX3[4]      ; 10.257 ;        ;        ; 10.257 ;
; SRAM_DQ[14] ; HEX3[5]      ; 10.463 ; 10.463 ; 10.463 ; 10.463 ;
; SRAM_DQ[14] ; HEX3[6]      ; 10.480 ; 10.480 ; 10.480 ; 10.480 ;
; SRAM_DQ[15] ; HEX3[0]      ; 10.746 ; 10.746 ; 10.746 ; 10.746 ;
; SRAM_DQ[15] ; HEX3[1]      ; 10.626 ;        ;        ; 10.626 ;
; SRAM_DQ[15] ; HEX3[2]      ; 10.621 ;        ;        ; 10.621 ;
; SRAM_DQ[15] ; HEX3[3]      ; 10.582 ; 10.582 ; 10.582 ; 10.582 ;
; SRAM_DQ[15] ; HEX3[4]      ; 10.621 ;        ;        ; 10.621 ;
; SRAM_DQ[15] ; HEX3[5]      ; 10.826 ; 10.826 ; 10.826 ; 10.826 ;
; SRAM_DQ[15] ; HEX3[6]      ; 10.838 ; 10.838 ; 10.838 ; 10.838 ;
; SW[0]       ; SRAM_DQ[0]   ; 6.379  ;        ;        ; 6.379  ;
; SW[1]       ; SRAM_DQ[1]   ; 6.496  ;        ;        ; 6.496  ;
; SW[2]       ; SRAM_DQ[2]   ; 6.146  ;        ;        ; 6.146  ;
; SW[3]       ; SRAM_DQ[3]   ; 5.397  ;        ;        ; 5.397  ;
; SW[4]       ; SRAM_DQ[4]   ; 5.198  ;        ;        ; 5.198  ;
; SW[5]       ; SRAM_DQ[5]   ; 5.022  ;        ;        ; 5.022  ;
; SW[6]       ; SRAM_DQ[6]   ; 5.192  ;        ;        ; 5.192  ;
; SW[7]       ; SRAM_DQ[7]   ; 6.106  ;        ;        ; 6.106  ;
; SW[8]       ; SRAM_ADDR[0] ; 6.522  ;        ;        ; 6.522  ;
; SW[9]       ; SRAM_ADDR[1] ; 6.254  ;        ;        ; 6.254  ;
; SW[10]      ; SRAM_ADDR[2] ; 5.707  ;        ;        ; 5.707  ;
; SW[11]      ; SRAM_ADDR[3] ; 5.393  ;        ;        ; 5.393  ;
; SW[12]      ; SRAM_ADDR[4] ; 5.453  ;        ;        ; 5.453  ;
; SW[13]      ; SRAM_ADDR[5] ; 9.180  ;        ;        ; 9.180  ;
; SW[14]      ; SRAM_ADDR[6] ; 9.199  ;        ;        ; 9.199  ;
; SW[15]      ; SRAM_ADDR[7] ; 9.176  ;        ;        ; 9.176  ;
+-------------+--------------+--------+--------+--------+--------+


----------------------------
; Fast Model Setup Summary ;
----------------------------
No paths to report.


---------------------------
; Fast Model Hold Summary ;
---------------------------
No paths to report.


-------------------------------
; Fast Model Recovery Summary ;
-------------------------------
No paths to report.


------------------------------
; Fast Model Removal Summary ;
------------------------------
No paths to report.


------------------------------------------
; Fast Model Minimum Pulse Width Summary ;
------------------------------------------
No paths to report.


+------------------------------------------------------------+
; Propagation Delay                                          ;
+-------------+--------------+-------+-------+-------+-------+
; Input Port  ; Output Port  ; RR    ; RF    ; FR    ; FF    ;
+-------------+--------------+-------+-------+-------+-------+
; KEY[0]      ; SRAM_OE_N    ; 5.993 ;       ;       ; 5.993 ;
; KEY[1]      ; SRAM_DQ[0]   ; 5.813 ; 5.813 ; 5.813 ; 5.813 ;
; KEY[1]      ; SRAM_DQ[1]   ; 5.828 ; 5.828 ; 5.828 ; 5.828 ;
; KEY[1]      ; SRAM_DQ[2]   ; 5.828 ; 5.828 ; 5.828 ; 5.828 ;
; KEY[1]      ; SRAM_DQ[3]   ; 5.808 ; 5.808 ; 5.808 ; 5.808 ;
; KEY[1]      ; SRAM_DQ[4]   ; 5.783 ; 5.783 ; 5.783 ; 5.783 ;
; KEY[1]      ; SRAM_DQ[5]   ; 5.783 ; 5.783 ; 5.783 ; 5.783 ;
; KEY[1]      ; SRAM_DQ[6]   ; 5.783 ; 5.783 ; 5.783 ; 5.783 ;
; KEY[1]      ; SRAM_DQ[7]   ; 5.768 ; 5.768 ; 5.768 ; 5.768 ;
; KEY[1]      ; SRAM_DQ[8]   ; 5.848 ;       ;       ; 5.848 ;
; KEY[1]      ; SRAM_DQ[9]   ; 5.848 ;       ;       ; 5.848 ;
; KEY[1]      ; SRAM_DQ[10]  ; 5.843 ;       ;       ; 5.843 ;
; KEY[1]      ; SRAM_DQ[11]  ; 5.843 ;       ;       ; 5.843 ;
; KEY[1]      ; SRAM_DQ[12]  ; 5.833 ;       ;       ; 5.833 ;
; KEY[1]      ; SRAM_DQ[13]  ; 5.833 ;       ;       ; 5.833 ;
; KEY[1]      ; SRAM_DQ[14]  ; 5.818 ;       ;       ; 5.818 ;
; KEY[1]      ; SRAM_DQ[15]  ; 5.818 ;       ;       ; 5.818 ;
; KEY[1]      ; SRAM_WE_N    ; 5.808 ;       ;       ; 5.808 ;
; SRAM_DQ[0]  ; HEX0[0]      ; 5.686 ; 5.686 ; 5.686 ; 5.686 ;
; SRAM_DQ[0]  ; HEX0[1]      ; 5.653 ; 5.653 ; 5.653 ; 5.653 ;
; SRAM_DQ[0]  ; HEX0[2]      ;       ; 5.664 ; 5.664 ;       ;
; SRAM_DQ[0]  ; HEX0[3]      ; 5.797 ; 5.797 ; 5.797 ; 5.797 ;
; SRAM_DQ[0]  ; HEX0[4]      ; 5.800 ;       ;       ; 5.800 ;
; SRAM_DQ[0]  ; HEX0[5]      ; 5.790 ;       ;       ; 5.790 ;
; SRAM_DQ[0]  ; HEX0[6]      ; 5.789 ;       ;       ; 5.789 ;
; SRAM_DQ[1]  ; HEX0[0]      ; 5.581 ; 5.581 ; 5.581 ; 5.581 ;
; SRAM_DQ[1]  ; HEX0[1]      ; 5.548 ; 5.548 ; 5.548 ; 5.548 ;
; SRAM_DQ[1]  ; HEX0[2]      ; 5.558 ;       ;       ; 5.558 ;
; SRAM_DQ[1]  ; HEX0[3]      ; 5.691 ; 5.691 ; 5.691 ; 5.691 ;
; SRAM_DQ[1]  ; HEX0[4]      ; 5.694 ; 5.694 ; 5.694 ; 5.694 ;
; SRAM_DQ[1]  ; HEX0[5]      ; 5.684 ;       ;       ; 5.684 ;
; SRAM_DQ[1]  ; HEX0[6]      ; 5.683 ; 5.683 ; 5.683 ; 5.683 ;
; SRAM_DQ[2]  ; HEX0[0]      ; 5.850 ; 5.850 ; 5.850 ; 5.850 ;
; SRAM_DQ[2]  ; HEX0[1]      ; 5.816 ;       ;       ; 5.816 ;
; SRAM_DQ[2]  ; HEX0[2]      ; 5.827 ; 5.827 ; 5.827 ; 5.827 ;
; SRAM_DQ[2]  ; HEX0[3]      ; 5.959 ; 5.959 ; 5.959 ; 5.959 ;
; SRAM_DQ[2]  ; HEX0[4]      ; 5.962 ;       ;       ; 5.962 ;
; SRAM_DQ[2]  ; HEX0[5]      ; 5.952 ; 5.952 ; 5.952 ; 5.952 ;
; SRAM_DQ[2]  ; HEX0[6]      ; 5.952 ; 5.952 ; 5.952 ; 5.952 ;
; SRAM_DQ[3]  ; HEX0[0]      ; 5.505 ; 5.505 ; 5.505 ; 5.505 ;
; SRAM_DQ[3]  ; HEX0[1]      ; 5.472 ;       ;       ; 5.472 ;
; SRAM_DQ[3]  ; HEX0[2]      ; 5.483 ;       ;       ; 5.483 ;
; SRAM_DQ[3]  ; HEX0[3]      ; 5.625 ; 5.625 ; 5.625 ; 5.625 ;
; SRAM_DQ[3]  ; HEX0[4]      ; 5.627 ;       ;       ; 5.627 ;
; SRAM_DQ[3]  ; HEX0[5]      ; 5.615 ; 5.615 ; 5.615 ; 5.615 ;
; SRAM_DQ[3]  ; HEX0[6]      ; 5.614 ; 5.614 ; 5.614 ; 5.614 ;
; SRAM_DQ[4]  ; HEX1[0]      ; 5.982 ; 5.982 ; 5.982 ; 5.982 ;
; SRAM_DQ[4]  ; HEX1[1]      ; 6.055 ; 6.055 ; 6.055 ; 6.055 ;
; SRAM_DQ[4]  ; HEX1[2]      ;       ; 5.801 ; 5.801 ;       ;
; SRAM_DQ[4]  ; HEX1[3]      ; 5.776 ; 5.776 ; 5.776 ; 5.776 ;
; SRAM_DQ[4]  ; HEX1[4]      ; 5.810 ;       ;       ; 5.810 ;
; SRAM_DQ[4]  ; HEX1[5]      ; 5.901 ;       ;       ; 5.901 ;
; SRAM_DQ[4]  ; HEX1[6]      ; 5.957 ;       ;       ; 5.957 ;
; SRAM_DQ[5]  ; HEX1[0]      ; 6.103 ; 6.103 ; 6.103 ; 6.103 ;
; SRAM_DQ[5]  ; HEX1[1]      ; 6.176 ; 6.176 ; 6.176 ; 6.176 ;
; SRAM_DQ[5]  ; HEX1[2]      ; 5.922 ;       ;       ; 5.922 ;
; SRAM_DQ[5]  ; HEX1[3]      ; 5.897 ; 5.897 ; 5.897 ; 5.897 ;
; SRAM_DQ[5]  ; HEX1[4]      ; 5.943 ; 5.943 ; 5.943 ; 5.943 ;
; SRAM_DQ[5]  ; HEX1[5]      ; 6.033 ;       ;       ; 6.033 ;
; SRAM_DQ[5]  ; HEX1[6]      ; 6.078 ; 6.078 ; 6.078 ; 6.078 ;
; SRAM_DQ[6]  ; HEX1[0]      ; 6.079 ; 6.079 ; 6.079 ; 6.079 ;
; SRAM_DQ[6]  ; HEX1[1]      ; 6.153 ;       ;       ; 6.153 ;
; SRAM_DQ[6]  ; HEX1[2]      ; 5.898 ; 5.898 ; 5.898 ; 5.898 ;
; SRAM_DQ[6]  ; HEX1[3]      ; 5.873 ; 5.873 ; 5.873 ; 5.873 ;
; SRAM_DQ[6]  ; HEX1[4]      ; 5.907 ;       ;       ; 5.907 ;
; SRAM_DQ[6]  ; HEX1[5]      ; 6.000 ; 6.000 ; 6.000 ; 6.000 ;
; SRAM_DQ[6]  ; HEX1[6]      ; 6.052 ; 6.052 ; 6.052 ; 6.052 ;
; SRAM_DQ[7]  ; HEX1[0]      ; 5.803 ; 5.803 ; 5.803 ; 5.803 ;
; SRAM_DQ[7]  ; HEX1[1]      ; 5.877 ;       ;       ; 5.877 ;
; SRAM_DQ[7]  ; HEX1[2]      ; 5.623 ;       ;       ; 5.623 ;
; SRAM_DQ[7]  ; HEX1[3]      ; 5.597 ; 5.597 ; 5.597 ; 5.597 ;
; SRAM_DQ[7]  ; HEX1[4]      ; 5.643 ;       ;       ; 5.643 ;
; SRAM_DQ[7]  ; HEX1[5]      ; 5.733 ; 5.733 ; 5.733 ; 5.733 ;
; SRAM_DQ[7]  ; HEX1[6]      ; 5.779 ; 5.779 ; 5.779 ; 5.779 ;
; SRAM_DQ[8]  ; HEX2[0]      ; 5.888 ; 5.888 ; 5.888 ; 5.888 ;
; SRAM_DQ[8]  ; HEX2[1]      ; 5.809 ; 5.809 ; 5.809 ; 5.809 ;
; SRAM_DQ[8]  ; HEX2[2]      ;       ; 5.850 ; 5.850 ;       ;
; SRAM_DQ[8]  ; HEX2[3]      ; 5.832 ; 5.832 ; 5.832 ; 5.832 ;
; SRAM_DQ[8]  ; HEX2[4]      ; 5.904 ;       ;       ; 5.904 ;
; SRAM_DQ[8]  ; HEX2[5]      ; 5.958 ;       ;       ; 5.958 ;
; SRAM_DQ[8]  ; HEX2[6]      ; 5.953 ;       ;       ; 5.953 ;
; SRAM_DQ[9]  ; HEX2[0]      ; 5.827 ; 5.827 ; 5.827 ; 5.827 ;
; SRAM_DQ[9]  ; HEX2[1]      ; 5.749 ; 5.749 ; 5.749 ; 5.749 ;
; SRAM_DQ[9]  ; HEX2[2]      ; 5.793 ;       ;       ; 5.793 ;
; SRAM_DQ[9]  ; HEX2[3]      ; 5.780 ; 5.780 ; 5.780 ; 5.780 ;
; SRAM_DQ[9]  ; HEX2[4]      ; 5.861 ; 5.861 ; 5.861 ; 5.861 ;
; SRAM_DQ[9]  ; HEX2[5]      ; 5.912 ;       ;       ; 5.912 ;
; SRAM_DQ[9]  ; HEX2[6]      ; 5.894 ; 5.894 ; 5.894 ; 5.894 ;
; SRAM_DQ[10] ; HEX2[0]      ; 5.802 ; 5.802 ; 5.802 ; 5.802 ;
; SRAM_DQ[10] ; HEX2[1]      ; 5.722 ;       ;       ; 5.722 ;
; SRAM_DQ[10] ; HEX2[2]      ; 5.763 ; 5.763 ; 5.763 ; 5.763 ;
; SRAM_DQ[10] ; HEX2[3]      ; 5.748 ; 5.748 ; 5.748 ; 5.748 ;
; SRAM_DQ[10] ; HEX2[4]      ; 5.828 ;       ;       ; 5.828 ;
; SRAM_DQ[10] ; HEX2[5]      ; 5.879 ; 5.879 ; 5.879 ; 5.879 ;
; SRAM_DQ[10] ; HEX2[6]      ; 5.867 ; 5.867 ; 5.867 ; 5.867 ;
; SRAM_DQ[11] ; HEX2[0]      ; 5.964 ; 5.964 ; 5.964 ; 5.964 ;
; SRAM_DQ[11] ; HEX2[1]      ; 5.885 ;       ;       ; 5.885 ;
; SRAM_DQ[11] ; HEX2[2]      ; 5.930 ;       ;       ; 5.930 ;
; SRAM_DQ[11] ; HEX2[3]      ; 5.907 ; 5.907 ; 5.907 ; 5.907 ;
; SRAM_DQ[11] ; HEX2[4]      ; 5.989 ;       ;       ; 5.989 ;
; SRAM_DQ[11] ; HEX2[5]      ; 6.040 ; 6.040 ; 6.040 ; 6.040 ;
; SRAM_DQ[11] ; HEX2[6]      ; 6.030 ; 6.030 ; 6.030 ; 6.030 ;
; SRAM_DQ[12] ; HEX3[0]      ; 5.860 ; 5.860 ; 5.860 ; 5.860 ;
; SRAM_DQ[12] ; HEX3[1]      ; 5.830 ; 5.830 ; 5.830 ; 5.830 ;
; SRAM_DQ[12] ; HEX3[2]      ;       ; 5.839 ; 5.839 ;       ;
; SRAM_DQ[12] ; HEX3[3]      ; 5.812 ; 5.812 ; 5.812 ; 5.812 ;
; SRAM_DQ[12] ; HEX3[4]      ; 5.840 ;       ;       ; 5.840 ;
; SRAM_DQ[12] ; HEX3[5]      ; 5.910 ;       ;       ; 5.910 ;
; SRAM_DQ[12] ; HEX3[6]      ; 5.912 ;       ;       ; 5.912 ;
; SRAM_DQ[13] ; HEX3[0]      ; 5.940 ; 5.940 ; 5.940 ; 5.940 ;
; SRAM_DQ[13] ; HEX3[1]      ; 5.909 ; 5.909 ; 5.909 ; 5.909 ;
; SRAM_DQ[13] ; HEX3[2]      ; 5.902 ;       ;       ; 5.902 ;
; SRAM_DQ[13] ; HEX3[3]      ; 5.880 ; 5.880 ; 5.880 ; 5.880 ;
; SRAM_DQ[13] ; HEX3[4]      ; 5.904 ; 5.904 ; 5.904 ; 5.904 ;
; SRAM_DQ[13] ; HEX3[5]      ; 5.974 ;       ;       ; 5.974 ;
; SRAM_DQ[13] ; HEX3[6]      ; 5.989 ; 5.989 ; 5.989 ; 5.989 ;
; SRAM_DQ[14] ; HEX3[0]      ; 5.771 ; 5.771 ; 5.771 ; 5.771 ;
; SRAM_DQ[14] ; HEX3[1]      ; 5.740 ;       ;       ; 5.740 ;
; SRAM_DQ[14] ; HEX3[2]      ; 5.734 ; 5.734 ; 5.734 ; 5.734 ;
; SRAM_DQ[14] ; HEX3[3]      ; 5.712 ; 5.712 ; 5.712 ; 5.712 ;
; SRAM_DQ[14] ; HEX3[4]      ; 5.736 ;       ;       ; 5.736 ;
; SRAM_DQ[14] ; HEX3[5]      ; 5.806 ; 5.806 ; 5.806 ; 5.806 ;
; SRAM_DQ[14] ; HEX3[6]      ; 5.820 ; 5.820 ; 5.820 ; 5.820 ;
; SRAM_DQ[15] ; HEX3[0]      ; 5.925 ; 5.925 ; 5.925 ; 5.925 ;
; SRAM_DQ[15] ; HEX3[1]      ; 5.894 ;       ;       ; 5.894 ;
; SRAM_DQ[15] ; HEX3[2]      ; 5.897 ;       ;       ; 5.897 ;
; SRAM_DQ[15] ; HEX3[3]      ; 5.867 ; 5.867 ; 5.867 ; 5.867 ;
; SRAM_DQ[15] ; HEX3[4]      ; 5.890 ;       ;       ; 5.890 ;
; SRAM_DQ[15] ; HEX3[5]      ; 5.963 ; 5.963 ; 5.963 ; 5.963 ;
; SRAM_DQ[15] ; HEX3[6]      ; 5.973 ; 5.973 ; 5.973 ; 5.973 ;
; SW[0]       ; SRAM_DQ[0]   ; 3.451 ;       ;       ; 3.451 ;
; SW[1]       ; SRAM_DQ[1]   ; 3.542 ;       ;       ; 3.542 ;
; SW[2]       ; SRAM_DQ[2]   ; 3.350 ;       ;       ; 3.350 ;
; SW[3]       ; SRAM_DQ[3]   ; 2.909 ;       ;       ; 2.909 ;
; SW[4]       ; SRAM_DQ[4]   ; 2.824 ;       ;       ; 2.824 ;
; SW[5]       ; SRAM_DQ[5]   ; 2.704 ;       ;       ; 2.704 ;
; SW[6]       ; SRAM_DQ[6]   ; 2.804 ;       ;       ; 2.804 ;
; SW[7]       ; SRAM_DQ[7]   ; 3.300 ;       ;       ; 3.300 ;
; SW[8]       ; SRAM_ADDR[0] ; 3.559 ;       ;       ; 3.559 ;
; SW[9]       ; SRAM_ADDR[1] ; 3.431 ;       ;       ; 3.431 ;
; SW[10]      ; SRAM_ADDR[2] ; 3.111 ;       ;       ; 3.111 ;
; SW[11]      ; SRAM_ADDR[3] ; 2.912 ;       ;       ; 2.912 ;
; SW[12]      ; SRAM_ADDR[4] ; 2.949 ;       ;       ; 2.949 ;
; SW[13]      ; SRAM_ADDR[5] ; 5.236 ;       ;       ; 5.236 ;
; SW[14]      ; SRAM_ADDR[6] ; 5.257 ;       ;       ; 5.257 ;
; SW[15]      ; SRAM_ADDR[7] ; 5.236 ;       ;       ; 5.236 ;
+-------------+--------------+-------+-------+-------+-------+


+------------------------------------------------------------+
; Minimum Propagation Delay                                  ;
+-------------+--------------+-------+-------+-------+-------+
; Input Port  ; Output Port  ; RR    ; RF    ; FR    ; FF    ;
+-------------+--------------+-------+-------+-------+-------+
; KEY[0]      ; SRAM_OE_N    ; 5.993 ;       ;       ; 5.993 ;
; KEY[1]      ; SRAM_DQ[0]   ; 5.813 ; 5.813 ; 5.813 ; 5.813 ;
; KEY[1]      ; SRAM_DQ[1]   ; 5.828 ; 5.828 ; 5.828 ; 5.828 ;
; KEY[1]      ; SRAM_DQ[2]   ; 5.828 ; 5.828 ; 5.828 ; 5.828 ;
; KEY[1]      ; SRAM_DQ[3]   ; 5.808 ; 5.808 ; 5.808 ; 5.808 ;
; KEY[1]      ; SRAM_DQ[4]   ; 5.783 ; 5.783 ; 5.783 ; 5.783 ;
; KEY[1]      ; SRAM_DQ[5]   ; 5.783 ; 5.783 ; 5.783 ; 5.783 ;
; KEY[1]      ; SRAM_DQ[6]   ; 5.783 ; 5.783 ; 5.783 ; 5.783 ;
; KEY[1]      ; SRAM_DQ[7]   ; 5.768 ; 5.768 ; 5.768 ; 5.768 ;
; KEY[1]      ; SRAM_DQ[8]   ; 5.848 ;       ;       ; 5.848 ;
; KEY[1]      ; SRAM_DQ[9]   ; 5.848 ;       ;       ; 5.848 ;
; KEY[1]      ; SRAM_DQ[10]  ; 5.843 ;       ;       ; 5.843 ;
; KEY[1]      ; SRAM_DQ[11]  ; 5.843 ;       ;       ; 5.843 ;
; KEY[1]      ; SRAM_DQ[12]  ; 5.833 ;       ;       ; 5.833 ;
; KEY[1]      ; SRAM_DQ[13]  ; 5.833 ;       ;       ; 5.833 ;
; KEY[1]      ; SRAM_DQ[14]  ; 5.818 ;       ;       ; 5.818 ;
; KEY[1]      ; SRAM_DQ[15]  ; 5.818 ;       ;       ; 5.818 ;
; KEY[1]      ; SRAM_WE_N    ; 5.808 ;       ;       ; 5.808 ;
; SRAM_DQ[0]  ; HEX0[0]      ; 5.686 ; 5.686 ; 5.686 ; 5.686 ;
; SRAM_DQ[0]  ; HEX0[1]      ; 5.653 ; 5.653 ; 5.653 ; 5.653 ;
; SRAM_DQ[0]  ; HEX0[2]      ;       ; 5.664 ; 5.664 ;       ;
; SRAM_DQ[0]  ; HEX0[3]      ; 5.797 ; 5.797 ; 5.797 ; 5.797 ;
; SRAM_DQ[0]  ; HEX0[4]      ; 5.800 ;       ;       ; 5.800 ;
; SRAM_DQ[0]  ; HEX0[5]      ; 5.790 ;       ;       ; 5.790 ;
; SRAM_DQ[0]  ; HEX0[6]      ; 5.789 ;       ;       ; 5.789 ;
; SRAM_DQ[1]  ; HEX0[0]      ; 5.581 ; 5.581 ; 5.581 ; 5.581 ;
; SRAM_DQ[1]  ; HEX0[1]      ; 5.548 ; 5.548 ; 5.548 ; 5.548 ;
; SRAM_DQ[1]  ; HEX0[2]      ; 5.558 ;       ;       ; 5.558 ;
; SRAM_DQ[1]  ; HEX0[3]      ; 5.691 ; 5.691 ; 5.691 ; 5.691 ;
; SRAM_DQ[1]  ; HEX0[4]      ; 5.694 ; 5.694 ; 5.694 ; 5.694 ;
; SRAM_DQ[1]  ; HEX0[5]      ; 5.684 ;       ;       ; 5.684 ;
; SRAM_DQ[1]  ; HEX0[6]      ; 5.683 ; 5.683 ; 5.683 ; 5.683 ;
; SRAM_DQ[2]  ; HEX0[0]      ; 5.850 ; 5.850 ; 5.850 ; 5.850 ;
; SRAM_DQ[2]  ; HEX0[1]      ; 5.816 ;       ;       ; 5.816 ;
; SRAM_DQ[2]  ; HEX0[2]      ; 5.827 ; 5.827 ; 5.827 ; 5.827 ;
; SRAM_DQ[2]  ; HEX0[3]      ; 5.959 ; 5.959 ; 5.959 ; 5.959 ;
; SRAM_DQ[2]  ; HEX0[4]      ; 5.962 ;       ;       ; 5.962 ;
; SRAM_DQ[2]  ; HEX0[5]      ; 5.952 ; 5.952 ; 5.952 ; 5.952 ;
; SRAM_DQ[2]  ; HEX0[6]      ; 5.952 ; 5.952 ; 5.952 ; 5.952 ;
; SRAM_DQ[3]  ; HEX0[0]      ; 5.505 ; 5.505 ; 5.505 ; 5.505 ;
; SRAM_DQ[3]  ; HEX0[1]      ; 5.472 ;       ;       ; 5.472 ;
; SRAM_DQ[3]  ; HEX0[2]      ; 5.483 ;       ;       ; 5.483 ;
; SRAM_DQ[3]  ; HEX0[3]      ; 5.625 ; 5.625 ; 5.625 ; 5.625 ;
; SRAM_DQ[3]  ; HEX0[4]      ; 5.627 ;       ;       ; 5.627 ;
; SRAM_DQ[3]  ; HEX0[5]      ; 5.615 ; 5.615 ; 5.615 ; 5.615 ;
; SRAM_DQ[3]  ; HEX0[6]      ; 5.614 ; 5.614 ; 5.614 ; 5.614 ;
; SRAM_DQ[4]  ; HEX1[0]      ; 5.982 ; 5.982 ; 5.982 ; 5.982 ;
; SRAM_DQ[4]  ; HEX1[1]      ; 6.055 ; 6.055 ; 6.055 ; 6.055 ;
; SRAM_DQ[4]  ; HEX1[2]      ;       ; 5.801 ; 5.801 ;       ;
; SRAM_DQ[4]  ; HEX1[3]      ; 5.776 ; 5.776 ; 5.776 ; 5.776 ;
; SRAM_DQ[4]  ; HEX1[4]      ; 5.810 ;       ;       ; 5.810 ;
; SRAM_DQ[4]  ; HEX1[5]      ; 5.901 ;       ;       ; 5.901 ;
; SRAM_DQ[4]  ; HEX1[6]      ; 5.957 ;       ;       ; 5.957 ;
; SRAM_DQ[5]  ; HEX1[0]      ; 6.103 ; 6.103 ; 6.103 ; 6.103 ;
; SRAM_DQ[5]  ; HEX1[1]      ; 6.176 ; 6.176 ; 6.176 ; 6.176 ;
; SRAM_DQ[5]  ; HEX1[2]      ; 5.922 ;       ;       ; 5.922 ;
; SRAM_DQ[5]  ; HEX1[3]      ; 5.897 ; 5.897 ; 5.897 ; 5.897 ;
; SRAM_DQ[5]  ; HEX1[4]      ; 5.943 ; 5.943 ; 5.943 ; 5.943 ;
; SRAM_DQ[5]  ; HEX1[5]      ; 6.033 ;       ;       ; 6.033 ;
; SRAM_DQ[5]  ; HEX1[6]      ; 6.078 ; 6.078 ; 6.078 ; 6.078 ;
; SRAM_DQ[6]  ; HEX1[0]      ; 6.079 ; 6.079 ; 6.079 ; 6.079 ;
; SRAM_DQ[6]  ; HEX1[1]      ; 6.153 ;       ;       ; 6.153 ;
; SRAM_DQ[6]  ; HEX1[2]      ; 5.898 ; 5.898 ; 5.898 ; 5.898 ;
; SRAM_DQ[6]  ; HEX1[3]      ; 5.873 ; 5.873 ; 5.873 ; 5.873 ;
; SRAM_DQ[6]  ; HEX1[4]      ; 5.907 ;       ;       ; 5.907 ;
; SRAM_DQ[6]  ; HEX1[5]      ; 6.000 ; 6.000 ; 6.000 ; 6.000 ;
; SRAM_DQ[6]  ; HEX1[6]      ; 6.052 ; 6.052 ; 6.052 ; 6.052 ;
; SRAM_DQ[7]  ; HEX1[0]      ; 5.803 ; 5.803 ; 5.803 ; 5.803 ;
; SRAM_DQ[7]  ; HEX1[1]      ; 5.877 ;       ;       ; 5.877 ;
; SRAM_DQ[7]  ; HEX1[2]      ; 5.623 ;       ;       ; 5.623 ;
; SRAM_DQ[7]  ; HEX1[3]      ; 5.597 ; 5.597 ; 5.597 ; 5.597 ;
; SRAM_DQ[7]  ; HEX1[4]      ; 5.643 ;       ;       ; 5.643 ;
; SRAM_DQ[7]  ; HEX1[5]      ; 5.733 ; 5.733 ; 5.733 ; 5.733 ;
; SRAM_DQ[7]  ; HEX1[6]      ; 5.779 ; 5.779 ; 5.779 ; 5.779 ;
; SRAM_DQ[8]  ; HEX2[0]      ; 5.888 ; 5.888 ; 5.888 ; 5.888 ;
; SRAM_DQ[8]  ; HEX2[1]      ; 5.809 ; 5.809 ; 5.809 ; 5.809 ;
; SRAM_DQ[8]  ; HEX2[2]      ;       ; 5.850 ; 5.850 ;       ;
; SRAM_DQ[8]  ; HEX2[3]      ; 5.832 ; 5.832 ; 5.832 ; 5.832 ;
; SRAM_DQ[8]  ; HEX2[4]      ; 5.904 ;       ;       ; 5.904 ;
; SRAM_DQ[8]  ; HEX2[5]      ; 5.958 ;       ;       ; 5.958 ;
; SRAM_DQ[8]  ; HEX2[6]      ; 5.953 ;       ;       ; 5.953 ;
; SRAM_DQ[9]  ; HEX2[0]      ; 5.827 ; 5.827 ; 5.827 ; 5.827 ;
; SRAM_DQ[9]  ; HEX2[1]      ; 5.749 ; 5.749 ; 5.749 ; 5.749 ;
; SRAM_DQ[9]  ; HEX2[2]      ; 5.793 ;       ;       ; 5.793 ;
; SRAM_DQ[9]  ; HEX2[3]      ; 5.780 ; 5.780 ; 5.780 ; 5.780 ;
; SRAM_DQ[9]  ; HEX2[4]      ; 5.861 ; 5.861 ; 5.861 ; 5.861 ;
; SRAM_DQ[9]  ; HEX2[5]      ; 5.912 ;       ;       ; 5.912 ;
; SRAM_DQ[9]  ; HEX2[6]      ; 5.894 ; 5.894 ; 5.894 ; 5.894 ;
; SRAM_DQ[10] ; HEX2[0]      ; 5.802 ; 5.802 ; 5.802 ; 5.802 ;
; SRAM_DQ[10] ; HEX2[1]      ; 5.722 ;       ;       ; 5.722 ;
; SRAM_DQ[10] ; HEX2[2]      ; 5.763 ; 5.763 ; 5.763 ; 5.763 ;
; SRAM_DQ[10] ; HEX2[3]      ; 5.748 ; 5.748 ; 5.748 ; 5.748 ;
; SRAM_DQ[10] ; HEX2[4]      ; 5.828 ;       ;       ; 5.828 ;
; SRAM_DQ[10] ; HEX2[5]      ; 5.879 ; 5.879 ; 5.879 ; 5.879 ;
; SRAM_DQ[10] ; HEX2[6]      ; 5.867 ; 5.867 ; 5.867 ; 5.867 ;
; SRAM_DQ[11] ; HEX2[0]      ; 5.964 ; 5.964 ; 5.964 ; 5.964 ;
; SRAM_DQ[11] ; HEX2[1]      ; 5.885 ;       ;       ; 5.885 ;
; SRAM_DQ[11] ; HEX2[2]      ; 5.930 ;       ;       ; 5.930 ;
; SRAM_DQ[11] ; HEX2[3]      ; 5.907 ; 5.907 ; 5.907 ; 5.907 ;
; SRAM_DQ[11] ; HEX2[4]      ; 5.989 ;       ;       ; 5.989 ;
; SRAM_DQ[11] ; HEX2[5]      ; 6.040 ; 6.040 ; 6.040 ; 6.040 ;
; SRAM_DQ[11] ; HEX2[6]      ; 6.030 ; 6.030 ; 6.030 ; 6.030 ;
; SRAM_DQ[12] ; HEX3[0]      ; 5.860 ; 5.860 ; 5.860 ; 5.860 ;
; SRAM_DQ[12] ; HEX3[1]      ; 5.830 ; 5.830 ; 5.830 ; 5.830 ;
; SRAM_DQ[12] ; HEX3[2]      ;       ; 5.839 ; 5.839 ;       ;
; SRAM_DQ[12] ; HEX3[3]      ; 5.812 ; 5.812 ; 5.812 ; 5.812 ;
; SRAM_DQ[12] ; HEX3[4]      ; 5.840 ;       ;       ; 5.840 ;
; SRAM_DQ[12] ; HEX3[5]      ; 5.910 ;       ;       ; 5.910 ;
; SRAM_DQ[12] ; HEX3[6]      ; 5.912 ;       ;       ; 5.912 ;
; SRAM_DQ[13] ; HEX3[0]      ; 5.940 ; 5.940 ; 5.940 ; 5.940 ;
; SRAM_DQ[13] ; HEX3[1]      ; 5.909 ; 5.909 ; 5.909 ; 5.909 ;
; SRAM_DQ[13] ; HEX3[2]      ; 5.902 ;       ;       ; 5.902 ;
; SRAM_DQ[13] ; HEX3[3]      ; 5.880 ; 5.880 ; 5.880 ; 5.880 ;
; SRAM_DQ[13] ; HEX3[4]      ; 5.904 ; 5.904 ; 5.904 ; 5.904 ;
; SRAM_DQ[13] ; HEX3[5]      ; 5.974 ;       ;       ; 5.974 ;
; SRAM_DQ[13] ; HEX3[6]      ; 5.989 ; 5.989 ; 5.989 ; 5.989 ;
; SRAM_DQ[14] ; HEX3[0]      ; 5.771 ; 5.771 ; 5.771 ; 5.771 ;
; SRAM_DQ[14] ; HEX3[1]      ; 5.740 ;       ;       ; 5.740 ;
; SRAM_DQ[14] ; HEX3[2]      ; 5.734 ; 5.734 ; 5.734 ; 5.734 ;
; SRAM_DQ[14] ; HEX3[3]      ; 5.712 ; 5.712 ; 5.712 ; 5.712 ;
; SRAM_DQ[14] ; HEX3[4]      ; 5.736 ;       ;       ; 5.736 ;
; SRAM_DQ[14] ; HEX3[5]      ; 5.806 ; 5.806 ; 5.806 ; 5.806 ;
; SRAM_DQ[14] ; HEX3[6]      ; 5.820 ; 5.820 ; 5.820 ; 5.820 ;
; SRAM_DQ[15] ; HEX3[0]      ; 5.925 ; 5.925 ; 5.925 ; 5.925 ;
; SRAM_DQ[15] ; HEX3[1]      ; 5.894 ;       ;       ; 5.894 ;
; SRAM_DQ[15] ; HEX3[2]      ; 5.897 ;       ;       ; 5.897 ;
; SRAM_DQ[15] ; HEX3[3]      ; 5.867 ; 5.867 ; 5.867 ; 5.867 ;
; SRAM_DQ[15] ; HEX3[4]      ; 5.890 ;       ;       ; 5.890 ;
; SRAM_DQ[15] ; HEX3[5]      ; 5.963 ; 5.963 ; 5.963 ; 5.963 ;
; SRAM_DQ[15] ; HEX3[6]      ; 5.973 ; 5.973 ; 5.973 ; 5.973 ;
; SW[0]       ; SRAM_DQ[0]   ; 3.451 ;       ;       ; 3.451 ;
; SW[1]       ; SRAM_DQ[1]   ; 3.542 ;       ;       ; 3.542 ;
; SW[2]       ; SRAM_DQ[2]   ; 3.350 ;       ;       ; 3.350 ;
; SW[3]       ; SRAM_DQ[3]   ; 2.909 ;       ;       ; 2.909 ;
; SW[4]       ; SRAM_DQ[4]   ; 2.824 ;       ;       ; 2.824 ;
; SW[5]       ; SRAM_DQ[5]   ; 2.704 ;       ;       ; 2.704 ;
; SW[6]       ; SRAM_DQ[6]   ; 2.804 ;       ;       ; 2.804 ;
; SW[7]       ; SRAM_DQ[7]   ; 3.300 ;       ;       ; 3.300 ;
; SW[8]       ; SRAM_ADDR[0] ; 3.559 ;       ;       ; 3.559 ;
; SW[9]       ; SRAM_ADDR[1] ; 3.431 ;       ;       ; 3.431 ;
; SW[10]      ; SRAM_ADDR[2] ; 3.111 ;       ;       ; 3.111 ;
; SW[11]      ; SRAM_ADDR[3] ; 2.912 ;       ;       ; 2.912 ;
; SW[12]      ; SRAM_ADDR[4] ; 2.949 ;       ;       ; 2.949 ;
; SW[13]      ; SRAM_ADDR[5] ; 5.236 ;       ;       ; 5.236 ;
; SW[14]      ; SRAM_ADDR[6] ; 5.257 ;       ;       ; 5.257 ;
; SW[15]      ; SRAM_ADDR[7] ; 5.236 ;       ;       ; 5.236 ;
+-------------+--------------+-------+-------+-------+-------+


+----------------------------------------------------------------------------+
; Multicorner Timing Analysis Summary                                        ;
+------------------+-------+------+----------+---------+---------------------+
; Clock            ; Setup ; Hold ; Recovery ; Removal ; Minimum Pulse Width ;
+------------------+-------+------+----------+---------+---------------------+
; Worst-case Slack ; N/A   ; N/A  ; N/A      ; N/A     ; N/A                 ;
; Design-wide TNS  ; 0.0   ; 0.0  ; 0.0      ; 0.0     ; 0.0                 ;
+------------------+-------+------+----------+---------+---------------------+


+----------------------------------------------------------------+
; Progagation Delay                                              ;
+-------------+--------------+--------+--------+--------+--------+
; Input Port  ; Output Port  ; RR     ; RF     ; FR     ; FF     ;
+-------------+--------------+--------+--------+--------+--------+
; KEY[0]      ; SRAM_OE_N    ; 10.470 ;        ;        ; 10.470 ;
; KEY[1]      ; SRAM_DQ[0]   ; 10.157 ; 10.157 ; 10.157 ; 10.157 ;
; KEY[1]      ; SRAM_DQ[1]   ; 10.173 ; 10.173 ; 10.173 ; 10.173 ;
; KEY[1]      ; SRAM_DQ[2]   ; 10.173 ; 10.173 ; 10.173 ; 10.173 ;
; KEY[1]      ; SRAM_DQ[3]   ; 10.153 ; 10.153 ; 10.153 ; 10.153 ;
; KEY[1]      ; SRAM_DQ[4]   ; 10.126 ; 10.126 ; 10.126 ; 10.126 ;
; KEY[1]      ; SRAM_DQ[5]   ; 10.126 ; 10.126 ; 10.126 ; 10.126 ;
; KEY[1]      ; SRAM_DQ[6]   ; 10.126 ; 10.126 ; 10.126 ; 10.126 ;
; KEY[1]      ; SRAM_DQ[7]   ; 10.111 ; 10.111 ; 10.111 ; 10.111 ;
; KEY[1]      ; SRAM_DQ[8]   ; 10.193 ;        ;        ; 10.193 ;
; KEY[1]      ; SRAM_DQ[9]   ; 10.193 ;        ;        ; 10.193 ;
; KEY[1]      ; SRAM_DQ[10]  ; 10.188 ;        ;        ; 10.188 ;
; KEY[1]      ; SRAM_DQ[11]  ; 10.188 ;        ;        ; 10.188 ;
; KEY[1]      ; SRAM_DQ[12]  ; 10.178 ;        ;        ; 10.178 ;
; KEY[1]      ; SRAM_DQ[13]  ; 10.178 ;        ;        ; 10.178 ;
; KEY[1]      ; SRAM_DQ[14]  ; 10.162 ;        ;        ; 10.162 ;
; KEY[1]      ; SRAM_DQ[15]  ; 10.162 ;        ;        ; 10.162 ;
; KEY[1]      ; SRAM_WE_N    ; 10.148 ;        ;        ; 10.148 ;
; SRAM_DQ[0]  ; HEX0[0]      ; 10.213 ; 10.213 ; 10.213 ; 10.213 ;
; SRAM_DQ[0]  ; HEX0[1]      ; 10.182 ; 10.182 ; 10.182 ; 10.182 ;
; SRAM_DQ[0]  ; HEX0[2]      ;        ; 10.167 ; 10.167 ;        ;
; SRAM_DQ[0]  ; HEX0[3]      ; 10.453 ; 10.453 ; 10.453 ; 10.453 ;
; SRAM_DQ[0]  ; HEX0[4]      ; 10.459 ;        ;        ; 10.459 ;
; SRAM_DQ[0]  ; HEX0[5]      ; 10.447 ;        ;        ; 10.447 ;
; SRAM_DQ[0]  ; HEX0[6]      ; 10.448 ;        ;        ; 10.448 ;
; SRAM_DQ[1]  ; HEX0[0]      ; 10.062 ; 10.062 ; 10.062 ; 10.062 ;
; SRAM_DQ[1]  ; HEX0[1]      ; 10.027 ; 10.027 ; 10.027 ; 10.027 ;
; SRAM_DQ[1]  ; HEX0[2]      ; 10.039 ;        ;        ; 10.039 ;
; SRAM_DQ[1]  ; HEX0[3]      ; 10.299 ; 10.299 ; 10.299 ; 10.299 ;
; SRAM_DQ[1]  ; HEX0[4]      ; 10.304 ; 10.304 ; 10.304 ; 10.304 ;
; SRAM_DQ[1]  ; HEX0[5]      ; 10.293 ;        ;        ; 10.293 ;
; SRAM_DQ[1]  ; HEX0[6]      ; 10.297 ; 10.297 ; 10.297 ; 10.297 ;
; SRAM_DQ[2]  ; HEX0[0]      ; 10.560 ; 10.560 ; 10.560 ; 10.560 ;
; SRAM_DQ[2]  ; HEX0[1]      ; 10.526 ;        ;        ; 10.526 ;
; SRAM_DQ[2]  ; HEX0[2]      ; 10.512 ; 10.512 ; 10.512 ; 10.512 ;
; SRAM_DQ[2]  ; HEX0[3]      ; 10.797 ; 10.797 ; 10.797 ; 10.797 ;
; SRAM_DQ[2]  ; HEX0[4]      ; 10.802 ;        ;        ; 10.802 ;
; SRAM_DQ[2]  ; HEX0[5]      ; 10.791 ; 10.791 ; 10.791 ; 10.791 ;
; SRAM_DQ[2]  ; HEX0[6]      ; 10.792 ; 10.792 ; 10.792 ; 10.792 ;
; SRAM_DQ[3]  ; HEX0[0]      ; 9.914  ; 9.914  ; 9.914  ; 9.914  ;
; SRAM_DQ[3]  ; HEX0[1]      ; 9.879  ;        ;        ; 9.879  ;
; SRAM_DQ[3]  ; HEX0[2]      ; 9.891  ;        ;        ; 9.891  ;
; SRAM_DQ[3]  ; HEX0[3]      ; 10.163 ; 10.163 ; 10.163 ; 10.163 ;
; SRAM_DQ[3]  ; HEX0[4]      ; 10.167 ;        ;        ; 10.167 ;
; SRAM_DQ[3]  ; HEX0[5]      ; 10.155 ; 10.155 ; 10.155 ; 10.155 ;
; SRAM_DQ[3]  ; HEX0[6]      ; 10.154 ; 10.154 ; 10.154 ; 10.154 ;
; SRAM_DQ[4]  ; HEX1[0]      ; 10.823 ; 10.823 ; 10.823 ; 10.823 ;
; SRAM_DQ[4]  ; HEX1[1]      ; 10.963 ; 10.963 ; 10.963 ; 10.963 ;
; SRAM_DQ[4]  ; HEX1[2]      ;        ; 10.518 ; 10.518 ;        ;
; SRAM_DQ[4]  ; HEX1[3]      ; 10.474 ; 10.474 ; 10.474 ; 10.474 ;
; SRAM_DQ[4]  ; HEX1[4]      ; 10.494 ;        ;        ; 10.494 ;
; SRAM_DQ[4]  ; HEX1[5]      ; 10.750 ;        ;        ; 10.750 ;
; SRAM_DQ[4]  ; HEX1[6]      ; 10.831 ;        ;        ; 10.831 ;
; SRAM_DQ[5]  ; HEX1[0]      ; 10.951 ; 10.951 ; 10.951 ; 10.951 ;
; SRAM_DQ[5]  ; HEX1[1]      ; 11.117 ; 11.117 ; 11.117 ; 11.117 ;
; SRAM_DQ[5]  ; HEX1[2]      ; 10.675 ;        ;        ; 10.675 ;
; SRAM_DQ[5]  ; HEX1[3]      ; 10.629 ; 10.629 ; 10.629 ; 10.629 ;
; SRAM_DQ[5]  ; HEX1[4]      ; 10.693 ; 10.693 ; 10.693 ; 10.693 ;
; SRAM_DQ[5]  ; HEX1[5]      ; 10.918 ;        ;        ; 10.918 ;
; SRAM_DQ[5]  ; HEX1[6]      ; 10.986 ; 10.986 ; 10.986 ; 10.986 ;
; SRAM_DQ[6]  ; HEX1[0]      ; 10.927 ; 10.927 ; 10.927 ; 10.927 ;
; SRAM_DQ[6]  ; HEX1[1]      ; 11.072 ;        ;        ; 11.072 ;
; SRAM_DQ[6]  ; HEX1[2]      ; 10.600 ; 10.600 ; 10.600 ; 10.600 ;
; SRAM_DQ[6]  ; HEX1[3]      ; 10.583 ; 10.583 ; 10.583 ; 10.583 ;
; SRAM_DQ[6]  ; HEX1[4]      ; 10.634 ;        ;        ; 10.634 ;
; SRAM_DQ[6]  ; HEX1[5]      ; 10.860 ; 10.860 ; 10.860 ; 10.860 ;
; SRAM_DQ[6]  ; HEX1[6]      ; 10.940 ; 10.940 ; 10.940 ; 10.940 ;
; SRAM_DQ[7]  ; HEX1[0]      ; 10.405 ; 10.405 ; 10.405 ; 10.405 ;
; SRAM_DQ[7]  ; HEX1[1]      ; 10.548 ;        ;        ; 10.548 ;
; SRAM_DQ[7]  ; HEX1[2]      ; 10.104 ;        ;        ; 10.104 ;
; SRAM_DQ[7]  ; HEX1[3]      ; 10.059 ; 10.059 ; 10.059 ; 10.059 ;
; SRAM_DQ[7]  ; HEX1[4]      ; 10.122 ;        ;        ; 10.122 ;
; SRAM_DQ[7]  ; HEX1[5]      ; 10.347 ; 10.347 ; 10.347 ; 10.347 ;
; SRAM_DQ[7]  ; HEX1[6]      ; 10.415 ; 10.415 ; 10.415 ; 10.415 ;
; SRAM_DQ[8]  ; HEX2[0]      ; 10.647 ; 10.647 ; 10.647 ; 10.647 ;
; SRAM_DQ[8]  ; HEX2[1]      ; 10.482 ; 10.482 ; 10.482 ; 10.482 ;
; SRAM_DQ[8]  ; HEX2[2]      ;        ; 10.520 ; 10.520 ;        ;
; SRAM_DQ[8]  ; HEX2[3]      ; 10.487 ; 10.487 ; 10.487 ; 10.487 ;
; SRAM_DQ[8]  ; HEX2[4]      ; 10.676 ;        ;        ; 10.676 ;
; SRAM_DQ[8]  ; HEX2[5]      ; 10.782 ;        ;        ; 10.782 ;
; SRAM_DQ[8]  ; HEX2[6]      ; 10.784 ;        ;        ; 10.784 ;
; SRAM_DQ[9]  ; HEX2[0]      ; 10.526 ; 10.526 ; 10.526 ; 10.526 ;
; SRAM_DQ[9]  ; HEX2[1]      ; 10.362 ; 10.362 ; 10.362 ; 10.362 ;
; SRAM_DQ[9]  ; HEX2[2]      ; 10.407 ;        ;        ; 10.407 ;
; SRAM_DQ[9]  ; HEX2[3]      ; 10.375 ; 10.375 ; 10.375 ; 10.375 ;
; SRAM_DQ[9]  ; HEX2[4]      ; 10.572 ; 10.572 ; 10.572 ; 10.572 ;
; SRAM_DQ[9]  ; HEX2[5]      ; 10.680 ;        ;        ; 10.680 ;
; SRAM_DQ[9]  ; HEX2[6]      ; 10.664 ; 10.664 ; 10.664 ; 10.664 ;
; SRAM_DQ[10] ; HEX2[0]      ; 10.430 ; 10.430 ; 10.430 ; 10.430 ;
; SRAM_DQ[10] ; HEX2[1]      ; 10.266 ;        ;        ; 10.266 ;
; SRAM_DQ[10] ; HEX2[2]      ; 10.304 ; 10.304 ; 10.304 ; 10.304 ;
; SRAM_DQ[10] ; HEX2[3]      ; 10.272 ; 10.272 ; 10.272 ; 10.272 ;
; SRAM_DQ[10] ; HEX2[4]      ; 10.469 ;        ;        ; 10.469 ;
; SRAM_DQ[10] ; HEX2[5]      ; 10.577 ; 10.577 ; 10.577 ; 10.577 ;
; SRAM_DQ[10] ; HEX2[6]      ; 10.566 ; 10.566 ; 10.566 ; 10.566 ;
; SRAM_DQ[11] ; HEX2[0]      ; 10.770 ; 10.770 ; 10.770 ; 10.770 ;
; SRAM_DQ[11] ; HEX2[1]      ; 10.605 ;        ;        ; 10.605 ;
; SRAM_DQ[11] ; HEX2[2]      ; 10.644 ;        ;        ; 10.644 ;
; SRAM_DQ[11] ; HEX2[3]      ; 10.610 ; 10.610 ; 10.610 ; 10.610 ;
; SRAM_DQ[11] ; HEX2[4]      ; 10.806 ;        ;        ; 10.806 ;
; SRAM_DQ[11] ; HEX2[5]      ; 10.914 ; 10.914 ; 10.914 ; 10.914 ;
; SRAM_DQ[11] ; HEX2[6]      ; 10.906 ; 10.906 ; 10.906 ; 10.906 ;
; SRAM_DQ[12] ; HEX3[0]      ; 10.592 ; 10.592 ; 10.592 ; 10.592 ;
; SRAM_DQ[12] ; HEX3[1]      ; 10.474 ; 10.474 ; 10.474 ; 10.474 ;
; SRAM_DQ[12] ; HEX3[2]      ;        ; 10.483 ; 10.483 ;        ;
; SRAM_DQ[12] ; HEX3[3]      ; 10.439 ; 10.439 ; 10.439 ; 10.439 ;
; SRAM_DQ[12] ; HEX3[4]      ; 10.452 ;        ;        ; 10.452 ;
; SRAM_DQ[12] ; HEX3[5]      ; 10.688 ;        ;        ; 10.688 ;
; SRAM_DQ[12] ; HEX3[6]      ; 10.691 ;        ;        ; 10.691 ;
; SRAM_DQ[13] ; HEX3[0]      ; 10.782 ; 10.782 ; 10.782 ; 10.782 ;
; SRAM_DQ[13] ; HEX3[1]      ; 10.663 ; 10.663 ; 10.663 ; 10.663 ;
; SRAM_DQ[13] ; HEX3[2]      ; 10.657 ;        ;        ; 10.657 ;
; SRAM_DQ[13] ; HEX3[3]      ; 10.616 ; 10.616 ; 10.616 ; 10.616 ;
; SRAM_DQ[13] ; HEX3[4]      ; 10.657 ; 10.657 ; 10.657 ; 10.657 ;
; SRAM_DQ[13] ; HEX3[5]      ; 10.863 ;        ;        ; 10.863 ;
; SRAM_DQ[13] ; HEX3[6]      ; 10.880 ; 10.880 ; 10.880 ; 10.880 ;
; SRAM_DQ[14] ; HEX3[0]      ; 10.384 ; 10.384 ; 10.384 ; 10.384 ;
; SRAM_DQ[14] ; HEX3[1]      ; 10.264 ;        ;        ; 10.264 ;
; SRAM_DQ[14] ; HEX3[2]      ; 10.259 ; 10.259 ; 10.259 ; 10.259 ;
; SRAM_DQ[14] ; HEX3[3]      ; 10.218 ; 10.218 ; 10.218 ; 10.218 ;
; SRAM_DQ[14] ; HEX3[4]      ; 10.257 ;        ;        ; 10.257 ;
; SRAM_DQ[14] ; HEX3[5]      ; 10.463 ; 10.463 ; 10.463 ; 10.463 ;
; SRAM_DQ[14] ; HEX3[6]      ; 10.480 ; 10.480 ; 10.480 ; 10.480 ;
; SRAM_DQ[15] ; HEX3[0]      ; 10.746 ; 10.746 ; 10.746 ; 10.746 ;
; SRAM_DQ[15] ; HEX3[1]      ; 10.626 ;        ;        ; 10.626 ;
; SRAM_DQ[15] ; HEX3[2]      ; 10.621 ;        ;        ; 10.621 ;
; SRAM_DQ[15] ; HEX3[3]      ; 10.582 ; 10.582 ; 10.582 ; 10.582 ;
; SRAM_DQ[15] ; HEX3[4]      ; 10.621 ;        ;        ; 10.621 ;
; SRAM_DQ[15] ; HEX3[5]      ; 10.826 ; 10.826 ; 10.826 ; 10.826 ;
; SRAM_DQ[15] ; HEX3[6]      ; 10.838 ; 10.838 ; 10.838 ; 10.838 ;
; SW[0]       ; SRAM_DQ[0]   ; 6.379  ;        ;        ; 6.379  ;
; SW[1]       ; SRAM_DQ[1]   ; 6.496  ;        ;        ; 6.496  ;
; SW[2]       ; SRAM_DQ[2]   ; 6.146  ;        ;        ; 6.146  ;
; SW[3]       ; SRAM_DQ[3]   ; 5.397  ;        ;        ; 5.397  ;
; SW[4]       ; SRAM_DQ[4]   ; 5.198  ;        ;        ; 5.198  ;
; SW[5]       ; SRAM_DQ[5]   ; 5.022  ;        ;        ; 5.022  ;
; SW[6]       ; SRAM_DQ[6]   ; 5.192  ;        ;        ; 5.192  ;
; SW[7]       ; SRAM_DQ[7]   ; 6.106  ;        ;        ; 6.106  ;
; SW[8]       ; SRAM_ADDR[0] ; 6.522  ;        ;        ; 6.522  ;
; SW[9]       ; SRAM_ADDR[1] ; 6.254  ;        ;        ; 6.254  ;
; SW[10]      ; SRAM_ADDR[2] ; 5.707  ;        ;        ; 5.707  ;
; SW[11]      ; SRAM_ADDR[3] ; 5.393  ;        ;        ; 5.393  ;
; SW[12]      ; SRAM_ADDR[4] ; 5.453  ;        ;        ; 5.453  ;
; SW[13]      ; SRAM_ADDR[5] ; 9.180  ;        ;        ; 9.180  ;
; SW[14]      ; SRAM_ADDR[6] ; 9.199  ;        ;        ; 9.199  ;
; SW[15]      ; SRAM_ADDR[7] ; 9.176  ;        ;        ; 9.176  ;
+-------------+--------------+--------+--------+--------+--------+


+------------------------------------------------------------+
; Minimum Progagation Delay                                  ;
+-------------+--------------+-------+-------+-------+-------+
; Input Port  ; Output Port  ; RR    ; RF    ; FR    ; FF    ;
+-------------+--------------+-------+-------+-------+-------+
; KEY[0]      ; SRAM_OE_N    ; 5.993 ;       ;       ; 5.993 ;
; KEY[1]      ; SRAM_DQ[0]   ; 5.813 ; 5.813 ; 5.813 ; 5.813 ;
; KEY[1]      ; SRAM_DQ[1]   ; 5.828 ; 5.828 ; 5.828 ; 5.828 ;
; KEY[1]      ; SRAM_DQ[2]   ; 5.828 ; 5.828 ; 5.828 ; 5.828 ;
; KEY[1]      ; SRAM_DQ[3]   ; 5.808 ; 5.808 ; 5.808 ; 5.808 ;
; KEY[1]      ; SRAM_DQ[4]   ; 5.783 ; 5.783 ; 5.783 ; 5.783 ;
; KEY[1]      ; SRAM_DQ[5]   ; 5.783 ; 5.783 ; 5.783 ; 5.783 ;
; KEY[1]      ; SRAM_DQ[6]   ; 5.783 ; 5.783 ; 5.783 ; 5.783 ;
; KEY[1]      ; SRAM_DQ[7]   ; 5.768 ; 5.768 ; 5.768 ; 5.768 ;
; KEY[1]      ; SRAM_DQ[8]   ; 5.848 ;       ;       ; 5.848 ;
; KEY[1]      ; SRAM_DQ[9]   ; 5.848 ;       ;       ; 5.848 ;
; KEY[1]      ; SRAM_DQ[10]  ; 5.843 ;       ;       ; 5.843 ;
; KEY[1]      ; SRAM_DQ[11]  ; 5.843 ;       ;       ; 5.843 ;
; KEY[1]      ; SRAM_DQ[12]  ; 5.833 ;       ;       ; 5.833 ;
; KEY[1]      ; SRAM_DQ[13]  ; 5.833 ;       ;       ; 5.833 ;
; KEY[1]      ; SRAM_DQ[14]  ; 5.818 ;       ;       ; 5.818 ;
; KEY[1]      ; SRAM_DQ[15]  ; 5.818 ;       ;       ; 5.818 ;
; KEY[1]      ; SRAM_WE_N    ; 5.808 ;       ;       ; 5.808 ;
; SRAM_DQ[0]  ; HEX0[0]      ; 5.686 ; 5.686 ; 5.686 ; 5.686 ;
; SRAM_DQ[0]  ; HEX0[1]      ; 5.653 ; 5.653 ; 5.653 ; 5.653 ;
; SRAM_DQ[0]  ; HEX0[2]      ;       ; 5.664 ; 5.664 ;       ;
; SRAM_DQ[0]  ; HEX0[3]      ; 5.797 ; 5.797 ; 5.797 ; 5.797 ;
; SRAM_DQ[0]  ; HEX0[4]      ; 5.800 ;       ;       ; 5.800 ;
; SRAM_DQ[0]  ; HEX0[5]      ; 5.790 ;       ;       ; 5.790 ;
; SRAM_DQ[0]  ; HEX0[6]      ; 5.789 ;       ;       ; 5.789 ;
; SRAM_DQ[1]  ; HEX0[0]      ; 5.581 ; 5.581 ; 5.581 ; 5.581 ;
; SRAM_DQ[1]  ; HEX0[1]      ; 5.548 ; 5.548 ; 5.548 ; 5.548 ;
; SRAM_DQ[1]  ; HEX0[2]      ; 5.558 ;       ;       ; 5.558 ;
; SRAM_DQ[1]  ; HEX0[3]      ; 5.691 ; 5.691 ; 5.691 ; 5.691 ;
; SRAM_DQ[1]  ; HEX0[4]      ; 5.694 ; 5.694 ; 5.694 ; 5.694 ;
; SRAM_DQ[1]  ; HEX0[5]      ; 5.684 ;       ;       ; 5.684 ;
; SRAM_DQ[1]  ; HEX0[6]      ; 5.683 ; 5.683 ; 5.683 ; 5.683 ;
; SRAM_DQ[2]  ; HEX0[0]      ; 5.850 ; 5.850 ; 5.850 ; 5.850 ;
; SRAM_DQ[2]  ; HEX0[1]      ; 5.816 ;       ;       ; 5.816 ;
; SRAM_DQ[2]  ; HEX0[2]      ; 5.827 ; 5.827 ; 5.827 ; 5.827 ;
; SRAM_DQ[2]  ; HEX0[3]      ; 5.959 ; 5.959 ; 5.959 ; 5.959 ;
; SRAM_DQ[2]  ; HEX0[4]      ; 5.962 ;       ;       ; 5.962 ;
; SRAM_DQ[2]  ; HEX0[5]      ; 5.952 ; 5.952 ; 5.952 ; 5.952 ;
; SRAM_DQ[2]  ; HEX0[6]      ; 5.952 ; 5.952 ; 5.952 ; 5.952 ;
; SRAM_DQ[3]  ; HEX0[0]      ; 5.505 ; 5.505 ; 5.505 ; 5.505 ;
; SRAM_DQ[3]  ; HEX0[1]      ; 5.472 ;       ;       ; 5.472 ;
; SRAM_DQ[3]  ; HEX0[2]      ; 5.483 ;       ;       ; 5.483 ;
; SRAM_DQ[3]  ; HEX0[3]      ; 5.625 ; 5.625 ; 5.625 ; 5.625 ;
; SRAM_DQ[3]  ; HEX0[4]      ; 5.627 ;       ;       ; 5.627 ;
; SRAM_DQ[3]  ; HEX0[5]      ; 5.615 ; 5.615 ; 5.615 ; 5.615 ;
; SRAM_DQ[3]  ; HEX0[6]      ; 5.614 ; 5.614 ; 5.614 ; 5.614 ;
; SRAM_DQ[4]  ; HEX1[0]      ; 5.982 ; 5.982 ; 5.982 ; 5.982 ;
; SRAM_DQ[4]  ; HEX1[1]      ; 6.055 ; 6.055 ; 6.055 ; 6.055 ;
; SRAM_DQ[4]  ; HEX1[2]      ;       ; 5.801 ; 5.801 ;       ;
; SRAM_DQ[4]  ; HEX1[3]      ; 5.776 ; 5.776 ; 5.776 ; 5.776 ;
; SRAM_DQ[4]  ; HEX1[4]      ; 5.810 ;       ;       ; 5.810 ;
; SRAM_DQ[4]  ; HEX1[5]      ; 5.901 ;       ;       ; 5.901 ;
; SRAM_DQ[4]  ; HEX1[6]      ; 5.957 ;       ;       ; 5.957 ;
; SRAM_DQ[5]  ; HEX1[0]      ; 6.103 ; 6.103 ; 6.103 ; 6.103 ;
; SRAM_DQ[5]  ; HEX1[1]      ; 6.176 ; 6.176 ; 6.176 ; 6.176 ;
; SRAM_DQ[5]  ; HEX1[2]      ; 5.922 ;       ;       ; 5.922 ;
; SRAM_DQ[5]  ; HEX1[3]      ; 5.897 ; 5.897 ; 5.897 ; 5.897 ;
; SRAM_DQ[5]  ; HEX1[4]      ; 5.943 ; 5.943 ; 5.943 ; 5.943 ;
; SRAM_DQ[5]  ; HEX1[5]      ; 6.033 ;       ;       ; 6.033 ;
; SRAM_DQ[5]  ; HEX1[6]      ; 6.078 ; 6.078 ; 6.078 ; 6.078 ;
; SRAM_DQ[6]  ; HEX1[0]      ; 6.079 ; 6.079 ; 6.079 ; 6.079 ;
; SRAM_DQ[6]  ; HEX1[1]      ; 6.153 ;       ;       ; 6.153 ;
; SRAM_DQ[6]  ; HEX1[2]      ; 5.898 ; 5.898 ; 5.898 ; 5.898 ;
; SRAM_DQ[6]  ; HEX1[3]      ; 5.873 ; 5.873 ; 5.873 ; 5.873 ;
; SRAM_DQ[6]  ; HEX1[4]      ; 5.907 ;       ;       ; 5.907 ;
; SRAM_DQ[6]  ; HEX1[5]      ; 6.000 ; 6.000 ; 6.000 ; 6.000 ;
; SRAM_DQ[6]  ; HEX1[6]      ; 6.052 ; 6.052 ; 6.052 ; 6.052 ;
; SRAM_DQ[7]  ; HEX1[0]      ; 5.803 ; 5.803 ; 5.803 ; 5.803 ;
; SRAM_DQ[7]  ; HEX1[1]      ; 5.877 ;       ;       ; 5.877 ;
; SRAM_DQ[7]  ; HEX1[2]      ; 5.623 ;       ;       ; 5.623 ;
; SRAM_DQ[7]  ; HEX1[3]      ; 5.597 ; 5.597 ; 5.597 ; 5.597 ;
; SRAM_DQ[7]  ; HEX1[4]      ; 5.643 ;       ;       ; 5.643 ;
; SRAM_DQ[7]  ; HEX1[5]      ; 5.733 ; 5.733 ; 5.733 ; 5.733 ;
; SRAM_DQ[7]  ; HEX1[6]      ; 5.779 ; 5.779 ; 5.779 ; 5.779 ;
; SRAM_DQ[8]  ; HEX2[0]      ; 5.888 ; 5.888 ; 5.888 ; 5.888 ;
; SRAM_DQ[8]  ; HEX2[1]      ; 5.809 ; 5.809 ; 5.809 ; 5.809 ;
; SRAM_DQ[8]  ; HEX2[2]      ;       ; 5.850 ; 5.850 ;       ;
; SRAM_DQ[8]  ; HEX2[3]      ; 5.832 ; 5.832 ; 5.832 ; 5.832 ;
; SRAM_DQ[8]  ; HEX2[4]      ; 5.904 ;       ;       ; 5.904 ;
; SRAM_DQ[8]  ; HEX2[5]      ; 5.958 ;       ;       ; 5.958 ;
; SRAM_DQ[8]  ; HEX2[6]      ; 5.953 ;       ;       ; 5.953 ;
; SRAM_DQ[9]  ; HEX2[0]      ; 5.827 ; 5.827 ; 5.827 ; 5.827 ;
; SRAM_DQ[9]  ; HEX2[1]      ; 5.749 ; 5.749 ; 5.749 ; 5.749 ;
; SRAM_DQ[9]  ; HEX2[2]      ; 5.793 ;       ;       ; 5.793 ;
; SRAM_DQ[9]  ; HEX2[3]      ; 5.780 ; 5.780 ; 5.780 ; 5.780 ;
; SRAM_DQ[9]  ; HEX2[4]      ; 5.861 ; 5.861 ; 5.861 ; 5.861 ;
; SRAM_DQ[9]  ; HEX2[5]      ; 5.912 ;       ;       ; 5.912 ;
; SRAM_DQ[9]  ; HEX2[6]      ; 5.894 ; 5.894 ; 5.894 ; 5.894 ;
; SRAM_DQ[10] ; HEX2[0]      ; 5.802 ; 5.802 ; 5.802 ; 5.802 ;
; SRAM_DQ[10] ; HEX2[1]      ; 5.722 ;       ;       ; 5.722 ;
; SRAM_DQ[10] ; HEX2[2]      ; 5.763 ; 5.763 ; 5.763 ; 5.763 ;
; SRAM_DQ[10] ; HEX2[3]      ; 5.748 ; 5.748 ; 5.748 ; 5.748 ;
; SRAM_DQ[10] ; HEX2[4]      ; 5.828 ;       ;       ; 5.828 ;
; SRAM_DQ[10] ; HEX2[5]      ; 5.879 ; 5.879 ; 5.879 ; 5.879 ;
; SRAM_DQ[10] ; HEX2[6]      ; 5.867 ; 5.867 ; 5.867 ; 5.867 ;
; SRAM_DQ[11] ; HEX2[0]      ; 5.964 ; 5.964 ; 5.964 ; 5.964 ;
; SRAM_DQ[11] ; HEX2[1]      ; 5.885 ;       ;       ; 5.885 ;
; SRAM_DQ[11] ; HEX2[2]      ; 5.930 ;       ;       ; 5.930 ;
; SRAM_DQ[11] ; HEX2[3]      ; 5.907 ; 5.907 ; 5.907 ; 5.907 ;
; SRAM_DQ[11] ; HEX2[4]      ; 5.989 ;       ;       ; 5.989 ;
; SRAM_DQ[11] ; HEX2[5]      ; 6.040 ; 6.040 ; 6.040 ; 6.040 ;
; SRAM_DQ[11] ; HEX2[6]      ; 6.030 ; 6.030 ; 6.030 ; 6.030 ;
; SRAM_DQ[12] ; HEX3[0]      ; 5.860 ; 5.860 ; 5.860 ; 5.860 ;
; SRAM_DQ[12] ; HEX3[1]      ; 5.830 ; 5.830 ; 5.830 ; 5.830 ;
; SRAM_DQ[12] ; HEX3[2]      ;       ; 5.839 ; 5.839 ;       ;
; SRAM_DQ[12] ; HEX3[3]      ; 5.812 ; 5.812 ; 5.812 ; 5.812 ;
; SRAM_DQ[12] ; HEX3[4]      ; 5.840 ;       ;       ; 5.840 ;
; SRAM_DQ[12] ; HEX3[5]      ; 5.910 ;       ;       ; 5.910 ;
; SRAM_DQ[12] ; HEX3[6]      ; 5.912 ;       ;       ; 5.912 ;
; SRAM_DQ[13] ; HEX3[0]      ; 5.940 ; 5.940 ; 5.940 ; 5.940 ;
; SRAM_DQ[13] ; HEX3[1]      ; 5.909 ; 5.909 ; 5.909 ; 5.909 ;
; SRAM_DQ[13] ; HEX3[2]      ; 5.902 ;       ;       ; 5.902 ;
; SRAM_DQ[13] ; HEX3[3]      ; 5.880 ; 5.880 ; 5.880 ; 5.880 ;
; SRAM_DQ[13] ; HEX3[4]      ; 5.904 ; 5.904 ; 5.904 ; 5.904 ;
; SRAM_DQ[13] ; HEX3[5]      ; 5.974 ;       ;       ; 5.974 ;
; SRAM_DQ[13] ; HEX3[6]      ; 5.989 ; 5.989 ; 5.989 ; 5.989 ;
; SRAM_DQ[14] ; HEX3[0]      ; 5.771 ; 5.771 ; 5.771 ; 5.771 ;
; SRAM_DQ[14] ; HEX3[1]      ; 5.740 ;       ;       ; 5.740 ;
; SRAM_DQ[14] ; HEX3[2]      ; 5.734 ; 5.734 ; 5.734 ; 5.734 ;
; SRAM_DQ[14] ; HEX3[3]      ; 5.712 ; 5.712 ; 5.712 ; 5.712 ;
; SRAM_DQ[14] ; HEX3[4]      ; 5.736 ;       ;       ; 5.736 ;
; SRAM_DQ[14] ; HEX3[5]      ; 5.806 ; 5.806 ; 5.806 ; 5.806 ;
; SRAM_DQ[14] ; HEX3[6]      ; 5.820 ; 5.820 ; 5.820 ; 5.820 ;
; SRAM_DQ[15] ; HEX3[0]      ; 5.925 ; 5.925 ; 5.925 ; 5.925 ;
; SRAM_DQ[15] ; HEX3[1]      ; 5.894 ;       ;       ; 5.894 ;
; SRAM_DQ[15] ; HEX3[2]      ; 5.897 ;       ;       ; 5.897 ;
; SRAM_DQ[15] ; HEX3[3]      ; 5.867 ; 5.867 ; 5.867 ; 5.867 ;
; SRAM_DQ[15] ; HEX3[4]      ; 5.890 ;       ;       ; 5.890 ;
; SRAM_DQ[15] ; HEX3[5]      ; 5.963 ; 5.963 ; 5.963 ; 5.963 ;
; SRAM_DQ[15] ; HEX3[6]      ; 5.973 ; 5.973 ; 5.973 ; 5.973 ;
; SW[0]       ; SRAM_DQ[0]   ; 3.451 ;       ;       ; 3.451 ;
; SW[1]       ; SRAM_DQ[1]   ; 3.542 ;       ;       ; 3.542 ;
; SW[2]       ; SRAM_DQ[2]   ; 3.350 ;       ;       ; 3.350 ;
; SW[3]       ; SRAM_DQ[3]   ; 2.909 ;       ;       ; 2.909 ;
; SW[4]       ; SRAM_DQ[4]   ; 2.824 ;       ;       ; 2.824 ;
; SW[5]       ; SRAM_DQ[5]   ; 2.704 ;       ;       ; 2.704 ;
; SW[6]       ; SRAM_DQ[6]   ; 2.804 ;       ;       ; 2.804 ;
; SW[7]       ; SRAM_DQ[7]   ; 3.300 ;       ;       ; 3.300 ;
; SW[8]       ; SRAM_ADDR[0] ; 3.559 ;       ;       ; 3.559 ;
; SW[9]       ; SRAM_ADDR[1] ; 3.431 ;       ;       ; 3.431 ;
; SW[10]      ; SRAM_ADDR[2] ; 3.111 ;       ;       ; 3.111 ;
; SW[11]      ; SRAM_ADDR[3] ; 2.912 ;       ;       ; 2.912 ;
; SW[12]      ; SRAM_ADDR[4] ; 2.949 ;       ;       ; 2.949 ;
; SW[13]      ; SRAM_ADDR[5] ; 5.236 ;       ;       ; 5.236 ;
; SW[14]      ; SRAM_ADDR[6] ; 5.257 ;       ;       ; 5.257 ;
; SW[15]      ; SRAM_ADDR[7] ; 5.236 ;       ;       ; 5.236 ;
+-------------+--------------+-------+-------+-------+-------+


-------------------
; Clock Transfers ;
-------------------
Nothing to report.


---------------
; Report TCCS ;
---------------
No dedicated SERDES Transmitter circuitry present in device or used in design


---------------
; Report RSKM ;
---------------
No dedicated SERDES Receiver circuitry present in device or used in design


+------------------------------------------------+
; Unconstrained Paths                            ;
+---------------------------------+-------+------+
; Property                        ; Setup ; Hold ;
+---------------------------------+-------+------+
; Illegal Clocks                  ; 0     ; 0    ;
; Unconstrained Clocks            ; 0     ; 0    ;
; Unconstrained Input Ports       ; 34    ; 34   ;
; Unconstrained Input Port Paths  ; 146   ; 146  ;
; Unconstrained Output Ports      ; 54    ; 54   ;
; Unconstrained Output Port Paths ; 146   ; 146  ;
+---------------------------------+-------+------+


+------------------------------------+
; TimeQuest Timing Analyzer Messages ;
+------------------------------------+
Info: *******************************************************************
Info: Running Quartus II 64-Bit TimeQuest Timing Analyzer
    Info: Version 13.0.1 Build 232 06/12/2013 Service Pack 1 SJ Web Edition
    Info: Processing started: Fri May 08 11:12:27 2026
Info: Command: quartus_sta lab4 -c lab4
Info: qsta_default_script.tcl version: #1
Info (11104): Parallel Compilation has detected 8 hyper-threaded processors. However, the extra hyper-threaded processors will not be used by default. Parallel Compilation will use 4 of the 4 physical processors detected instead.
Info (21077): Low junction temperature is 0 degrees C
Info (21077): High junction temperature is 85 degrees C
Critical Warning (332012): Synopsys Design Constraints File file not found: 'lab4.sdc'. A Synopsys Design Constraints File is required by the TimeQuest Timing Analyzer to get proper timing constraints. Without it, the Compiler will not properly optimize the design.
Info (332142): No user constrained base clocks found in the design. Calling "derive_clocks -period 1.0"
Info (332096): The command derive_clocks did not find any clocks to derive.  No clocks were created or changed.
Warning (332068): No clocks defined in design.
Info: Found TIMEQUEST_REPORT_SCRIPT_INCLUDE_DEFAULT_ANALYSIS = ON
Info (332159): No clocks to report
Info: Analyzing Slow Model
Info (332140): No fmax paths to report
Info (332140): No Setup paths to report
Info (332140): No Hold paths to report
Info (332140): No Recovery paths to report
Info (332140): No Removal paths to report
Info (332140): No Minimum Pulse Width paths to report
Info (332001): The selected device family is not supported by the report_metastability command.
Info: Analyzing Fast Model
Info (332142): No user constrained base clocks found in the design. Calling "derive_clocks -period 1.0"
Info (332096): The command derive_clocks did not find any clocks to derive.  No clocks were created or changed.
Warning (332068): No clocks defined in design.
Info (332140): No Setup paths to report
Info (332140): No Hold paths to report
Info (332140): No Recovery paths to report
Info (332140): No Removal paths to report
Info (332140): No Minimum Pulse Width paths to report
Info (332001): The selected device family is not supported by the report_metastability command.
Info (332102): Design is not fully constrained for setup requirements
Info (332102): Design is not fully constrained for hold requirements
Info: Quartus II 64-Bit TimeQuest Timing Analyzer was successful. 0 errors, 3 warnings
    Info: Peak virtual memory: 4600 megabytes
    Info: Processing ended: Fri May 08 11:12:28 2026
    Info: Elapsed time: 00:00:01
    Info: Total CPU time (on all processors): 00:00:01


